 tbb

 Timestamp is 5e38d0e7 (Tue Feb  4 10:03:19 2020)

 Preferred load address is 0000000180000000

 Start         Length     Name                   Class
 0001:00000000 000000e0H .text$di                CODE
 0001:000000e0 000200e0H .text$mn                CODE
 0001:000201c0 00000020H .text$mn$00             CODE
 0001:000201e0 00000b50H .text$x                 CODE
 0001:00020d30 0000000cH .text$yd                CODE
 0002:00000000 00000378H .idata$5                DATA
 0002:00000378 00000010H .00cfg                  DATA
 0002:00000388 00000008H .CRT$XCA                DATA
 0002:00000390 00000010H .CRT$XCU                DATA
 0002:000003a0 00000008H .CRT$XCZ                DATA
 0002:000003a8 00000008H .CRT$XIA                DATA
 0002:000003b0 00000008H .CRT$XIC                DATA
 0002:000003b8 00000008H .CRT$XIZ                DATA
 0002:000003c0 00000008H .CRT$XLA                DATA
 0002:000003c8 00000008H .CRT$XLZ                DATA
 0002:000003d0 00000008H .CRT$XPA                DATA
 0002:000003d8 00000008H .CRT$XPZ                DATA
 0002:000003e0 00000008H .CRT$XTA                DATA
 0002:000003e8 00000008H .CRT$XTZ                DATA
 0002:000003f0 00000000H .gfids$y                DATA
 0002:000003f0 00003ef0H .rdata                  DATA
 0002:000042e0 00000030H .rdata$T                DATA
 0002:00004310 00001d04H .rdata$r                DATA
 0002:00006014 00000394H .rdata$zzzdbg           DATA
 0002:000063a8 00000008H .rtc$IAA                DATA
 0002:000063b0 00000008H .rtc$IZZ                DATA
 0002:000063b8 00000008H .rtc$TAA                DATA
 0002:000063c0 00000008H .rtc$TZZ                DATA
 0002:000063c8 00000004H .tls                    DATA
 0002:000063cc 00000004H .tls$                   DATA
 0002:000063d0 00000010H .tls$ZZZ                DATA
 0002:000063e0 00003460H .xdata                  DATA
 0002:00009840 00000590H .xdata$x                DATA
 0002:00009dd0 00004264H .edata                  DATA
 0002:0000e034 000000a0H .idata$2                DATA
 0002:0000e0d4 00000014H .idata$3                DATA
 0002:0000e0e8 00000378H .idata$4                DATA
 0002:0000e460 000008d8H .idata$6                DATA
 0003:00000000 00002710H .data                   DATA
 0003:00002710 00000bf0H .data$r                 DATA
 0003:00003300 00001e30H .bss                    DATA
 0004:00000000 00002aa8H .pdata                  DATA
 0005:00000000 000000a0H .rsrc$01                DATA
 0005:000000a0 00000560H .rsrc$02                DATA

  Address         Publics by Value              Rva+Base               Lib:Object

 0000:00000000       __guard_longjmp_table      0000000000000000     <absolute>
 0000:00000000       __guard_iat_count          0000000000000000     <absolute>
 0000:00000000       __hybrid_code_map_count    0000000000000000     <absolute>
 0000:00000000       __guard_iat_table          0000000000000000     <absolute>
 0000:00000000       __volatile_metadata        0000000000000000     <absolute>
 0000:00000000       __guard_longjmp_count      0000000000000000     <absolute>
 0000:00000000       __guard_fids_count         0000000000000000     <absolute>
 0000:00000000       __dynamic_value_reloc_table 0000000000000000     <absolute>
 0000:00000000       __hybrid_code_map          0000000000000000     <absolute>
 0000:00000000       __enclave_config           0000000000000000     <absolute>
 0000:00000000       __guard_fids_table         0000000000000000     <absolute>
 0000:00000000       __hybrid_auxiliary_iat     0000000000000000     <absolute>
 0000:00000100       __guard_flags              0000000000000100     <absolute>
 0000:00000000       __ImageBase                0000000180000000     <linker-defined>
 0001:000000e0       ?internal_grow_predicate@hash_map_segment_base@internal@tbb@@QEBA_NXZ 00000001800010e0 f   concurrent_hash_map.obj
 0001:00000110       ?apply_active@stack_size_control@internal@tbb@@EEBAXXZ 0000000180001110 f i tbb_main.obj
 0001:00000110       ?internal_destroy@reader_writer_lock@interface5@tbb@@AEAAXXZ 0000000180001110 f i reader_writer_lock.obj
 0001:00000110       ?on_scheduler_exit@task_scheduler_observer_v3@internal@tbb@@UEAAX_N@Z 0000000180001110 f i arena.obj
 0001:00000110       ?note_affinity@task@tbb@@UEAAXG@Z 0000000180001110 f i task.obj
 0001:00000110       ?__empty_global_delete@@YAXPEAX_K@Z 0000000180001110 f i concurrent_hash_map.obj
 0001:00000110       ?finalize@filter@tbb@@UEAAXPEAX@Z 0000000180001110 f i pipeline.obj
 0001:00000110       ?independent_thread_number_changed@private_server@rml@internal@tbb@@UEAAXH@Z 0000000180001110 f i private_server.obj
 0001:00000110       ?register_master@private_server@rml@internal@tbb@@UEAAXAEAPEAX@Z 0000000180001110 f i private_server.obj
 0001:00000110       ?destroy_condvar_noop@internal@tbb@@YAXPEAU_RTL_CONDITION_VARIABLE@@@Z 0000000180001110 f i condition_variable.obj
 0001:00000110       ?inject_token@pipeline@tbb@@AEAAXAEAVtask@2@@Z 0000000180001110 f i pipeline.obj
 0001:00000110       _guard_check_icall_nop     0000000180001110 f i MSVCRT:guard_support.obj
 0001:00000110       ?on_scheduler_entry@task_scheduler_observer_v3@internal@tbb@@UEAAX_N@Z 0000000180001110 f i arena.obj
 0001:00000110       ?unregister_master@private_server@rml@internal@tbb@@UEAAXPEAX@Z 0000000180001110 f i private_server.obj
 0001:00000110       ?__global_delete@@YAXPEAX_K@Z 0000000180001110 f i * CIL library *:* CIL module *
 0001:00000120       ??0scoped_lock@spin_mutex@tbb@@QEAA@AEAV12@@Z 0000000180001120 f i concurrent_queue.obj
 0001:000001a0       ??1scoped_lock@spin_mutex@tbb@@QEAA@XZ 00000001800011a0 f i concurrent_queue.obj
 0001:000001b0       ??1binary_semaphore@internal@tbb@@QEAA@XZ 00000001800011b0 f i concurrent_queue.obj
 0001:000001c0       ??1thread_context@concurrent_monitor@internal@tbb@@QEAA@XZ 00000001800011c0 f i concurrent_queue.obj
 0001:00000200       ??1micro_queue_pop_finalizer@internal@tbb@@QEAA@XZ 0000000180001200 f i concurrent_queue.obj
 0001:000002d0       ?choose@concurrent_queue_rep@internal@tbb@@QEAAAEAUmicro_queue@23@_K@Z 00000001800012d0 f i concurrent_queue.obj
 0001:000002f0       ?push@micro_queue@internal@tbb@@QEAAXPEBX_KAEAVconcurrent_queue_base_v3@23@W4copy_specifics@423@@Z 00000001800012f0 f   concurrent_queue.obj
 0001:000004b0       ?abort_push@micro_queue@internal@tbb@@QEAAX_KAEAVconcurrent_queue_base_v3@23@@Z 00000001800014b0 f   concurrent_queue.obj
 0001:000004d0       ?pop@micro_queue@internal@tbb@@QEAA_NPEAX_KAEAVconcurrent_queue_base_v3@23@@Z 00000001800014d0 f   concurrent_queue.obj
 0001:000006c0       ?assign@micro_queue@internal@tbb@@QEAAAEAU123@AEBU123@AEAVconcurrent_queue_base_v3@23@W4copy_specifics@423@@Z 00000001800016c0 f   concurrent_queue.obj
 0001:00000930       ?make_invalid@micro_queue@internal@tbb@@QEAAX_K@Z 0000000180001930 f   concurrent_queue.obj
 0001:000009f0       ??0concurrent_queue_base_v3@internal@tbb@@IEAA@_K@Z 00000001800019f0 f   concurrent_queue.obj
 0001:00000b20       ??_Gconcurrent_queue_base_v3@internal@tbb@@MEAAPEAXI@Z 0000000180001b20 f i concurrent_queue.obj
 0001:00000b20       ??_Econcurrent_queue_base_v3@internal@tbb@@MEAAPEAXI@Z 0000000180001b20 f i * CIL library *:* CIL module *
 0001:00000b70       ??1concurrent_queue_base_v3@internal@tbb@@MEAA@XZ 0000000180001b70 f   concurrent_queue.obj
 0001:00000ba0       ?internal_push@concurrent_queue_base_v3@internal@tbb@@IEAAXPEBX@Z 0000000180001ba0 f   concurrent_queue.obj
 0001:00000bb0       ?internal_push_move@concurrent_queue_base_v8@internal@tbb@@IEAAXPEBX@Z 0000000180001bb0 f   concurrent_queue.obj
 0001:00000bc0       ?internal_insert_item@concurrent_queue_base_v3@internal@tbb@@IEAAXPEBXW4copy_specifics@123@@Z 0000000180001bc0 f   concurrent_queue.obj
 0001:00000ff0       ?internal_pop@concurrent_queue_base_v3@internal@tbb@@IEAAXPEAX@Z 0000000180001ff0 f   concurrent_queue.obj
 0001:000014f0       ?internal_abort@concurrent_queue_base_v3@internal@tbb@@IEAAXXZ 00000001800024f0 f   concurrent_queue.obj
 0001:00001740       ?internal_pop_if_present@concurrent_queue_base_v3@internal@tbb@@IEAA_NPEAX@Z 0000000180002740 f   concurrent_queue.obj
 0001:00001910       ?internal_push_if_not_full@concurrent_queue_base_v3@internal@tbb@@IEAA_NPEBX@Z 0000000180002910 f   concurrent_queue.obj
 0001:00001920       ?internal_push_move_if_not_full@concurrent_queue_base_v8@internal@tbb@@IEAA_NPEBX@Z 0000000180002920 f   concurrent_queue.obj
 0001:00001930       ?internal_insert_if_not_full@concurrent_queue_base_v3@internal@tbb@@IEAA_NPEBXW4copy_specifics@123@@Z 0000000180002930 f   concurrent_queue.obj
 0001:00001b00       ?internal_size@concurrent_queue_base_v3@internal@tbb@@IEBA_JXZ 0000000180002b00 f   concurrent_queue.obj
 0001:00001b30       ?internal_empty@concurrent_queue_base_v3@internal@tbb@@IEBA_NXZ 0000000180002b30 f   concurrent_queue.obj
 0001:00001b70       ?internal_set_capacity@concurrent_queue_base_v3@internal@tbb@@IEAAX_J_K@Z 0000000180002b70 f   concurrent_queue.obj
 0001:00001b70       ?internal_set_capacity@concurrent_queue_base@internal@tbb@@IEAAX_J_K@Z 0000000180002b70 f   concurrent_queue_v2.obj
 0001:00001b90       ?internal_finish_clear@concurrent_queue_base_v3@internal@tbb@@IEAAXXZ 0000000180002b90 f   concurrent_queue.obj
 0001:00001c00       ?internal_throw_exception@concurrent_queue_base_v3@internal@tbb@@IEBAXXZ 0000000180002c00 f   concurrent_queue.obj
 0001:00001c10       ?internal_assign@concurrent_queue_base_v3@internal@tbb@@IEAAXAEBV123@W4copy_specifics@123@@Z 0000000180002c10 f   concurrent_queue.obj
 0001:00001ce0       ?assign@concurrent_queue_base_v3@internal@tbb@@IEAAXAEBV123@@Z 0000000180002ce0 f   concurrent_queue.obj
 0001:00001cf0       ?move_content@concurrent_queue_base_v8@internal@tbb@@IEAAXAEAV123@@Z 0000000180002cf0 f   concurrent_queue.obj
 0001:00001d00       ?initialize@concurrent_queue_iterator_base_v3@internal@tbb@@AEAAXAEBVconcurrent_queue_base_v3@23@_K@Z 0000000180002d00 f   concurrent_queue.obj
 0001:00001e00       ??0concurrent_queue_iterator_base_v3@internal@tbb@@IEAA@AEBVconcurrent_queue_base_v3@12@@Z 0000000180002e00 f   concurrent_queue.obj
 0001:00001e20       ??0concurrent_queue_iterator_base_v3@internal@tbb@@IEAA@AEBVconcurrent_queue_base_v3@12@_K@Z 0000000180002e20 f   concurrent_queue.obj
 0001:00001e40       ?assign@concurrent_queue_iterator_base_v3@internal@tbb@@IEAAXAEBV123@@Z 0000000180002e40 f   concurrent_queue.obj
 0001:00001f10       ?advance@concurrent_queue_iterator_base_v3@internal@tbb@@IEAAXXZ 0000000180002f10 f   concurrent_queue.obj
 0001:00001fc0       ??1concurrent_queue_iterator_base_v3@internal@tbb@@IEAA@XZ 0000000180002fc0 f   concurrent_queue.obj
 0001:00001ff0       ??F?$atomic_impl_with_arithmetic@_K_KD@internal@tbb@@QEAA_KH@Z 0000000180002ff0 f i concurrent_queue.obj
 0001:00002000       ??E?$atomic_impl_with_arithmetic@_K_KD@internal@tbb@@QEAA_KXZ 0000000180003000 f i concurrent_queue.obj
 0001:00002010       ??Y?$atomic_impl_with_arithmetic@_K_KD@internal@tbb@@QEAA_K_K@Z 0000000180003010 f i concurrent_queue.obj
 0001:00002020       ?segment_base@concurrent_vector_base_v3@internal@tbb@@KA_K_K@Z 0000000180003020 f i concurrent_vector.obj
 0001:00002030       ??0helper@concurrent_vector_base_v3@internal@tbb@@QEAA@PEAVsegment_t@123@_K1111@Z 0000000180003030 f i concurrent_vector.obj
 0001:00002070       ??1helper@concurrent_vector_base_v3@internal@tbb@@QEAA@XZ 0000000180003070 f i concurrent_vector.obj
 0001:000020a0       ??0destroy_body@helper@concurrent_vector_base_v3@internal@tbb@@QEAA@P6AXPEAX_K@Z@Z 00000001800030a0 f i concurrent_vector.obj
 0001:000020b0       ?extend_segment_table@helper@concurrent_vector_base_v3@internal@tbb@@SAXAEAV234@_K@Z 00000001800030b0 f   concurrent_vector.obj
 0001:00002260       ?enable_segment@helper@concurrent_vector_base_v3@internal@tbb@@SA_KAEAV234@_K1_N@Z 0000000180003260 f   concurrent_vector.obj
 0001:00002450       ?cleanup@helper@concurrent_vector_base_v3@internal@tbb@@QEAAXXZ 0000000180003450 f   concurrent_vector.obj
 0001:00002700       ??1concurrent_vector_base_v3@internal@tbb@@IEAA@XZ 0000000180003700 f   concurrent_vector.obj
 0001:00002730       ?internal_capacity@concurrent_vector_base_v3@internal@tbb@@IEBA_KXZ 0000000180003730 f   concurrent_vector.obj
 0001:00002770       ?internal_throw_exception@concurrent_vector_base_v3@internal@tbb@@IEBAX_K@Z 0000000180003770 f   concurrent_vector.obj
 0001:000027c0       ?internal_reserve@concurrent_vector_base_v3@internal@tbb@@IEAAX_K00@Z 00000001800037c0 f   concurrent_vector.obj
 0001:000028c0       ?internal_copy@concurrent_vector_base_v3@internal@tbb@@IEAAXAEBV123@_KP6AXPEAXPEBX1@Z@Z 00000001800038c0 f   concurrent_vector.obj
 0001:000029f0       ?internal_assign@concurrent_vector_base_v3@internal@tbb@@IEAAXAEBV123@_KP6AXPEAX1@ZP6AX2PEBX1@Z5@Z 00000001800039f0 f   concurrent_vector.obj
 0001:00002c10       ?internal_push_back@concurrent_vector_base_v3@internal@tbb@@IEAAPEAX_KAEA_K@Z 0000000180003c10 f   concurrent_vector.obj
 0001:00002d00       ?internal_grow_to_at_least@concurrent_vector_base_v3@internal@tbb@@IEAAX_K0P6AXPEAXPEBX0@Z2@Z 0000000180003d00 f   concurrent_vector.obj
 0001:00002d10       ?internal_grow_to_at_least_with_result@concurrent_vector_base_v3@internal@tbb@@IEAA_K_K0P6AXPEAXPEBX0@Z2@Z 0000000180003d10 f   concurrent_vector.obj
 0001:00002e90       ?internal_grow_by@concurrent_vector_base_v3@internal@tbb@@IEAA_K_K0P6AXPEAXPEBX0@Z2@Z 0000000180003e90 f   concurrent_vector.obj
 0001:00002ed0       ?internal_grow@concurrent_vector_base_v3@internal@tbb@@IEAAX_K00P6AXPEAXPEBX0@Z2@Z 0000000180003ed0 f   concurrent_vector.obj
 0001:00003190       ?internal_resize@concurrent_vector_base_v3@internal@tbb@@IEAAX_K00PEBXP6AXPEAX0@ZP6AX210@Z@Z 0000000180004190 f   concurrent_vector.obj
 0001:00003380       ?internal_clear@concurrent_vector_base_v3@internal@tbb@@IEAA_KP6AXPEAX_K@Z@Z 0000000180004380 f   concurrent_vector.obj
 0001:00003430       ?internal_compact@concurrent_vector_base_v3@internal@tbb@@IEAAPEAX_KPEAXP6AX10@ZP6AX1PEBX0@Z@Z 0000000180004430 f   concurrent_vector.obj
 0001:000037d0       ?internal_swap@concurrent_vector_base_v3@internal@tbb@@IEAAXAEAV123@@Z 00000001800047d0 f   concurrent_vector.obj
 0001:000038d0       ??$spin_wait_while_eq@PEAVscoped_lock@queuing_rw_mutex@tbb@@PEAX@internal@tbb@@YAXAEDSEAVscoped_lock@queuing_rw_mutex@1@PEAX@Z 00000001800048d0 f i queuing_rw_mutex.obj
 0001:000038d0       ??$spin_wait_while@Usegment_not_used_predicate@helper@concurrent_vector_base_v3@internal@tbb@@@internal@tbb@@YAXUsegment_not_used_predicate@helper@concurrent_vector_base_v3@01@@Z 00000001800048d0 f i concurrent_vector.obj
 0001:000038d0       ??$spin_wait_while_eq@PEAXPEAX@internal@tbb@@YAXAEDSEAXPEAX@Z 00000001800048d0 f i concurrent_vector_v2.obj
 0001:000038d0       ??$spin_wait_while_eq@PEAVscoped_lock@reader_writer_lock@interface5@tbb@@PEAV1234@@internal@tbb@@YAXAEDSEAVscoped_lock@reader_writer_lock@interface5@1@PEAV2341@@Z 00000001800048d0 f i reader_writer_lock.obj
 0001:00003930       ??$apply@Usafe_init_body@helper@concurrent_vector_base_v3@internal@tbb@@@helper@concurrent_vector_base_v3@internal@tbb@@QEAA_KAEBUsafe_init_body@0123@@Z 0000000180004930 f i concurrent_vector.obj
 0001:00003a90       ??$apply@Udestroy_body@helper@concurrent_vector_base_v3@internal@tbb@@@helper@concurrent_vector_base_v3@internal@tbb@@QEAA_KAEBUdestroy_body@0123@@Z 0000000180004a90 f i concurrent_vector.obj
 0001:00003cf0       ?dynamic_link@internal@tbb@@YA_NPEBDQEBUdynamic_link_descriptor@12@_KPEAPEAUHINSTANCE__@@H@Z 0000000180004cf0 f   dynamic_link.obj
 0001:00008fa0       __itt_fini_ittlib          0000000180009fa0 f   itt_notify.obj
 0001:000090d0       __itt_init_ittlib          000000018000a0d0 f   itt_notify.obj
 0001:00009430       ?initialize_handler_pointers@internal@tbb@@YAXXZ 000000018000a430 f   cache_aligned_allocator.obj
 0001:00009760       ?NFS_GetLineSize@internal@tbb@@YA_KXZ 000000018000a760 f   cache_aligned_allocator.obj
 0001:00009770       ?NFS_Allocate@internal@tbb@@YAPEAX_K0PEAX@Z 000000018000a770 f   cache_aligned_allocator.obj
 0001:000097d0       ?NFS_Free@internal@tbb@@YAXPEAX@Z 000000018000a7d0 f   cache_aligned_allocator.obj
 0001:00009840       ?allocate_closure_v3@internal@tbb@@YAPEAX_K@Z 000000018000a840 f   tbb_thread.obj
 0001:00009840       ?allocate_via_handler_v3@internal@tbb@@YAPEAX_K@Z 000000018000a840 f   cache_aligned_allocator.obj
 0001:00009870       ?free_closure_v3@internal@tbb@@YAXPEAX@Z 000000018000a870 f   tbb_thread.obj
 0001:00009870       ?deallocate_via_handler_v3@internal@tbb@@YAXPEAX@Z 000000018000a870 f   cache_aligned_allocator.obj
 0001:00009880       ?is_malloc_used_v3@internal@tbb@@YA_NXZ 000000018000a880 f   cache_aligned_allocator.obj
 0001:000098c0       ??0task_group_context@tbb@@QEAA@W4kind_type@01@_K@Z 000000018000a8c0 f i pipeline.obj
 0001:00009a40       ??_Etask@tbb@@UEAAPEAXI@Z  000000018000aa40 f i * CIL library *:* CIL module *
 0001:00009a40       ??_Gempty_task@tbb@@UEAAPEAXI@Z 000000018000aa40 f i arena.obj
 0001:00009a40       ??_Gtask@tbb@@UEAAPEAXI@Z  000000018000aa40 f i pipeline.obj
 0001:00009a40       ??_Eempty_task@tbb@@UEAAPEAXI@Z 000000018000aa40 f i * CIL library *:* CIL module *
 0001:00009a70       ??_Gfilter@tbb@@UEAAPEAXI@Z 000000018000aa70 f i pipeline.obj
 0001:00009a70       ??_Efilter@tbb@@UEAAPEAXI@Z 000000018000aa70 f i * CIL library *:* CIL module *
 0001:00009b30       ??0input_buffer@internal@tbb@@QEAA@_N0@Z 000000018000ab30 f i pipeline.obj
 0001:00009bb0       ?put_token@input_buffer@internal@tbb@@QEAA_NAEAUtask_info@23@_N@Z 000000018000abb0 f i pipeline.obj
 0001:00009d10       ?return_item@input_buffer@internal@tbb@@QEAA_NAEAUtask_info@23@_N@Z 000000018000ad10 f i pipeline.obj
 0001:00009df0       ?grow@input_buffer@internal@tbb@@AEAAXK@Z 000000018000adf0 f   pipeline.obj
 0001:00009f00       ??_Estage_task@internal@tbb@@UEAAPEAXI@Z 000000018000af00 f i * CIL library *:* CIL module *
 0001:00009f00       ??_Gstage_task@internal@tbb@@UEAAPEAXI@Z 000000018000af00 f i pipeline.obj
 0001:00009f80       ?execute@stage_task@internal@tbb@@UEAAPEAVtask@3@XZ 000000018000af80 f   pipeline.obj
 0001:0000a3d0       ?execute@pipeline_root_task@internal@tbb@@EEAAPEAVtask@3@XZ 000000018000b3d0 f i pipeline.obj
 0001:0000a6b0       ??_Gpipeline_root_task@internal@tbb@@UEAAPEAXI@Z 000000018000b6b0 f i pipeline.obj
 0001:0000a6b0       ??_Epipeline_root_task@internal@tbb@@UEAAPEAXI@Z 000000018000b6b0 f i * CIL library *:* CIL module *
 0001:0000a6e0       ??1pipeline_cleaner@internal@tbb@@QEAA@XZ 000000018000b6e0 f i pipeline.obj
 0001:0000a7b0       ??0pipeline@tbb@@QEAA@XZ   000000018000b7b0 f   pipeline.obj
 0001:0000a7e0       ??_Gpipeline@tbb@@UEAAPEAXI@Z 000000018000b7e0 f i pipeline.obj
 0001:0000a7e0       ??_Epipeline@tbb@@UEAAPEAXI@Z 000000018000b7e0 f i * CIL library *:* CIL module *
 0001:0000a890       ??1pipeline@tbb@@UEAA@XZ   000000018000b890 f   pipeline.obj
 0001:0000a930       ?clear@pipeline@tbb@@QEAAXXZ 000000018000b930 f   pipeline.obj
 0001:0000a9d0       ??_Ginput_buffer@internal@tbb@@QEAAPEAXI@Z 000000018000b9d0 f i pipeline.obj
 0001:0000aa50       ?add_filter@pipeline@tbb@@QEAAXAEAVfilter@2@@Z 000000018000ba50 f   pipeline.obj
 0001:0000ac00       ?run@pipeline@tbb@@QEAAX_KAEAVtask_group_context@2@@Z 000000018000bc00 f   pipeline.obj
 0001:0000ae60       ?run@pipeline@tbb@@QEAAX_K@Z 000000018000be60 f   pipeline.obj
 0001:0000af00       ??1filter@tbb@@UEAA@XZ     000000018000bf00 f   pipeline.obj
 0001:0000afa0       ?set_end_of_input@filter@tbb@@IEAAXXZ 000000018000bfa0 f   pipeline.obj
 0001:0000afd0       ?process_item@thread_bound_filter@tbb@@QEAA?AW4result_type@12@XZ 000000018000bfd0 f   pipeline.obj
 0001:0000afe0       ?try_process_item@thread_bound_filter@tbb@@QEAA?AW4result_type@12@XZ 000000018000bfe0 f   pipeline.obj
 0001:0000aff0       ?internal_process_item@thread_bound_filter@tbb@@AEAA?AW4result_type@12@_N@Z 000000018000bff0 f   pipeline.obj
 0001:0000b230       ??$note_done@Vstage_task@internal@tbb@@@input_buffer@internal@tbb@@QEAAXKAEAVstage_task@12@@Z 000000018000c230 f i pipeline.obj
 0001:0000b3e0       ?acquire@scoped_lock@queuing_mutex@tbb@@QEAAXAEAV23@@Z 000000018000c3e0 f   queuing_mutex.obj
 0001:0000b480       ?try_acquire@scoped_lock@queuing_mutex@tbb@@QEAA_NAEAV23@@Z 000000018000c480 f   queuing_mutex.obj
 0001:0000b4c0       ?release@scoped_lock@queuing_mutex@tbb@@QEAAXXZ 000000018000c4c0 f   queuing_mutex.obj
 0001:0000b560       ?internal_construct@queuing_mutex@tbb@@QEAAXXZ 000000018000c560 f   queuing_mutex.obj
 0001:0000b590       ?unblock_or_wait_on_internal_lock@scoped_lock@queuing_rw_mutex@tbb@@AEAAX_K@Z 000000018000c590 f i queuing_rw_mutex.obj
 0001:0000b5f0       ?acquire@scoped_lock@queuing_rw_mutex@tbb@@QEAAXAEAV23@_N@Z 000000018000c5f0 f   queuing_rw_mutex.obj
 0001:0000b780       ?try_acquire@scoped_lock@queuing_rw_mutex@tbb@@QEAA_NAEAV23@_N@Z 000000018000c780 f   queuing_rw_mutex.obj
 0001:0000b7e0       ?release@scoped_lock@queuing_rw_mutex@tbb@@QEAAXXZ 000000018000c7e0 f   queuing_rw_mutex.obj
 0001:0000ba90       ?downgrade_to_reader@scoped_lock@queuing_rw_mutex@tbb@@QEAA_NXZ 000000018000ca90 f   queuing_rw_mutex.obj
 0001:0000bb30       ?upgrade_to_writer@scoped_lock@queuing_rw_mutex@tbb@@QEAA_NXZ 000000018000cb30 f   queuing_rw_mutex.obj
 0001:0000bee0       ?internal_construct@queuing_rw_mutex@tbb@@QEAAXXZ 000000018000cee0 f   queuing_rw_mutex.obj
 0001:0000bf10       ??$spin_wait_until_eq@EH@internal@tbb@@YAXAEDEH@Z 000000018000cf10 f i queuing_rw_mutex.obj
 0001:0000bf70       ??$spin_wait_while_eq@PEAVscoped_lock@queuing_rw_mutex@tbb@@PEAV123@@internal@tbb@@YAXAEDSEAVscoped_lock@queuing_rw_mutex@1@PEAV231@@Z 000000018000cf70 f i queuing_rw_mutex.obj
 0001:0000bfd0       ??1scoped_lock_read@reader_writer_lock@interface5@tbb@@QEAA@XZ 000000018000cfd0 f i reader_writer_lock.obj
 0001:0000c040       ?fetch_and_or@interface5@tbb@@YA_KAEAU?$atomic@_K@2@_K@Z 000000018000d040 f i reader_writer_lock.obj
 0001:0000c0c0       ?internal_construct@reader_writer_lock@interface5@tbb@@AEAAXXZ 000000018000d0c0 f   reader_writer_lock.obj
 0001:0000c0e0       ?lock@reader_writer_lock@interface5@tbb@@QEAAXXZ 000000018000d0e0 f   reader_writer_lock.obj
 0001:0000c160       ?try_lock@reader_writer_lock@interface5@tbb@@QEAA_NXZ 000000018000d160 f   reader_writer_lock.obj
 0001:0000c1d0       ?start_write@reader_writer_lock@interface5@tbb@@AEAA_NPEAVscoped_lock@123@@Z 000000018000d1d0 f   reader_writer_lock.obj
 0001:0000c2f0       ??_Gscoped_lock@reader_writer_lock@interface5@tbb@@QEAAPEAXI@Z 000000018000d2f0 f i reader_writer_lock.obj
 0001:0000c330       ?set_next_writer@reader_writer_lock@interface5@tbb@@AEAAXPEAVscoped_lock@123@@Z 000000018000d330 f   reader_writer_lock.obj
 0001:0000c420       ?lock_read@reader_writer_lock@interface5@tbb@@QEAAXXZ 000000018000d420 f   reader_writer_lock.obj
 0001:0000c4b0       ?try_lock_read@reader_writer_lock@interface5@tbb@@QEAA_NXZ 000000018000d4b0 f   reader_writer_lock.obj
 0001:0000c510       ?start_read@reader_writer_lock@interface5@tbb@@AEAAXPEAVscoped_lock_read@123@@Z 000000018000d510 f   reader_writer_lock.obj
 0001:0000c600       ?unlock@reader_writer_lock@interface5@tbb@@QEAAXXZ 000000018000d600 f   reader_writer_lock.obj
 0001:0000c680       ?end_write@reader_writer_lock@interface5@tbb@@AEAAXPEAVscoped_lock@123@@Z 000000018000d680 f   reader_writer_lock.obj
 0001:0000c7a0       ?internal_construct@scoped_lock@reader_writer_lock@interface5@tbb@@AEAAXAEAV234@@Z 000000018000d7a0 f   reader_writer_lock.obj
 0001:0000c800       ?internal_construct@scoped_lock_read@reader_writer_lock@interface5@tbb@@AEAAXAEAV234@@Z 000000018000d800 f   reader_writer_lock.obj
 0001:0000c860       ?internal_destroy@scoped_lock@reader_writer_lock@interface5@tbb@@AEAAXXZ 000000018000d860 f   reader_writer_lock.obj
 0001:0000c8a0       ?internal_destroy@scoped_lock_read@reader_writer_lock@interface5@tbb@@AEAAXXZ 000000018000d8a0 f   reader_writer_lock.obj
 0001:0000c900       ?internal_acquire_writer@spin_rw_mutex@tbb@@CA_NPEAV12@@Z 000000018000d900 f   spin_rw_mutex_v2.obj
 0001:0000c900       ?internal_acquire_writer@spin_rw_mutex_v3@tbb@@AEAA_NXZ 000000018000d900 f   spin_rw_mutex.obj
 0001:0000c9c0       ?internal_release_writer@spin_rw_mutex_v3@tbb@@AEAAXXZ 000000018000d9c0 f   spin_rw_mutex.obj
 0001:0000c9f0       ?internal_acquire_reader@spin_rw_mutex_v3@tbb@@AEAAXXZ 000000018000d9f0 f   spin_rw_mutex.obj
 0001:0000ca70       ?internal_upgrade@spin_rw_mutex_v3@tbb@@AEAA_NXZ 000000018000da70 f   spin_rw_mutex.obj
 0001:0000cb90       ?internal_downgrade@spin_rw_mutex_v3@tbb@@AEAAXXZ 000000018000db90 f   spin_rw_mutex.obj
 0001:0000cbc0       ?internal_release_reader@spin_rw_mutex_v3@tbb@@AEAAXXZ 000000018000dbc0 f   spin_rw_mutex.obj
 0001:0000cbc0       ?internal_release_reader@spin_rw_mutex@tbb@@CAXPEAV12@@Z 000000018000dbc0 f   spin_rw_mutex_v2.obj
 0001:0000cbf0       ?internal_try_acquire_writer@spin_rw_mutex_v3@tbb@@AEAA_NXZ 000000018000dbf0 f   spin_rw_mutex.obj
 0001:0000cbf0       ?internal_try_acquire_writer@spin_rw_mutex@tbb@@CA_NPEAV12@@Z 000000018000dbf0 f   spin_rw_mutex_v2.obj
 0001:0000cc60       ?internal_try_acquire_reader@spin_rw_mutex_v3@tbb@@AEAA_NXZ 000000018000dc60 f   spin_rw_mutex.obj
 0001:0000cca0       ?internal_construct@spin_rw_mutex_v3@tbb@@AEAAXXZ 000000018000dca0 f   spin_rw_mutex.obj
 0001:0000ccd0       ?acquire@scoped_lock@spin_rw_mutex_v3@tbb@@QEAAXAEAV23@_N@Z 000000018000dcd0 f i x86_rtm_rw_mutex.obj
 0001:0000cd80       ?internal_release@x86_rtm_rw_mutex@internal@interface8@tbb@@AEAAXAEAVscoped_lock@1234@@Z 000000018000dd80 f   x86_rtm_rw_mutex.obj
 0001:0000cde0       ?internal_acquire_writer@x86_rtm_rw_mutex@internal@interface8@tbb@@AEAAXAEAVscoped_lock@1234@_N@Z 000000018000dde0 f   x86_rtm_rw_mutex.obj
 0001:0000cec0       ?internal_acquire_reader@x86_rtm_rw_mutex@internal@interface8@tbb@@AEAAXAEAVscoped_lock@1234@_N@Z 000000018000dec0 f   x86_rtm_rw_mutex.obj
 0001:0000cfa0       ?internal_upgrade@x86_rtm_rw_mutex@internal@interface8@tbb@@AEAA_NAEAVscoped_lock@1234@@Z 000000018000dfa0 f   x86_rtm_rw_mutex.obj
 0001:0000d1e0       ?internal_downgrade@x86_rtm_rw_mutex@internal@interface8@tbb@@AEAA_NAEAVscoped_lock@1234@@Z 000000018000e1e0 f   x86_rtm_rw_mutex.obj
 0001:0000d220       ?internal_try_acquire_writer@x86_rtm_rw_mutex@internal@interface8@tbb@@AEAA_NAEAVscoped_lock@1234@@Z 000000018000e220 f   x86_rtm_rw_mutex.obj
 0001:0000d310       ?internal_construct@x86_rtm_rw_mutex@internal@interface8@tbb@@AEAAXXZ 000000018000e310 f   x86_rtm_rw_mutex.obj
 0001:0000d340       ?internal_acquire@scoped_lock@spin_mutex@tbb@@AEAAXAEAV23@@Z 000000018000e340 f   spin_mutex.obj
 0001:0000d3e0       ?internal_release@scoped_lock@spin_mutex@tbb@@AEAAXXZ 000000018000e3e0 f   spin_mutex.obj
 0001:0000d410       ?internal_try_acquire@scoped_lock@spin_mutex@tbb@@AEAA_NAEAV23@@Z 000000018000e410 f   spin_mutex.obj
 0001:0000d450       ?internal_construct@spin_mutex@tbb@@QEAAXXZ 000000018000e450 f   spin_mutex.obj
 0001:0000d480       ?internal_construct@critical_section_v4@internal@tbb@@QEAAXXZ 000000018000e480 f   critical_section.obj
 0001:0000d4b0       ?internal_acquire@scoped_lock@mutex@tbb@@AEAAXAEAV23@@Z 000000018000e4b0 f   mutex.obj
 0001:0000d510       ?internal_release@scoped_lock@mutex@tbb@@AEAAXXZ 000000018000e510 f   mutex.obj
 0001:0000d550       ?internal_try_acquire@scoped_lock@mutex@tbb@@AEAA_NAEAV23@@Z 000000018000e550 f   mutex.obj
 0001:0000d5a0       ?internal_construct@mutex@tbb@@AEAAXXZ 000000018000e5a0 f   mutex.obj
 0001:0000d5f0       ?internal_destroy@mutex@tbb@@AEAAXXZ 000000018000e5f0 f   mutex.obj
 0001:0000d5f0       ?internal_destroy@recursive_mutex@tbb@@AEAAXXZ 000000018000e5f0 f   recursive_mutex.obj
 0001:0000d630       ?internal_acquire@scoped_lock@recursive_mutex@tbb@@AEAAXAEAV23@@Z 000000018000e630 f   recursive_mutex.obj
 0001:0000d670       ?internal_release@scoped_lock@recursive_mutex@tbb@@AEAAXXZ 000000018000e670 f   recursive_mutex.obj
 0001:0000d6a0       ?internal_try_acquire@scoped_lock@recursive_mutex@tbb@@AEAA_NAEAV23@@Z 000000018000e6a0 f   recursive_mutex.obj
 0001:0000d6e0       ?internal_construct@recursive_mutex@tbb@@AEAAXXZ 000000018000e6e0 f   recursive_mutex.obj
 0001:0000d730       ?init_condvar_using_event@internal@tbb@@YAXPEAUcondition_variable_using_event@1interface5@2@@Z 000000018000e730 f   condition_variable.obj
 0001:0000d770       ?sleep_condition_variable_cs_using_event@internal@tbb@@YAHPEAUcondition_variable_using_event@1interface5@2@PEAU_RTL_CRITICAL_SECTION@@K@Z 000000018000e770 f   condition_variable.obj
 0001:0000d880       ?wake_condition_variable_using_event@internal@tbb@@YAXPEAUcondition_variable_using_event@1interface5@2@@Z 000000018000e880 f   condition_variable.obj
 0001:0000d8d0       ?wake_all_condition_variable_using_event@internal@tbb@@YAXPEAUcondition_variable_using_event@1interface5@2@@Z 000000018000e8d0 f   condition_variable.obj
 0001:0000d920       ?destroy_condvar_using_event@internal@tbb@@YAXPEAUcondition_variable_using_event@1interface5@2@@Z 000000018000e920 f   condition_variable.obj
 0001:0000d9c0       ?init_condvar_module@internal@tbb@@YAXXZ 000000018000e9c0 f   condition_variable.obj
 0001:0000da10       ?internal_initialize_condition_variable@internal@interface5@tbb@@YAXAEATcondvar_impl_t@123@@Z 000000018000ea10 f   condition_variable.obj
 0001:0000dab0       ?internal_destroy_condition_variable@internal@interface5@tbb@@YAXAEATcondvar_impl_t@123@@Z 000000018000eab0 f   condition_variable.obj
 0001:0000dac0       ?internal_condition_variable_notify_one@internal@interface5@tbb@@YAXAEATcondvar_impl_t@123@@Z 000000018000eac0 f   condition_variable.obj
 0001:0000dad0       ?internal_condition_variable_notify_all@internal@interface5@tbb@@YAXAEATcondvar_impl_t@123@@Z 000000018000ead0 f   condition_variable.obj
 0001:0000dae0       ?internal_condition_variable_wait@internal@interface5@tbb@@YA_NAEATcondvar_impl_t@123@PEAVmutex@3@PEBVinterval_t@tick_count@3@@Z 000000018000eae0 f   condition_variable.obj
 0001:0000db70       ?default_num_threads@governor@internal@tbb@@SAIXZ 000000018000eb70 f i tbb_thread.obj
 0001:0000dc40       ?join@tbb_thread_v3@internal@tbb@@QEAAXXZ 000000018000ec40 f   tbb_thread.obj
 0001:0000dce0       ?detach@tbb_thread_v3@internal@tbb@@QEAAXXZ 000000018000ece0 f   tbb_thread.obj
 0001:0000dd30       ?internal_start@tbb_thread_v3@internal@tbb@@AEAAXP6AIPEAX@Z0@Z 000000018000ed30 f   tbb_thread.obj
 0001:0000ddb0       ?hardware_concurrency@tbb_thread_v3@internal@tbb@@SAIXZ 000000018000edb0 f   tbb_thread.obj
 0001:0000ddd0       ?thread_get_id_v3@internal@tbb@@YA?AVid@tbb_thread_v3@12@XZ 000000018000edd0 f   tbb_thread.obj
 0001:0000ddf0       ?move_v3@internal@tbb@@YAXAEAVtbb_thread_v3@12@0@Z 000000018000edf0 f   tbb_thread.obj
 0001:0000de50       ?yield@private_server@rml@internal@tbb@@UEAAXXZ 000000018000ee50 f   private_server.obj
 0001:0000de50       ?thread_yield_v3@internal@tbb@@YAXXZ 000000018000ee50 f   tbb_thread.obj
 0001:0000de60       ?thread_sleep_v3@internal@tbb@@YAXAEBVinterval_t@tick_count@2@@Z 000000018000ee60 f   tbb_thread.obj
 0001:0000df90       ?init@thread_context@concurrent_monitor@internal@tbb@@AEAAXXZ 000000018000ef90 f   concurrent_monitor.obj
 0001:0000dfc0       ??1concurrent_monitor@internal@tbb@@QEAA@XZ 000000018000efc0 f   concurrent_monitor.obj
 0001:0000e0f0       ?prepare_wait@concurrent_monitor@internal@tbb@@QEAAXAEAVthread_context@123@_K@Z 000000018000f0f0 f   concurrent_monitor.obj
 0001:0000e1d0       ?cancel_wait@concurrent_monitor@internal@tbb@@QEAAXAEAVthread_context@123@@Z 000000018000f1d0 f   concurrent_monitor.obj
 0001:0000e290       __local_stdio_printf_options 000000018000f290 f i private_server.obj
 0001:0000e2a0       fprintf                    000000018000f2a0 f i private_server.obj
 0001:0000e2f0       ?launch@thread_monitor@internal@rml@@SAPEAXP6AIPEAX@Z0_KPEB_K@Z 000000018000f2f0 f i private_server.obj
 0001:0000e4a0       ?remove_server_ref@private_server@rml@internal@tbb@@AEAAXXZ 000000018000f4a0 f i private_server.obj
 0001:0000e4f0       ?execute@empty_task@tbb@@EEAAPEAVtask@2@XZ 000000018000f4f0 f i arena.obj
 0001:0000e4f0       __scrt_stub_for_is_c_termination_complete 000000018000f4f0 f i MSVCRT:ucrt_stubs.obj
 0001:0000e4f0       ?version@private_server@rml@internal@tbb@@UEBAIXZ 000000018000f4f0 f i private_server.obj
 0001:0000e4f0       ?version@market@internal@tbb@@EEBAIXZ 000000018000f4f0 f i market.obj
 0001:0000e4f0       _is_c_termination_complete 000000018000f4f0 f i MSVCRT:ucrt_stubs.obj
 0001:0000e500       ?request_close_connection@private_server@rml@internal@tbb@@UEAAX_N@Z 000000018000f500 f i private_server.obj
 0001:0000e630       ?default_concurrency@private_server@rml@internal@tbb@@UEBAIXZ 000000018000f630 f i private_server.obj
 0001:0000e640       ?thread_routine@private_worker@rml@internal@tbb@@CAIPEAX@Z 000000018000f640 f   private_server.obj
 0001:0000e6b0       ?run@private_worker@rml@internal@tbb@@AEAAXXZ 000000018000f6b0 f   private_server.obj
 0001:0000e870       ??0private_server@rml@internal@tbb@@QEAA@AEAVtbb_client@123@@Z 000000018000f870 f   private_server.obj
 0001:0000e9f0       ??_Eprivate_server@rml@internal@tbb@@EEAAPEAXI@Z 000000018000f9f0 f i * CIL library *:* CIL module *
 0001:0000e9f0       ??_Gprivate_server@rml@internal@tbb@@EEAAPEAXI@Z 000000018000f9f0 f i private_server.obj
 0001:0000ea90       ?wake_some@private_server@rml@internal@tbb@@AEAAXH@Z 000000018000fa90 f   private_server.obj
 0001:0000ec40       ?adjust_job_count_estimate@private_server@rml@internal@tbb@@UEAAXH@Z 000000018000fc40 f   private_server.obj
 0001:0000ec60       ??0exception@std@@QEAA@AEBV01@@Z 000000018000fc60 f i tbb_misc.obj
 0001:0000eca0       ?what@exception@std@@UEBAPEBDXZ 000000018000fca0 f i tbb_misc.obj
 0001:0000ecc0       ??_Gbad_last_alloc@tbb@@UEAAPEAXI@Z 000000018000fcc0 f i tbb_misc.obj
 0001:0000ecc0       ??_Einvalid_argument@std@@UEAAPEAXI@Z 000000018000fcc0 f i * CIL library *:* CIL module *
 0001:0000ecc0       ??_Erange_error@std@@UEAAPEAXI@Z 000000018000fcc0 f i * CIL library *:* CIL module *
 0001:0000ecc0       ??_Einvalid_multiple_scheduling@tbb@@UEAAPEAXI@Z 000000018000fcc0 f i * CIL library *:* CIL module *
 0001:0000ecc0       ??_Gmissing_wait@tbb@@UEAAPEAXI@Z 000000018000fcc0 f i tbb_misc.obj
 0001:0000ecc0       ??_Ebad_alloc@std@@UEAAPEAXI@Z 000000018000fcc0 f i * CIL library *:* CIL module *
 0001:0000ecc0       ??_Gbad_alloc@std@@UEAAPEAXI@Z 000000018000fcc0 f i tbb_misc.obj
 0001:0000ecc0       ??_Guser_abort@tbb@@UEAAPEAXI@Z 000000018000fcc0 f i tbb_misc.obj
 0001:0000ecc0       ??_Gimproper_lock@tbb@@UEAAPEAXI@Z 000000018000fcc0 f i tbb_misc.obj
 0001:0000ecc0       ??_Eruntime_error@std@@UEAAPEAXI@Z 000000018000fcc0 f i * CIL library *:* CIL module *
 0001:0000ecc0       ??_Ginvalid_multiple_scheduling@tbb@@UEAAPEAXI@Z 000000018000fcc0 f i tbb_misc.obj
 0001:0000ecc0       ??_Glogic_error@std@@UEAAPEAXI@Z 000000018000fcc0 f i tbb_misc.obj
 0001:0000ecc0       ??_Emissing_wait@tbb@@UEAAPEAXI@Z 000000018000fcc0 f i * CIL library *:* CIL module *
 0001:0000ecc0       ??_Ebad_last_alloc@tbb@@UEAAPEAXI@Z 000000018000fcc0 f i * CIL library *:* CIL module *
 0001:0000ecc0       ??_Gexception@std@@UEAAPEAXI@Z 000000018000fcc0 f i tbb_misc.obj
 0001:0000ecc0       ??_Euser_abort@tbb@@UEAAPEAXI@Z 000000018000fcc0 f i * CIL library *:* CIL module *
 0001:0000ecc0       ??_Ginvalid_argument@std@@UEAAPEAXI@Z 000000018000fcc0 f i tbb_misc.obj
 0001:0000ecc0       ??_Eout_of_range@std@@UEAAPEAXI@Z 000000018000fcc0 f i * CIL library *:* CIL module *
 0001:0000ecc0       ??_Grange_error@std@@UEAAPEAXI@Z 000000018000fcc0 f i tbb_misc.obj
 0001:0000ecc0       ??_Elogic_error@std@@UEAAPEAXI@Z 000000018000fcc0 f i * CIL library *:* CIL module *
 0001:0000ecc0       ??_Eexception@std@@UEAAPEAXI@Z 000000018000fcc0 f i * CIL library *:* CIL module *
 0001:0000ecc0       ??_Eimproper_lock@tbb@@UEAAPEAXI@Z 000000018000fcc0 f i * CIL library *:* CIL module *
 0001:0000ecc0       ??_Gout_of_range@std@@UEAAPEAXI@Z 000000018000fcc0 f i tbb_misc.obj
 0001:0000ecc0       ??_Gruntime_error@std@@UEAAPEAXI@Z 000000018000fcc0 f i tbb_misc.obj
 0001:0000ecc0       ??_Glength_error@std@@UEAAPEAXI@Z 000000018000fcc0 f i tbb_misc.obj
 0001:0000ecc0       ??_Elength_error@std@@UEAAPEAXI@Z 000000018000fcc0 f i * CIL library *:* CIL module *
 0001:0000ed10       ??0bad_alloc@std@@QEAA@XZ  000000018000fd10 f i tbb_misc.obj
 0001:0000ed40       ??1range_error@std@@UEAA@XZ 000000018000fd40 f i tbb_misc.obj
 0001:0000ed40       ??1bad_alloc@std@@UEAA@XZ  000000018000fd40 f i tbb_misc.obj
 0001:0000ed40       ??1missing_wait@tbb@@UEAA@XZ 000000018000fd40 f i tbb_misc.obj
 0001:0000ed40       ??1bad_last_alloc@tbb@@UEAA@XZ 000000018000fd40 f i tbb_misc.obj
 0001:0000ed40       ??1user_abort@tbb@@UEAA@XZ 000000018000fd40 f i tbb_misc.obj
 0001:0000ed40       ??1runtime_error@std@@UEAA@XZ 000000018000fd40 f i tbb_misc.obj
 0001:0000ed40       ??1invalid_multiple_scheduling@tbb@@UEAA@XZ 000000018000fd40 f i tbb_misc.obj
 0001:0000ed40       ??1out_of_range@std@@UEAA@XZ 000000018000fd40 f i tbb_misc.obj
 0001:0000ed40       ??1length_error@std@@UEAA@XZ 000000018000fd40 f i tbb_misc.obj
 0001:0000ed40       ??1improper_lock@tbb@@UEAA@XZ 000000018000fd40 f i tbb_misc.obj
 0001:0000ed40       ??1invalid_argument@std@@UEAA@XZ 000000018000fd40 f i tbb_misc.obj
 0001:0000ed60       _snprintf                  000000018000fd60 f i tbb_misc.obj
 0001:0000edc0       ?set_assertion_handler@tbb@@YAP6AXPEBDH00@ZP6AX0H00@Z@Z 000000018000fdc0 f   tbb_misc.obj
 0001:0000edd0       ?assertion_failure@tbb@@YAXPEBDH00@Z 000000018000fdd0 f   tbb_misc.obj
 0001:0000ee90       ?runtime_warning@internal@tbb@@YAXPEBDZZ 000000018000fe90 f   tbb_misc.obj
 0001:0000ef50       ??0invalid_argument@std@@QEAA@PEBD@Z 000000018000ff50 f i tbb_misc.obj
 0001:0000efa0       ??0length_error@std@@QEAA@PEBD@Z 000000018000ffa0 f i tbb_misc.obj
 0001:0000eff0       ??0out_of_range@std@@QEAA@PEBD@Z 000000018000fff0 f i tbb_misc.obj
 0001:0000f040       ??0runtime_error@std@@QEAA@PEBD@Z 0000000180010040 f i tbb_misc.obj
 0001:0000f090       ??0range_error@std@@QEAA@PEBD@Z 0000000180010090 f i tbb_misc.obj
 0001:0000f0e0       ??0runtime_error@std@@QEAA@AEBV01@@Z 00000001800100e0 f i tbb_misc.obj
 0001:0000f120       ?what@bad_last_alloc@tbb@@UEBAPEBDXZ 0000000180010120 f   tbb_misc.obj
 0001:0000f130       ?what@improper_lock@tbb@@UEBAPEBDXZ 0000000180010130 f   tbb_misc.obj
 0001:0000f140       ?what@user_abort@tbb@@UEBAPEBDXZ 0000000180010140 f   tbb_misc.obj
 0001:0000f150       ?what@invalid_multiple_scheduling@tbb@@UEBAPEBDXZ 0000000180010150 f   tbb_misc.obj
 0001:0000f160       ?what@missing_wait@tbb@@UEBAPEBDXZ 0000000180010160 f   tbb_misc.obj
 0001:0000f170       ?handle_perror@internal@tbb@@YAXHPEBD@Z 0000000180010170 f   tbb_misc.obj
 0001:0000f1e0       ?handle_win_error@internal@tbb@@YAXH@Z 00000001800101e0 f   tbb_misc.obj
 0001:0000f250       ?throw_bad_last_alloc_exception_v4@internal@tbb@@YAXXZ 0000000180010250 f   tbb_misc.obj
 0001:0000f290       ?throw_exception_v4@internal@tbb@@YAXW4exception_id@12@@Z 0000000180010290 f   tbb_misc.obj
 0001:0000f5c0       ??0bad_last_alloc@tbb@@QEAA@XZ 00000001800105c0 f i tbb_misc.obj
 0001:0000f5f0       ??0missing_wait@tbb@@QEAA@XZ 00000001800105f0 f i tbb_misc.obj
 0001:0000f610       ??0invalid_multiple_scheduling@tbb@@QEAA@XZ 0000000180010610 f i tbb_misc.obj
 0001:0000f630       ??0improper_lock@tbb@@QEAA@XZ 0000000180010630 f i tbb_misc.obj
 0001:0000f650       ??0user_abort@tbb@@QEAA@XZ 0000000180010650 f i tbb_misc.obj
 0001:0000f670       ??0bad_alloc@std@@QEAA@AEBV01@@Z 0000000180010670 f i tbb_misc.obj
 0001:0000f6b0       ??0bad_last_alloc@tbb@@QEAA@AEBV01@@Z 00000001800106b0 f i tbb_misc.obj
 0001:0000f6f0       ??0invalid_argument@std@@QEAA@AEBV01@@Z 00000001800106f0 f i tbb_misc.obj
 0001:0000f730       ??0logic_error@std@@QEAA@AEBV01@@Z 0000000180010730 f i tbb_misc.obj
 0001:0000f770       ??0out_of_range@std@@QEAA@AEBV01@@Z 0000000180010770 f i tbb_misc.obj
 0001:0000f7b0       ??0range_error@std@@QEAA@AEBV01@@Z 00000001800107b0 f i tbb_misc.obj
 0001:0000f7f0       ??0missing_wait@tbb@@QEAA@AEBV01@@Z 00000001800107f0 f i tbb_misc.obj
 0001:0000f830       ??0invalid_multiple_scheduling@tbb@@QEAA@AEBV01@@Z 0000000180010830 f i tbb_misc.obj
 0001:0000f870       ??0improper_lock@tbb@@QEAA@AEBV01@@Z 0000000180010870 f i tbb_misc.obj
 0001:0000f8b0       ??0length_error@std@@QEAA@AEBV01@@Z 00000001800108b0 f i tbb_misc.obj
 0001:0000f8f0       ??0user_abort@tbb@@QEAA@AEBV01@@Z 00000001800108f0 f i tbb_misc.obj
 0001:0000f930       ?PrintExtraVersionInfo@internal@tbb@@YAXPEBD0ZZ 0000000180010930 f   tbb_misc.obj
 0001:0000fa00       ?PrintRMLVersionInfo@internal@tbb@@YAXPEAXPEBD@Z 0000000180010a00 f   tbb_misc.obj
 0001:0000fa10       TBB_runtime_interface_version 0000000180010a10 f   tbb_misc.obj
 0001:0000fc50       ?allocate@allocate_root_proxy@internal@tbb@@SAAEAVtask@3@_K@Z 0000000180010c50 f   task.obj
 0001:0000fcd0       ?free@allocate_root_proxy@internal@tbb@@SAXAEAVtask@3@@Z 0000000180010cd0 f   task.obj
 0001:0000fd40       ?allocate@allocate_root_with_context_proxy@internal@tbb@@QEBAAEAVtask@3@_K@Z 0000000180010d40 f   task.obj
 0001:0000fe40       ?free@allocate_root_with_context_proxy@internal@tbb@@QEBAXAEAVtask@3@@Z 0000000180010e40 f   task.obj
 0001:0000fe40       ?free@allocate_child_proxy@internal@tbb@@QEBAXAEAVtask@3@@Z 0000000180010e40 f   task.obj
 0001:0000feb0       ?allocate@allocate_continuation_proxy@internal@tbb@@QEBAAEAVtask@3@_K@Z 0000000180010eb0 f   task.obj
 0001:0000ff10       ?free@allocate_continuation_proxy@internal@tbb@@QEBAXAEAVtask@3@@Z 0000000180010f10 f   task.obj
 0001:0000ff90       ?allocate@allocate_child_proxy@internal@tbb@@QEBAAEAVtask@3@_K@Z 0000000180010f90 f   task.obj
 0001:0000fff0       ?allocate@allocate_additional_child_of_proxy@internal@tbb@@QEBAAEAVtask@3@_K@Z 0000000180010ff0 f   task.obj
 0001:00010060       ?free@allocate_additional_child_of_proxy@internal@tbb@@QEBAXAEAVtask@3@@Z 0000000180011060 f   task.obj
 0001:00010120       ?get_initial_auto_partitioner_divisor@internal@tbb@@YA_KXZ 0000000180011120 f   task.obj
 0001:00010170       ?resize@affinity_partitioner_base_v3@internal@tbb@@AEAAXI@Z 0000000180011170 f   task.obj
 0001:00010280       ?internal_set_ref_count@task@tbb@@AEAAXH@Z 0000000180011280 f   task.obj
 0001:000102c0       ?internal_decrement_ref_count@task@tbb@@AEAA_JXZ 00000001800112c0 f   task.obj
 0001:00010320       ?self@task@tbb@@SAAEAV12@XZ 0000000180011320 f   task.obj
 0001:00010360       __scrt_stub_for_acrt_initialize 0000000180011360 f   MSVCRT:ucrt_stubs.obj
 0001:00010360       __scrt_stub_for_acrt_thread_attach 0000000180011360 f   MSVCRT:ucrt_stubs.obj
 0001:00010360       __acrt_thread_attach       0000000180011360 f   MSVCRT:ucrt_stubs.obj
 0001:00010360       ?is_owned_by_current_thread@task@tbb@@QEBA_NXZ 0000000180011360 f   task.obj
 0001:00010360       __acrt_initialize          0000000180011360 f   MSVCRT:ucrt_stubs.obj
 0001:00010360       __vcrt_thread_attach       0000000180011360 f   MSVCRT:ucrt_stubs.obj
 0001:00010360       __scrt_stub_for_acrt_uninitialize_critical 0000000180011360 f   MSVCRT:ucrt_stubs.obj
 0001:00010360       __vcrt_uninitialize_critical 0000000180011360 f   MSVCRT:ucrt_stubs.obj
 0001:00010360       __vcrt_thread_detach       0000000180011360 f   MSVCRT:ucrt_stubs.obj
 0001:00010360       __acrt_thread_detach       0000000180011360 f   MSVCRT:ucrt_stubs.obj
 0001:00010360       __vcrt_initialize          0000000180011360 f   MSVCRT:ucrt_stubs.obj
 0001:00010360       __scrt_stub_for_acrt_thread_detach 0000000180011360 f   MSVCRT:ucrt_stubs.obj
 0001:00010360       __acrt_uninitialize_critical 0000000180011360 f   MSVCRT:ucrt_stubs.obj
 0001:00010360       __scrt_stub_for_acrt_uninitialize 0000000180011360 f   MSVCRT:ucrt_stubs.obj
 0001:00010360       __vcrt_uninitialize        0000000180011360 f   MSVCRT:ucrt_stubs.obj
 0001:00010360       __acrt_uninitialize        0000000180011360 f   MSVCRT:ucrt_stubs.obj
 0001:00010370       ?destroy@task_base@internal@interface5@tbb@@SAXAEAVtask@4@@Z 0000000180011370 f   task.obj
 0001:00010460       ?spawn_and_wait_for_all@task@tbb@@QEAAXAEAVtask_list@2@@Z 0000000180011460 f   task.obj
 0001:00010500       ?change_group@task@tbb@@QEAAXAEAVtask_group_context@2@@Z 0000000180011500 f   task.obj
 0001:000105d0       ??1exception_ptr@std@@QEAA@XZ 00000001800115d0 f i task_group_context.obj
 0001:000105f0       ??0exception_ptr@std@@QEAA@AEBV01@@Z 00000001800115f0 f i task_group_context.obj
 0001:00010620       ??0captured_exception@tbb@@QEAA@AEBV01@@Z 0000000180011620 f i task_group_context.obj
 0001:000106a0       ?throw_self@captured_exception@tbb@@UEAAXXZ 00000001800116a0 f i task_group_context.obj
 0001:000106d0       ??_Gcaptured_exception@tbb@@UEAAPEAXI@Z 00000001800116d0 f i task_group_context.obj
 0001:000106d0       ??_Ecaptured_exception@tbb@@UEAAPEAXI@Z 00000001800116d0 f i * CIL library *:* CIL module *
 0001:00010770       ??0tbb_exception@tbb@@QEAA@AEBV01@@Z 0000000180011770 f i task_group_context.obj
 0001:000107b0       ??_Etbb_exception@tbb@@UEAAPEAXI@Z 00000001800117b0 f i * CIL library *:* CIL module *
 0001:000107b0       ??_Gtbb_exception@tbb@@UEAAPEAXI@Z 00000001800117b0 f i task_group_context.obj
 0001:00010820       ?duplicate_string@tbb@@YAPEADPEBD@Z 0000000180011820 f i task_group_context.obj
 0001:00010890       ??1captured_exception@tbb@@UEAA@XZ 0000000180011890 f   task_group_context.obj
 0001:000108e0       ?set@captured_exception@tbb@@QEAAXPEBD0@Z 00000001800118e0 f   task_group_context.obj
 0001:00010920       ?clear@captured_exception@tbb@@QEAAXXZ 0000000180011920 f   task_group_context.obj
 0001:00010960       ?move@captured_exception@tbb@@UEAAPEAV12@XZ 0000000180011960 f   task_group_context.obj
 0001:000109f0       ?destroy@captured_exception@tbb@@UEAAXXZ 00000001800119f0 f   task_group_context.obj
 0001:00010a50       ?allocate@captured_exception@tbb@@SAPEAV12@PEBD0@Z 0000000180011a50 f   task_group_context.obj
 0001:00010ae0       ?name@captured_exception@tbb@@UEBAPEBDXZ 0000000180011ae0 f   task_group_context.obj
 0001:00010af0       ?what@captured_exception@tbb@@UEBAPEBDXZ 0000000180011af0 f   task_group_context.obj
 0001:00010b00       ?allocate@tbb_exception_ptr@internal@tbb@@SAPEAV123@XZ 0000000180011b00 f   task_group_context.obj
 0001:00010b00       ?allocate@tbb_exception_ptr@internal@tbb@@SAPEAV123@AEBVtbb_exception@3@@Z 0000000180011b00 f   task_group_context.obj
 0001:00010b70       ?allocate@tbb_exception_ptr@internal@tbb@@SAPEAV123@AEAVcaptured_exception@3@@Z 0000000180011b70 f   task_group_context.obj
 0001:00010c60       ??1task_group_context@tbb@@QEAA@XZ 0000000180011c60 f   task_group_context.obj
 0001:00010f00       ?init@task_group_context@tbb@@IEAAXXZ 0000000180011f00 f   task_group_context.obj
 0001:000110b0       ?register_with@task_group_context@tbb@@QEAAXPEAVgeneric_scheduler@internal@2@@Z 00000001800120b0 f   task_group_context.obj
 0001:000111e0       ?bind_to@task_group_context@tbb@@QEAAXPEAVgeneric_scheduler@internal@2@@Z 00000001800121e0 f   task_group_context.obj
 0001:00011340       ?cancel_group_execution@task_group_context@tbb@@QEAA_NXZ 0000000180012340 f   task_group_context.obj
 0001:00011490       ?is_group_execution_cancelled@task_group_context@tbb@@QEBA_NXZ 0000000180012490 f   task_group_context.obj
 0001:000114a0       ?reset@task_group_context@tbb@@QEAAXXZ 00000001800124a0 f   task_group_context.obj
 0001:00011510       ?capture_fp_settings@task_group_context@tbb@@QEAAXXZ 0000000180012510 f   task_group_context.obj
 0001:00011550       ?register_pending_exception@task_group_context@tbb@@QEAAXXZ 0000000180012550 f   task_group_context.obj
 0001:00011580       ?set_priority@task_group_context@tbb@@QEAAXW4priority_t@2@@Z 0000000180012580 f   task_group_context.obj
 0001:00011720       ?priority@task_group_context@tbb@@QEBA?AW4priority_t@2@XZ 0000000180012720 f   task_group_context.obj
 0001:00011740       ??$spin_wait_until_eq@U?$atomic@_K@tbb@@I@internal@tbb@@YAXAEDU?$atomic@_K@1@I@Z 0000000180012740 f i task_group_context.obj
 0001:000117a0       ??$propagate_task_group_state@_K@generic_scheduler@internal@tbb@@QEAAXPEQtask_group_context@2@_KAEAV32@_K@Z 00000001800127a0 f i task_group_context.obj
 0001:000118a0       ??$propagate_task_group_state@_J@generic_scheduler@internal@tbb@@QEAAXPEQtask_group_context@2@_JAEAV32@_J@Z 00000001800128a0 f i task_group_context.obj
 0001:000119b0       ?initialize_cilk_interop@internal@tbb@@YA_NXZ 00000001800129b0 f   governor.obj
 0001:000119e0       ?assume_scheduler@governor@internal@tbb@@SAXPEAVgeneric_scheduler@23@@Z 00000001800129e0 f   governor.obj
 0001:00011a20       ?is_set@governor@internal@tbb@@SA_NPEAVgeneric_scheduler@23@@Z 0000000180012a20 f   governor.obj
 0001:00011a80       ?sign_on@governor@internal@tbb@@SAXPEAVgeneric_scheduler@23@@Z 0000000180012a80 f   governor.obj
 0001:00011b10       ?one_time_init@governor@internal@tbb@@SAXXZ 0000000180012b10 f   governor.obj
 0001:00011bd0       ?init_scheduler@governor@internal@tbb@@SAPEAVgeneric_scheduler@23@H_K_N@Z 0000000180012bd0 f   governor.obj
 0001:00011d20       ?stack_op_handler@governor@internal@tbb@@SAHW4__cilk_tbb_stack_op@@PEAX@Z 0000000180012d20 f   governor.obj
 0001:00011dc0       ?nodes_count@numa_topology@internal@tbb@@YAIXZ 0000000180012dc0 f   governor.obj
 0001:00011f70       ?fill@numa_topology@internal@tbb@@YAXPEAH@Z 0000000180012f70 f   governor.obj
 0001:00012140       ?default_concurrency@numa_topology@internal@tbb@@YAHH@Z 0000000180013140 f   governor.obj
 0001:00012310       ?initialize@task_scheduler_init@tbb@@QEAAXH@Z 0000000180013310 f   governor.obj
 0001:00012320       ?initialize@task_scheduler_init@tbb@@QEAAXH_K@Z 0000000180013320 f   governor.obj
 0001:00012610       ?internal_terminate@task_scheduler_init@tbb@@AEAA_N_N@Z 0000000180013610 f   governor.obj
 0001:00012750       ?terminate@task_scheduler_init@tbb@@QEAAXXZ 0000000180013750 f   governor.obj
 0001:00012760       ?internal_blocking_terminate@task_scheduler_init@tbb@@AEAA_N_N@Z 0000000180013760 f   governor.obj
 0001:000127a0       ?default_num_threads@task_scheduler_init@tbb@@SAHXZ 00000001800137a0 f   governor.obj
 0001:000127b0       ??1scoped_lock@spin_rw_mutex_v3@tbb@@QEAA@XZ 00000001800137b0 f i market.obj
 0001:000127e0       ?max_job_count@market@internal@tbb@@EEBAIXZ 00000001800137e0 f i market.obj
 0001:000127f0       ?min_stack_size@market@internal@tbb@@EEBA_KXZ 00000001800137f0 f i market.obj
 0001:00012800       _get_startup_argv_mode     0000000180013800 f i MSVCRT:argv_mode.obj
 0001:00012800       ?policy@market@internal@tbb@@EEBA?AW4policy_type@client@rml@@XZ 0000000180013800 f i market.obj
 0001:00012870       ?global_market@market@internal@tbb@@CAAEAV123@_NI_K@Z 0000000180013870 f   market.obj
 0001:00012bf0       ?release@market@internal@tbb@@QEAA_N_N0@Z 0000000180013bf0 f   market.obj
 0001:00012d70       ?update_workers_request@market@internal@tbb@@AEAAHXZ 0000000180013d70 f   market.obj
 0001:00012dd0       ?set_active_num_workers@market@internal@tbb@@SAXI@Z 0000000180013dd0 f   market.obj
 0001:00013050       ?create_arena@market@internal@tbb@@SAPEAVarena@23@HH_K@Z 0000000180014050 f   market.obj
 0001:000131b0       ?try_destroy_arena@market@internal@tbb@@QEAAXPEAVarena@23@_K@Z 00000001800141b0 f   market.obj
 0001:00013310       ?arena_in_need@market@internal@tbb@@AEAAPEAVarena@23@PEAV423@@Z 0000000180014310 f   market.obj
 0001:00013470       ?update_allotment@market@internal@tbb@@AEAAX_J@Z 0000000180014470 f   market.obj
 0001:000135c0       ?enable_mandatory_concurrency@market@internal@tbb@@QEAAXPEAVarena@23@@Z 00000001800145c0 f   market.obj
 0001:00013690       ?mandatory_concurrency_disable@market@internal@tbb@@QEAAXPEAVarena@23@@Z 0000000180014690 f   market.obj
 0001:00013780       ?adjust_demand@market@internal@tbb@@QEAAXAEAVarena@23@H@Z 0000000180014780 f   market.obj
 0001:00013a60       ?process@market@internal@tbb@@EEAAXAEAVjob@rml@@@Z 0000000180014a60 f   market.obj
 0001:00013af0       ?cleanup@market@internal@tbb@@EEAAXAEAVjob@rml@@@Z 0000000180014af0 f   market.obj
 0001:00013c00       ?acknowledge_close_connection@market@internal@tbb@@EEAAXXZ 0000000180014c00 f   market.obj
 0001:00013c20       ?create_one_job@market@internal@tbb@@EEAAPEAVjob@rml@@XZ 0000000180014c20 f   market.obj
 0001:00013cd0       ?update_arena_top_priority@market@internal@tbb@@AEAAXAEAVarena@23@_J@Z 0000000180014cd0 f   market.obj
 0001:00013de0       ?lower_arena_priority@market@internal@tbb@@QEAA_NAEAVarena@23@_J_K@Z 0000000180014de0 f   market.obj
 0001:00013f10       ?update_arena_priority@market@internal@tbb@@QEAA_NAEAVarena@23@_J@Z 0000000180014f10 f   market.obj
 0001:000140f0       ?_RethrowException@exception_ptr@std@@QEBAXXZ 00000001800150f0 f i arena.obj
 0001:00014100       ?rethrow_exception@std@@YAXVexception_ptr@1@@Z 0000000180015100 f i arena.obj
 0001:00014120       ?throw_self@tbb_exception_ptr@internal@tbb@@QEAAXXZ 0000000180015120 f i arena.obj
 0001:00014140       ??_Etask_scheduler_observer_v3@internal@tbb@@UEAAPEAXI@Z 0000000180015140 f i * CIL library *:* CIL module *
 0001:00014140       ??_Gtask_scheduler_observer_v3@internal@tbb@@UEAAPEAXI@Z 0000000180015140 f i arena.obj
 0001:000141a0       ??1task_scheduler_observer@interface6@tbb@@UEAA@XZ 00000001800151a0 f i arena.obj
 0001:00014200       ??_Etask_scheduler_observer@interface6@tbb@@UEAAPEAXI@Z 0000000180015200 f i * CIL library *:* CIL module *
 0001:00014200       ??_Gtask_scheduler_observer@interface6@tbb@@UEAAPEAXI@Z 0000000180015200 f i arena.obj
 0001:00014280       ?notify_entry_observers@observer_list@internal@tbb@@QEAAXAEAPEAVobserver_proxy@23@_N@Z 0000000180015280 f i arena.obj
 0001:00014410       ?on_scheduler_entry@numa_binding_observer@internal@tbb@@UEAAX_N@Z 0000000180015410 f i arena.obj
 0001:00014460       ?on_scheduler_exit@numa_binding_observer@internal@tbb@@UEAAX_N@Z 0000000180015460 f i arena.obj
 0001:000144a0       ??_Gnuma_binding_observer@internal@tbb@@UEAAPEAXI@Z 00000001800154a0 f i arena.obj
 0001:000144a0       ??_Enuma_binding_observer@internal@tbb@@UEAAPEAXI@Z 00000001800154a0 f i * CIL library *:* CIL module *
 0001:00014530       ?construct_binding_observer@internal@tbb@@YAPEAVnuma_binding_observer@12@PEAVtask_arena@interface7@2@HH@Z 0000000180015530 f   arena.obj
 0001:00014760       ?occupy_free_slot_in_range@arena@internal@tbb@@QEAA_KAEAVgeneric_scheduler@23@_K1@Z 0000000180015760 f   arena.obj
 0001:00014850       ?process@arena@internal@tbb@@QEAAXAEAVgeneric_scheduler@23@@Z 0000000180015850 f   arena.obj
 0001:00014a80       ??0arena@internal@tbb@@QEAA@AEAVmarket@12@II@Z 0000000180015a80 f   arena.obj
 0001:00014cf0       ??1?$padded@Uarena_base@internal@tbb@@$0IA@@internal@tbb@@QEAA@XZ 0000000180015cf0 f i arena.obj
 0001:00014d20       ?free_arena@arena@internal@tbb@@QEAAXXZ 0000000180015d20 f   arena.obj
 0001:00014f80       ?restore_priority_if_need@arena@internal@tbb@@AEAAXXZ 0000000180015f80 f   arena.obj
 0001:00015030       ?is_out_of_work@arena@internal@tbb@@QEAA_NXZ 0000000180016030 f   arena.obj
 0001:000153e0       ?enqueue_task@arena@internal@tbb@@QEAAXAEAVtask@3@_JAEAVFastRandom@23@@Z 00000001800163e0 f   arena.obj
 0001:000154d0       ??0nested_arena_context@internal@tbb@@QEAA@PEAVgeneric_scheduler@12@PEAVarena@12@_K_N3@Z 00000001800164d0 f i arena.obj
 0001:00015720       ??1nested_arena_context@internal@tbb@@QEAA@XZ 0000000180016720 f i arena.obj
 0001:000157f0       ?nested_arena_exit@generic_scheduler@internal@tbb@@QEAAXXZ 00000001800167f0 f   arena.obj
 0001:00015970       ??1auto_empty_task@internal@tbb@@QEAA@XZ 0000000180016970 f i arena.obj
 0001:000159a0       ?internal_initialize@task_arena_base@internal@interface7@tbb@@IEAAXXZ 00000001800169a0 f   arena.obj
 0001:00015d50       ?internal_terminate@task_arena_base@internal@interface7@tbb@@IEAAXXZ 0000000180016d50 f   arena.obj
 0001:00015e70       ?internal_attach@task_arena_base@internal@interface7@tbb@@IEAAXXZ 0000000180016e70 f   arena.obj
 0001:00015ef0       ?internal_enqueue@task_arena_base@internal@interface7@tbb@@IEBAXAEAVtask@4@_J@Z 0000000180016ef0 f   arena.obj
 0001:00015f60       ?execute@delegated_task@internal@interface7@tbb@@EEAAPEAVtask@4@XZ 0000000180016f60 f i arena.obj
 0001:00016000       ??1outermost_context@?1??execute@delegated_task@internal@interface7@tbb@@EEAAPEAVtask@5@XZ@QEAA@XZ 0000000180017000 f i arena.obj
 0001:00016030       ??_Edelegated_task@internal@interface7@tbb@@EEAAPEAXI@Z 0000000180017030 f i * CIL library *:* CIL module *
 0001:00016030       ??_Gdelegated_task@internal@interface7@tbb@@EEAAPEAXI@Z 0000000180017030 f i arena.obj
 0001:000161c0       ?internal_execute@task_arena_base@internal@interface7@tbb@@IEBAXAEAVdelegate_base@234@@Z 00000001800171c0 f   arena.obj
 0001:00016870       ?execute@wait_task@internal@interface7@tbb@@EEAAPEAVtask@4@XZ 0000000180017870 f i arena.obj
 0001:000168e0       ??_E?$function_task@Vspawn_functor@graph@interface10@flow@tbb@@@internal@tbb@@UEAAPEAXI@Z 00000001800178e0 f i * CIL library *:* CIL module *
 0001:000168e0       ??_G?$function_task@Vspawn_functor@graph@interface10@flow@tbb@@@internal@tbb@@UEAAPEAXI@Z 00000001800178e0 f i arena.obj
 0001:000168e0       ??_Ewait_task@internal@interface7@tbb@@UEAAPEAXI@Z 00000001800178e0 f i * CIL library *:* CIL module *
 0001:000168e0       ??_Gwait_task@internal@interface7@tbb@@UEAAPEAXI@Z 00000001800178e0 f i arena.obj
 0001:00016910       ?internal_wait@task_arena_base@internal@interface7@tbb@@IEBAXXZ 0000000180017910 f   arena.obj
 0001:00016d10       ?internal_current_slot@task_arena_base@internal@interface7@tbb@@KAHXZ 0000000180017d10 f   arena.obj
 0001:00016d40       ??1isolation_guard@internal@interface7@tbb@@QEAA@XZ 0000000180017d40 f i arena.obj
 0001:00016d50       ?isolate_within_arena@internal@interface7@tbb@@YAXAEAVdelegate_base@123@_J@Z 0000000180017d50 f   arena.obj
 0001:00016df0       ?internal_max_concurrency@task_arena_base@internal@interface7@tbb@@KAHPEBVtask_arena@34@@Z 0000000180017df0 f   arena.obj
 0001:00016e40       ??1?$context_guard_helper@$0A@@internal@tbb@@QEAA@XZ 0000000180017e40 f i arena.obj
 0001:00016e80       ?execute@?$function_task@Vspawn_functor@graph@interface10@flow@tbb@@@internal@tbb@@EEAAPEAVtask@3@XZ 0000000180017e80 f i arena.obj
 0001:00016ea0       ?push@?$task_stream@$02@internal@tbb@@QEAAXPEAVtask@3@HAEAVFastRandom@23@@Z 0000000180017ea0 f i arena.obj
 0001:00017030       ??1?$task_stream@$02@internal@tbb@@QEAA@XZ 0000000180018030 f i arena.obj
 0001:000170b0       ??0?$padded@U?$queue_and_mutex@PEAVtask@tbb@@Vspin_mutex@2@@internal@tbb@@$0IA@@internal@tbb@@QEAA@XZ 00000001800180b0 f i arena.obj
 0001:00017110       ??1?$padded@U?$queue_and_mutex@PEAVtask@tbb@@Vspin_mutex@2@@internal@tbb@@$0IA@@internal@tbb@@QEAA@XZ 0000000180018110 f i arena.obj
 0001:000171c0       ?_Growmap@?$deque@PEAVtask@tbb@@V?$tbb_allocator@PEAVtask@tbb@@@2@@std@@IEAAX_K@Z 00000001800181c0 f i arena.obj
 0001:00017400       ?_Xlen@?$deque@PEAVtask@tbb@@V?$tbb_allocator@PEAVtask@tbb@@@2@@std@@IEBAXXZ 0000000180018400 f i arena.obj
 0001:00017420       ??$advertise_new_work@$01@arena@internal@tbb@@QEAAXXZ 0000000180018420 f i arena.obj
 0001:000174f0       ??$on_thread_leaving@$00@arena@internal@tbb@@QEAAXXZ 00000001800184f0 f i arena.obj
 0001:00017580       ??$occupy_free_slot@$0A@@arena@internal@tbb@@QEAA_KAEAVgeneric_scheduler@12@@Z 0000000180018580 f i arena.obj
 0001:00017640       ?allocate_task_pool@arena_slot@internal@tbb@@QEAAX_K@Z 0000000180018640 f i scheduler.obj
 0001:000176d0       ??1scheduler@internal@tbb@@UEAA@XZ 00000001800186d0 f   scheduler.obj
 0001:000176e0       ??0generic_scheduler@internal@tbb@@IEAA@AEAVmarket@12@_N@Z 00000001800186e0 f   scheduler.obj
 0001:000178d0       ??_Ggeneric_scheduler@internal@tbb@@UEAAPEAXI@Z 00000001800188d0 f i scheduler.obj
 0001:000178d0       ??_Egeneric_scheduler@internal@tbb@@UEAAPEAXI@Z 00000001800188d0 f i * CIL library *:* CIL module *
 0001:000178d0       ??_E?$custom_scheduler@UDefaultSchedulerTraits@internal@tbb@@@internal@tbb@@UEAAPEAXI@Z 00000001800188d0 f i * CIL library *:* CIL module *
 0001:000178d0       ??_G?$custom_scheduler@UIntelSchedulerTraits@internal@tbb@@@internal@tbb@@UEAAPEAXI@Z 00000001800188d0 f i scheduler.obj
 0001:000178d0       ??_E?$custom_scheduler@UIntelSchedulerTraits@internal@tbb@@@internal@tbb@@UEAAPEAXI@Z 00000001800188d0 f i * CIL library *:* CIL module *
 0001:000178d0       ??_G?$custom_scheduler@UDefaultSchedulerTraits@internal@tbb@@@internal@tbb@@UEAAPEAXI@Z 00000001800188d0 f i scheduler.obj
 0001:00017900       ?cleanup_scheduler@generic_scheduler@internal@tbb@@QEAAXXZ 0000000180018900 f   scheduler.obj
 0001:00017b00       ?allocate_task@generic_scheduler@internal@tbb@@QEAAAEAVtask@3@_KPEAV43@PEAVtask_group_context@3@@Z 0000000180018b00 f   scheduler.obj
 0001:00017c30       ?free_nonlocal_small_task@generic_scheduler@internal@tbb@@QEAAXAEAVtask@3@@Z 0000000180018c30 f   scheduler.obj
 0001:00017ce0       ?prepare_task_pool@generic_scheduler@internal@tbb@@QEAA_K_K@Z 0000000180018ce0 f i scheduler.obj
 0001:00017f20       ?acquire_task_pool@generic_scheduler@internal@tbb@@QEBAXXZ 0000000180018f20 f i scheduler.obj
 0001:00017fe0       ?release_task_pool@generic_scheduler@internal@tbb@@QEBAXXZ 0000000180018fe0 f i scheduler.obj
 0001:00018020       ?prepare_for_spawning@generic_scheduler@internal@tbb@@QEAAPEAVtask@3@PEAV43@@Z 0000000180019020 f i scheduler.obj
 0001:00018170       ?local_spawn@generic_scheduler@internal@tbb@@QEAAXPEAVtask@3@AEAPEAV43@@Z 0000000180019170 f   scheduler.obj
 0001:000184c0       ?spawn@generic_scheduler@internal@tbb@@UEAAXAEAVtask@3@AEAPEAV43@@Z 00000001800194c0 f   scheduler.obj
 0001:00018510       ?spawn_root_and_wait@generic_scheduler@internal@tbb@@UEAAXAEAVtask@3@AEAPEAV43@@Z 0000000180019510 f   scheduler.obj
 0001:00018610       ?enqueue@generic_scheduler@internal@tbb@@UEAAXAEAVtask@3@PEAX@Z 0000000180019610 f   scheduler.obj
 0001:00018670       ??1auto_indicator@internal@tbb@@QEAA@XZ 0000000180019670 f i scheduler.obj
 0001:00018680       ?get_task_and_activate_task_pool@generic_scheduler@internal@tbb@@QEAAPEAVtask@3@_K0_J@Z 0000000180019680 f   scheduler.obj
 0001:000187a0       ?winnow_task_pool@generic_scheduler@internal@tbb@@QEAAPEAVtask@3@_J@Z 00000001800197a0 f   scheduler.obj
 0001:00018880       ?reload_tasks@generic_scheduler@internal@tbb@@QEAAPEAVtask@3@AEAPEAV43@AEAPEAPEAV43@_J2@Z 0000000180019880 f   scheduler.obj
 0001:00018b30       ?reload_tasks@generic_scheduler@internal@tbb@@QEAAPEAVtask@3@_J@Z 0000000180019b30 f   scheduler.obj
 0001:00018c70       ?get_task@generic_scheduler@internal@tbb@@QEAAPEAVtask@3@_K_JAEA_N@Z 0000000180019c70 f i scheduler.obj
 0001:00018d80       ?get_task@generic_scheduler@internal@tbb@@QEAAPEAVtask@3@_J@Z 0000000180019d80 f i scheduler.obj
 0001:00018ff0       ?steal_task@generic_scheduler@internal@tbb@@QEAAPEAVtask@3@_J@Z 0000000180019ff0 f   scheduler.obj
 0001:00019140       ?steal_task_from@generic_scheduler@internal@tbb@@QEAAPEAVtask@3@AEAUarena_slot@23@_J@Z 000000018001a140 f   scheduler.obj
 0001:00019330       ?get_mailbox_task@generic_scheduler@internal@tbb@@QEAAPEAVtask@3@_J@Z 000000018001a330 f   scheduler.obj
 0001:000194a0       ?leave_task_pool@generic_scheduler@internal@tbb@@QEAAXXZ 000000018001a4a0 f i scheduler.obj
 0001:00019500       ?create_master@generic_scheduler@internal@tbb@@SAPEAV123@PEAVarena@23@@Z 000000018001a500 f   scheduler.obj
 0001:00019750       ?cleanup_master@generic_scheduler@internal@tbb@@QEAA_N_N@Z 000000018001a750 f   scheduler.obj
 0001:00019930       ?copy_memory@?$fast_reverse_vector@PEAVtask@tbb@@$0BA@@internal@tbb@@QEBAXPEAPEAVtask@3@@Z 000000018001a930 f i scheduler.obj
 0001:000199f0       ??1?$fast_reverse_vector@PEAVtask@tbb@@$0BA@@internal@tbb@@QEAA@XZ 000000018001a9f0 f i scheduler.obj
 0001:00019a50       ?allocate_scheduler@?$custom_scheduler@UIntelSchedulerTraits@internal@tbb@@@internal@tbb@@SAPEAVgeneric_scheduler@23@AEAVmarket@23@_N@Z 000000018001aa50 f i scheduler.obj
 0001:00019ae0       ?wait_for_all@?$custom_scheduler@UIntelSchedulerTraits@internal@tbb@@@internal@tbb@@EEAAXAEAVtask@3@PEAV43@@Z 000000018001aae0 f i scheduler.obj
 0001:00019b30       ?allocate_scheduler@?$custom_scheduler@UDefaultSchedulerTraits@internal@tbb@@@internal@tbb@@SAPEAVgeneric_scheduler@23@AEAVmarket@23@_N@Z 000000018001ab30 f i scheduler.obj
 0001:00019bc0       ?wait_for_all@?$custom_scheduler@UDefaultSchedulerTraits@internal@tbb@@@internal@tbb@@EEAAXAEAVtask@3@PEAV43@@Z 000000018001abc0 f i scheduler.obj
 0001:00019c10       ?local_wait_for_all@?$custom_scheduler@UDefaultSchedulerTraits@internal@tbb@@@internal@tbb@@EEAAXAEAVtask@3@PEAV43@@Z 000000018001ac10 f i scheduler.obj
 0001:0001a0f0       ?receive_or_steal_task@?$custom_scheduler@UDefaultSchedulerTraits@internal@tbb@@@internal@tbb@@UEAAPEAVtask@3@AEA_J_J@Z 000000018001b0f0 f i scheduler.obj
 0001:0001a600       ?local_wait_for_all@?$custom_scheduler@UIntelSchedulerTraits@internal@tbb@@@internal@tbb@@EEAAXAEAVtask@3@PEAV43@@Z 000000018001b600 f i scheduler.obj
 0001:0001a980       ?receive_or_steal_task@?$custom_scheduler@UIntelSchedulerTraits@internal@tbb@@@internal@tbb@@UEAAPEAVtask@3@AEA_J_J@Z 000000018001b980 f i scheduler.obj
 0001:0001adf0       ??$advertise_new_work@$0A@@arena@internal@tbb@@QEAAXXZ 000000018001bdf0 f i scheduler.obj
 0001:0001ae90       ??1?$context_guard_helper@$00@internal@tbb@@QEAA@XZ 000000018001be90 f i scheduler.obj
 0001:0001af00       ?pop@?$task_stream@$02@internal@tbb@@QEAAPEAVtask@3@HAEAI@Z 000000018001bf00 f i scheduler.obj
 0001:0001b030       ?process_bypass_loop@?$custom_scheduler@UDefaultSchedulerTraits@internal@tbb@@@internal@tbb@@AEAA_NAEAV?$context_guard_helper@$00@23@PEAVtask@3@_J@Z 000000018001c030 f i scheduler.obj
 0001:0001b450       ?process_bypass_loop@?$custom_scheduler@UIntelSchedulerTraits@internal@tbb@@@internal@tbb@@AEAA_NAEAV?$context_guard_helper@$0A@@23@PEAVtask@3@_J@Z 000000018001c450 f i scheduler.obj
 0001:0001b7c0       ?insert@observer_list@internal@tbb@@QEAAXPEAVobserver_proxy@23@@Z 000000018001c7c0 f   observer_proxy.obj
 0001:0001b850       ?remove_ref@observer_list@internal@tbb@@QEAAXPEAVobserver_proxy@23@@Z 000000018001c850 f   observer_proxy.obj
 0001:0001b920       ?do_notify_exit_observers@observer_list@internal@tbb@@AEAAXPEAVobserver_proxy@23@_N@Z 000000018001c920 f   observer_proxy.obj
 0001:0001baa0       ?observe@task_scheduler_observer_v3@internal@tbb@@QEAAX_N@Z 000000018001caa0 f   observer_proxy.obj
 0001:0001bd60       ?add_ref@__TBB_InitOnce@internal@tbb@@SAXXZ 000000018001cd60 f   tbb_main.obj
 0001:0001bdd0       ?remove_ref@__TBB_InitOnce@internal@tbb@@SAXXZ 000000018001cdd0 f   tbb_main.obj
 0001:0001be90       ?ITT_DoUnsafeOneTimeInitialization@internal@tbb@@YAXXZ 000000018001ce90 f   tbb_main.obj
 0001:0001bfb0       ITT_DoOneTimeInitialization 000000018001cfb0 f   tbb_main.obj
 0001:0001c030       ?DoOneTimeInitializations@internal@tbb@@YAXXZ 000000018001d030 f   tbb_main.obj
 0001:0001c370       DllMain                    000000018001d370 f   tbb_main.obj
 0001:0001c460       ?itt_store_pointer_with_release_v3@internal@tbb@@YAXPEAX0@Z 000000018001d460 f   tbb_main.obj
 0001:0001c4a0       ?itt_load_pointer_with_acquire_v3@internal@tbb@@YAPEAXPEBX@Z 000000018001d4a0 f   tbb_main.obj
 0001:0001c4c0       ?call_itt_notify_v5@internal@tbb@@YAXHPEAX@Z 000000018001d4c0 f   tbb_main.obj
 0001:0001c510       ?itt_make_task_group_v7@internal@tbb@@YAXW4itt_domain_enum@12@PEAX_K12W4string_index@12@@Z 000000018001d510 f   tbb_main.obj
 0001:0001c690       ?itt_metadata_str_add_v7@internal@tbb@@YAXW4itt_domain_enum@12@PEAX_KW4string_index@12@PEBD@Z 000000018001d690 f   tbb_main.obj
 0001:0001c770       ?itt_metadata_ptr_add_v11@internal@tbb@@YAXW4itt_domain_enum@12@PEAX_KW4string_index@12@1@Z 000000018001d770 f   tbb_main.obj
 0001:0001c850       ?itt_relation_add_v7@internal@tbb@@YAXW4itt_domain_enum@12@PEAX_KW4itt_relation@12@12@Z 000000018001d850 f   tbb_main.obj
 0001:0001c940       ?itt_task_begin_v7@internal@tbb@@YAXW4itt_domain_enum@12@PEAX_K12W4string_index@12@@Z 000000018001d940 f   tbb_main.obj
 0001:0001ca60       ?itt_task_end_v7@internal@tbb@@YAXW4itt_domain_enum@12@@Z 000000018001da60 f   tbb_main.obj
 0001:0001cab0       ?itt_region_begin_v9@internal@tbb@@YAXW4itt_domain_enum@12@PEAX_K12W4string_index@12@@Z 000000018001dab0 f   tbb_main.obj
 0001:0001cba0       ?itt_region_end_v9@internal@tbb@@YAXW4itt_domain_enum@12@PEAX_K@Z 000000018001dba0 f   tbb_main.obj
 0001:0001cc30       ?itt_load_pointer_v3@internal@tbb@@YAPEAXPEBX@Z 000000018001dc30 f   tbb_main.obj
 0001:0001cc40       ?itt_set_sync_name_v3@internal@tbb@@YAXPEAXPEB_W@Z 000000018001dc40 f   tbb_main.obj
 0001:0001cc50       ?is_first_arg_preferred@control_storage@internal@tbb@@MEBA_N_K0@Z 000000018001dc50 f i tbb_main.obj
 0001:0001cc60       ?active_value@control_storage@internal@tbb@@MEBA_KXZ 000000018001dc60 f i tbb_main.obj
 0001:0001cc80       ?default_value@allowed_parallelism_control@internal@tbb@@EEBA_KXZ 000000018001dc80 f i tbb_main.obj
 0001:0001cca0       ?is_first_arg_preferred@allowed_parallelism_control@internal@tbb@@EEBA_N_K0@Z 000000018001dca0 f i tbb_main.obj
 0001:0001ccb0       ?apply_active@allowed_parallelism_control@internal@tbb@@EEBAXXZ 000000018001dcb0 f i tbb_main.obj
 0001:0001ccc0       ?active_value@allowed_parallelism_control@internal@tbb@@EEBA_KXZ 000000018001dcc0 f i tbb_main.obj
 0001:0001cd80       ?default_value@stack_size_control@internal@tbb@@EEBA_KXZ 000000018001dd80 f i tbb_main.obj
 0001:0001cd90       ?internal_create@global_control@interface9@tbb@@AEAAXXZ 000000018001dd90 f   tbb_main.obj
 0001:0001cf00       ?internal_destroy@global_control@interface9@tbb@@AEAAXXZ 000000018001df00 f   tbb_main.obj
 0001:0001d0e0       ?active_value@global_control@interface9@tbb@@CA_KH@Z 000000018001e0e0 f   tbb_main.obj
 0001:0001d190       ?internal_grow_to_at_least@concurrent_vector_base@internal@tbb@@IEAAX_K0P6AXPEAX0@Z@Z 000000018001e190 f   concurrent_vector_v2.obj
 0001:0001d1d0       ?extend_segment_if_necessary@helper@concurrent_vector_base@internal@tbb@@SAXAEAV234@_K@Z 000000018001e1d0 f i concurrent_vector_v2.obj
 0001:0001d2a0       ?internal_capacity@concurrent_vector_base@internal@tbb@@IEBA_KXZ 000000018001e2a0 f   concurrent_vector_v2.obj
 0001:0001d2f0       ?internal_reserve@concurrent_vector_base@internal@tbb@@IEAAX_K00@Z 000000018001e2f0 f   concurrent_vector_v2.obj
 0001:0001d450       ?internal_copy@concurrent_vector_base@internal@tbb@@IEAAXAEBV123@_KP6AXPEAXPEBX1@Z@Z 000000018001e450 f   concurrent_vector_v2.obj
 0001:0001d580       ?internal_assign@concurrent_vector_base@internal@tbb@@IEAAXAEBV123@_KP6AXPEAX1@ZP6AX2PEBX1@Z5@Z 000000018001e580 f   concurrent_vector_v2.obj
 0001:0001d770       ?internal_push_back@concurrent_vector_base@internal@tbb@@IEAAPEAX_KAEA_K@Z 000000018001e770 f   concurrent_vector_v2.obj
 0001:0001d870       ?internal_grow_by@concurrent_vector_base@internal@tbb@@IEAA_K_K0P6AXPEAX0@Z@Z 000000018001e870 f   concurrent_vector_v2.obj
 0001:0001d8a0       ?internal_grow@concurrent_vector_base@internal@tbb@@IEAAX_K00P6AXPEAX0@Z@Z 000000018001e8a0 f   concurrent_vector_v2.obj
 0001:0001da50       ?internal_clear@concurrent_vector_base@internal@tbb@@IEAAXP6AXPEAX_K@Z_N@Z 000000018001ea50 f   concurrent_vector_v2.obj
 0001:0001db60       ??1push_finalizer@micro_queue@internal@tbb@@QEAA@XZ 000000018001eb60 f i concurrent_queue_v2.obj
 0001:0001db70       ??1pop_finalizer@micro_queue@internal@tbb@@QEAA@XZ 000000018001eb70 f i concurrent_queue_v2.obj
 0001:0001dc40       ?push@micro_queue@internal@tbb@@QEAAXPEBX_KAEAVconcurrent_queue_base@23@@Z 000000018001ec40 f   concurrent_queue_v2.obj
 0001:0001dda0       ?pop@micro_queue@internal@tbb@@QEAA_NPEAX_KAEAVconcurrent_queue_base@23@@Z 000000018001eda0 f   concurrent_queue_v2.obj
 0001:0001df20       ??0concurrent_queue_base@internal@tbb@@IEAA@_K@Z 000000018001ef20 f   concurrent_queue_v2.obj
 0001:0001dff0       ??_Econcurrent_queue_base@internal@tbb@@MEAAPEAXI@Z 000000018001eff0 f i * CIL library *:* CIL module *
 0001:0001dff0       ??_Gconcurrent_queue_base@internal@tbb@@MEAAPEAXI@Z 000000018001eff0 f i concurrent_queue_v2.obj
 0001:0001e080       ??1concurrent_queue_base@internal@tbb@@MEAA@XZ 000000018001f080 f   concurrent_queue_v2.obj
 0001:0001e0f0       ?internal_push@concurrent_queue_base@internal@tbb@@IEAAXPEBX@Z 000000018001f0f0 f   concurrent_queue_v2.obj
 0001:0001e1c0       ?internal_pop@concurrent_queue_base@internal@tbb@@IEAAXPEAX@Z 000000018001f1c0 f   concurrent_queue_v2.obj
 0001:0001e220       ?internal_pop_if_present@concurrent_queue_base@internal@tbb@@IEAA_NPEAX@Z 000000018001f220 f   concurrent_queue_v2.obj
 0001:0001e2e0       ?internal_push_if_not_full@concurrent_queue_base@internal@tbb@@IEAA_NPEBX@Z 000000018001f2e0 f   concurrent_queue_v2.obj
 0001:0001e3b0       ?internal_size@concurrent_queue_base@internal@tbb@@IEBA_JXZ 000000018001f3b0 f   concurrent_queue_v2.obj
 0001:0001e3d0       ??0concurrent_queue_iterator_base@internal@tbb@@IEAA@AEBVconcurrent_queue_base@12@@Z 000000018001f3d0 f   concurrent_queue_v2.obj
 0001:0001e4b0       ?assign@concurrent_queue_iterator_base@internal@tbb@@IEAAXAEBV123@@Z 000000018001f4b0 f   concurrent_queue_v2.obj
 0001:0001e550       ?advance@concurrent_queue_iterator_base@internal@tbb@@IEAAXXZ 000000018001f550 f   concurrent_queue_v2.obj
 0001:0001e5f0       ??1concurrent_queue_iterator_base@internal@tbb@@IEAA@XZ 000000018001f5f0 f   concurrent_queue_v2.obj
 0001:0001e620       ?internal_itt_releasing@spin_rw_mutex@tbb@@CAXPEAV12@@Z 000000018001f620 f   spin_rw_mutex_v2.obj
 0001:0001e630       ?internal_release_writer@spin_rw_mutex@tbb@@CAXPEAV12@@Z 000000018001f630 f   spin_rw_mutex_v2.obj
 0001:0001e670       ?internal_acquire_reader@spin_rw_mutex@tbb@@CAXPEAV12@@Z 000000018001f670 f   spin_rw_mutex_v2.obj
 0001:0001e720       ?internal_upgrade@spin_rw_mutex@tbb@@CA_NPEAV12@@Z 000000018001f720 f   spin_rw_mutex_v2.obj
 0001:0001e8e0       ?internal_downgrade@spin_rw_mutex@tbb@@CAXPEAV12@@Z 000000018001f8e0 f   spin_rw_mutex_v2.obj
 0001:0001e920       ?internal_try_acquire_reader@spin_rw_mutex@tbb@@CA_NPEAV12@@Z 000000018001f920 f   spin_rw_mutex_v2.obj
 0001:0001e9a0       ?destroy@task@tbb@@QEAAXAEAV12@@Z 000000018001f9a0 f   task_v2.obj
 0001:0001ea90       __TBB_machine_fetchadd1    000000018001fa90     atomic_support.obj
 0001:0001ea98       __TBB_machine_fetchstore1  000000018001fa98     atomic_support.obj
 0001:0001eaa0       __TBB_machine_cmpswp1      000000018001faa0     atomic_support.obj
 0001:0001eaa8       __TBB_machine_fetchadd2    000000018001faa8     atomic_support.obj
 0001:0001eab8       __TBB_machine_fetchstore2  000000018001fab8     atomic_support.obj
 0001:0001eac0       __TBB_machine_cmpswp2      000000018001fac0     atomic_support.obj
 0001:0001ead0       __TBB_machine_pause        000000018001fad0     atomic_support.obj
 0001:0001eae0       __TBB_get_cpu_ctl_env      000000018001fae0     intel64_misc.obj
 0001:0001eae8       __TBB_set_cpu_ctl_env      000000018001fae8     intel64_misc.obj
 0001:0001eaf0       __TBB_machine_try_lock_elided 000000018001faf0     itsx.obj
 0001:0001eb00       __TBB_machine_unlock_elided 000000018001fb00     itsx.obj
 0001:0001eb08       __TBB_machine_begin_transaction 000000018001fb08     itsx.obj
 0001:0001eb18       __TBB_machine_end_transaction 000000018001fb18     itsx.obj
 0001:0001eb20       __TBB_machine_transaction_conflict_abort 000000018001fb20     itsx.obj
 0001:0001eb28       __TBB_machine_is_in_transaction 000000018001fb28     itsx.obj
 0001:0001eb50       __security_check_cookie    000000018001fb50 f   MSVCRT:amdsecgs.obj
 0001:0001eb74       ??_V@YAXPEAX@Z             000000018001fb74 f   MSVCRT:delete_array.obj
 0001:0001eb74       ??3@YAXPEAX_K@Z            000000018001fb74 f   MSVCRT:delete_scalar_size.obj
 0001:0001eb7c       ??_Gtype_info@@UEAAPEAXI@Z 000000018001fb7c f i MSVCRT:std_type_info_static.obj
 0001:0001eb7c       ??_Etype_info@@UEAAPEAXI@Z 000000018001fb7c f i MSVCRT:std_type_info_static.obj
 0001:0001eba8       __raise_securityfailure    000000018001fba8 f   MSVCRT:gs_report.obj
 0001:0001ebdc       __report_gsfailure         000000018001fbdc f   MSVCRT:gs_report.obj
 0001:0001ecb0       __report_rangecheckfailure 000000018001fcb0 f   MSVCRT:gs_report.obj
 0001:0001ecc4       __report_securityfailure   000000018001fcc4 f   MSVCRT:gs_report.obj
 0001:0001ee44       ??2@YAPEAX_K@Z             000000018001fe44 f   MSVCRT:new_scalar.obj
 0001:0001ee80       ?__scrt_initialize_type_info@@YAXXZ 000000018001fe80 f   MSVCRT:tncleanup.obj
 0001:0001ee90       ?__scrt_uninitialize_type_info@@YAXXZ 000000018001fe90 f   MSVCRT:tncleanup.obj
 0001:0001f024       _Init_thread_abort         0000000180020024 f   MSVCRT:thread_safe_statics.obj
 0001:0001f054       _Init_thread_footer        0000000180020054 f   MSVCRT:thread_safe_statics.obj
 0001:0001f0b4       _Init_thread_header        00000001800200b4 f   MSVCRT:thread_safe_statics.obj
 0001:0001f11c       _Init_thread_notify        000000018002011c f   MSVCRT:thread_safe_statics.obj
 0001:0001f16c       _Init_thread_wait          000000018002016c f   MSVCRT:thread_safe_statics.obj
 0001:0001f1e4       ??_V@YAXPEAX_K@Z           00000001800201e4 f   MSVCRT:delete_array_size.obj
 0001:0001f1ec       ??_M@YAXPEAX_K1P6AX0@Z@Z   00000001800201ec f   MSVCRT:ehvecdtr.obj
 0001:0001f258       ?__ArrayUnwind@@YAXPEAX_K1P6AX0@Z@Z 0000000180020258 f   MSVCRT:ehvecdtr.obj
 0001:0001f2bc       ??_U@YAPEAX_K@Z            00000001800202bc f   MSVCRT:new_array.obj
 0001:0001f2c4       ??_L@YAXPEAX_K1P6AX0@Z2@Z  00000001800202c4 f   MSVCRT:ehvecctr.obj
 0001:0001f334       __scrt_acquire_startup_lock 0000000180020334 f   MSVCRT:utility.obj
 0001:0001f370       __scrt_dllmain_after_initialize_c 0000000180020370 f   MSVCRT:utility.obj
 0001:0001f3a4       __scrt_dllmain_before_initialize_c 00000001800203a4 f   MSVCRT:utility.obj
 0001:0001f3bc       __scrt_dllmain_crt_thread_attach 00000001800203bc f   MSVCRT:utility.obj
 0001:0001f3e4       __scrt_dllmain_crt_thread_detach 00000001800203e4 f   MSVCRT:utility.obj
 0001:0001f3fc       __scrt_dllmain_exception_filter 00000001800203fc f   MSVCRT:utility.obj
 0001:0001f45c       __scrt_dllmain_uninitialize_c 000000018002045c f   MSVCRT:utility.obj
 0001:0001f48c       __scrt_dllmain_uninitialize_critical 000000018002048c f   MSVCRT:utility.obj
 0001:0001f4a0       __scrt_initialize_crt      00000001800204a0 f   MSVCRT:utility.obj
 0001:0001f4ec       __scrt_initialize_onexit_tables 00000001800204ec f   MSVCRT:utility.obj
 0001:0001f5c4       __scrt_is_nonwritable_in_current_image 00000001800205c4 f   MSVCRT:utility.obj
 0001:0001f660       __scrt_release_startup_lock 0000000180020660 f   MSVCRT:utility.obj
 0001:0001f684       __scrt_uninitialize_crt    0000000180020684 f   MSVCRT:utility.obj
 0001:0001f6b0       _onexit                    00000001800206b0 f   MSVCRT:utility.obj
 0001:0001f700       atexit                     0000000180020700 f   MSVCRT:utility.obj
 0001:0001f718       ??3@YAXPEAX@Z              0000000180020718 f   MSVCRT:delete_scalar.obj
 0001:0001fa50       _DllMainCRTStartup         0000000180020a50 f   MSVCRT:dll_dllmain.obj
 0001:0001fa90       ??0bad_array_new_length@std@@QEAA@AEBV01@@Z 0000000180020a90 f i MSVCRT:throw_bad_alloc.obj
 0001:0001fad0       ??0bad_array_new_length@std@@QEAA@XZ 0000000180020ad0 f i MSVCRT:throw_bad_alloc.obj
 0001:0001faf0       ??1bad_array_new_length@std@@UEAA@XZ 0000000180020af0 f i MSVCRT:throw_bad_alloc.obj
[...]
 0004:000023b8       $pdata$?wait_for_all@?$custom_scheduler@UIntelSchedulerTraits@internal@tbb@@@internal@tbb@@EEAAXAEAVtask@3@PEAV43@@Z 00000001800393b8     scheduler.obj
 0004:000023c4       $pdata$?allocate_scheduler@?$custom_scheduler@UIntelSchedulerTraits@internal@tbb@@@internal@tbb@@SAPEAVgeneric_scheduler@23@AEAVmarket@23@_N@Z 00000001800393c4     scheduler.obj
 0004:000023d0       $pdata$??1?$fast_reverse_vector@PEAVtask@tbb@@$0BA@@internal@tbb@@QEAA@XZ 00000001800393d0     scheduler.obj
 0004:000023dc       $pdata$?copy_memory@?$fast_reverse_vector@PEAVtask@tbb@@$0BA@@internal@tbb@@QEBAXPEAPEAVtask@3@@Z 00000001800393dc     scheduler.obj
 0004:000023e8       $pdata$0$?copy_memory@?$fast_reverse_vector@PEAVtask@tbb@@$0BA@@internal@tbb@@QEBAXPEAPEAVtask@3@@Z 00000001800393e8     scheduler.obj
 0004:000023f4       $pdata$1$?copy_memory@?$fast_reverse_vector@PEAVtask@tbb@@$0BA@@internal@tbb@@QEBAXPEAPEAVtask@3@@Z 00000001800393f4     scheduler.obj
 0004:00002400       $pdata$?leave_task_pool@generic_scheduler@internal@tbb@@QEAAXXZ 0000000180039400     scheduler.obj
 0004:0000240c       $pdata$?get_mailbox_task@generic_scheduler@internal@tbb@@QEAAPEAVtask@3@_J@Z 000000018003940c     scheduler.obj
 0004:00002418       $pdata$?steal_task_from@generic_scheduler@internal@tbb@@QEAAPEAVtask@3@AEAUarena_slot@23@_J@Z 0000000180039418     scheduler.obj
 0004:00002424       $pdata$1$?steal_task_from@generic_scheduler@internal@tbb@@QEAAPEAVtask@3@AEAUarena_slot@23@_J@Z 0000000180039424     scheduler.obj
 0004:00002430       $pdata$2$?steal_task_from@generic_scheduler@internal@tbb@@QEAAPEAVtask@3@AEAUarena_slot@23@_J@Z 0000000180039430     scheduler.obj
 0004:0000243c       $pdata$3$?steal_task_from@generic_scheduler@internal@tbb@@QEAAPEAVtask@3@AEAUarena_slot@23@_J@Z 000000018003943c     scheduler.obj
 0004:00002448       $pdata$?steal_task@generic_scheduler@internal@tbb@@QEAAPEAVtask@3@_J@Z 0000000180039448     scheduler.obj
 0004:00002454       $pdata$?get_task@generic_scheduler@internal@tbb@@QEAAPEAVtask@3@_J@Z 0000000180039454     scheduler.obj
 0004:00002460       $pdata$?get_task@generic_scheduler@internal@tbb@@QEAAPEAVtask@3@_K_JAEA_N@Z 0000000180039460     scheduler.obj
 0004:0000246c       $pdata$?reload_tasks@generic_scheduler@internal@tbb@@QEAAPEAVtask@3@_J@Z 000000018003946c     scheduler.obj
 0004:00002478       $pdata$2$?reload_tasks@generic_scheduler@internal@tbb@@QEAAPEAVtask@3@_J@Z 0000000180039478     scheduler.obj
 0004:00002484       $pdata$3$?reload_tasks@generic_scheduler@internal@tbb@@QEAAPEAVtask@3@_J@Z 0000000180039484     scheduler.obj
 0004:00002490       $pdata$?reload_tasks@generic_scheduler@internal@tbb@@QEAAPEAVtask@3@AEAPEAV43@AEAPEAPEAV43@_J2@Z 0000000180039490     scheduler.obj
 0004:0000249c       $pdata$?winnow_task_pool@generic_scheduler@internal@tbb@@QEAAPEAVtask@3@_J@Z 000000018003949c     scheduler.obj
 0004:000024a8       $pdata$?get_task_and_activate_task_pool@generic_scheduler@internal@tbb@@QEAAPEAVtask@3@_K0_J@Z 00000001800394a8     scheduler.obj
 0004:000024b4       $pdata$?enqueue@generic_scheduler@internal@tbb@@UEAAXAEAVtask@3@PEAX@Z 00000001800394b4     scheduler.obj
 0004:000024c0       $pdata$?spawn_root_and_wait@generic_scheduler@internal@tbb@@UEAAXAEAVtask@3@AEAPEAV43@@Z 00000001800394c0     scheduler.obj
 0004:000024cc       $pdata$?spawn@generic_scheduler@internal@tbb@@UEAAXAEAVtask@3@AEAPEAV43@@Z 00000001800394cc     scheduler.obj
 0004:000024d8       $pdata$?prepare_for_spawning@generic_scheduler@internal@tbb@@QEAAPEAVtask@3@PEAV43@@Z 00000001800394d8     scheduler.obj
 0004:000024e4       $pdata$1$?prepare_for_spawning@generic_scheduler@internal@tbb@@QEAAPEAVtask@3@PEAV43@@Z 00000001800394e4     scheduler.obj
 0004:000024f0       $pdata$2$?prepare_for_spawning@generic_scheduler@internal@tbb@@QEAAPEAVtask@3@PEAV43@@Z 00000001800394f0     scheduler.obj
 0004:000024fc       $pdata$?release_task_pool@generic_scheduler@internal@tbb@@QEBAXXZ 00000001800394fc     scheduler.obj
 0004:00002508       $pdata$?acquire_task_pool@generic_scheduler@internal@tbb@@QEBAXXZ 0000000180039508     scheduler.obj
 0004:00002514       $pdata$2$?acquire_task_pool@generic_scheduler@internal@tbb@@QEBAXXZ 0000000180039514     scheduler.obj
 0004:00002520       $pdata$3$?acquire_task_pool@generic_scheduler@internal@tbb@@QEBAXXZ 0000000180039520     scheduler.obj
 0004:0000252c       $pdata$?prepare_task_pool@generic_scheduler@internal@tbb@@QEAA_K_K@Z 000000018003952c     scheduler.obj
 0004:00002538       $pdata$3$?prepare_task_pool@generic_scheduler@internal@tbb@@QEAA_K_K@Z 0000000180039538     scheduler.obj
 0004:00002544       $pdata$4$?prepare_task_pool@generic_scheduler@internal@tbb@@QEAA_K_K@Z 0000000180039544     scheduler.obj
 0004:00002550       $pdata$5$?prepare_task_pool@generic_scheduler@internal@tbb@@QEAA_K_K@Z 0000000180039550     scheduler.obj
 0004:0000255c       $pdata$6$?prepare_task_pool@generic_scheduler@internal@tbb@@QEAA_K_K@Z 000000018003955c     scheduler.obj
 0004:00002568       $pdata$7$?prepare_task_pool@generic_scheduler@internal@tbb@@QEAA_K_K@Z 0000000180039568     scheduler.obj
 0004:00002574       $pdata$?cleanup_scheduler@generic_scheduler@internal@tbb@@QEAAXXZ 0000000180039574     scheduler.obj
 0004:00002580       $pdata$0$?cleanup_scheduler@generic_scheduler@internal@tbb@@QEAAXXZ 0000000180039580     scheduler.obj
 0004:0000258c       $pdata$3$?cleanup_scheduler@generic_scheduler@internal@tbb@@QEAAXXZ 000000018003958c     scheduler.obj
 0004:00002598       $pdata$4$?cleanup_scheduler@generic_scheduler@internal@tbb@@QEAAXXZ 0000000180039598     scheduler.obj
 0004:000025a4       $pdata$5$?cleanup_scheduler@generic_scheduler@internal@tbb@@QEAAXXZ 00000001800395a4     scheduler.obj
 0004:000025b0       $pdata$6$?cleanup_scheduler@generic_scheduler@internal@tbb@@QEAAXXZ 00000001800395b0     scheduler.obj
 0004:000025bc       $pdata$??0generic_scheduler@internal@tbb@@IEAA@AEAVmarket@12@_N@Z 00000001800395bc     scheduler.obj
 0004:000025c8       $pdata$??__Ethe_dummy_context@internal@tbb@@YAXXZ 00000001800395c8     scheduler.obj
 0004:000025d4       $pdata$?allocate_task_pool@arena_slot@internal@tbb@@QEAAX_K@Z 00000001800395d4     scheduler.obj
 0004:000025e0       $pdata$?cleanup_master@generic_scheduler@internal@tbb@@QEAA_N_N@Z 00000001800395e0     scheduler.obj
 0004:000025ec       $pdata$?create_master@generic_scheduler@internal@tbb@@SAPEAV123@PEAVarena@23@@Z 00000001800395ec     scheduler.obj
 0004:000025f8       $pdata$?free_nonlocal_small_task@generic_scheduler@internal@tbb@@QEAAXAEAVtask@3@@Z 00000001800395f8     scheduler.obj
 0004:00002604       $pdata$?allocate_task@generic_scheduler@internal@tbb@@QEAAAEAVtask@3@_KPEAV43@PEAVtask_group_context@3@@Z 0000000180039604     scheduler.obj
 0004:00002610       $pdata$?local_spawn@generic_scheduler@internal@tbb@@QEAAXPEAVtask@3@AEAPEAV43@@Z 0000000180039610     scheduler.obj
 0004:0000261c       $pdata$?remove_ref@observer_list@internal@tbb@@QEAAXPEAVobserver_proxy@23@@Z 000000018003961c     observer_proxy.obj
 0004:00002628       $pdata$?insert@observer_list@internal@tbb@@QEAAXPEAVobserver_proxy@23@@Z 0000000180039628     observer_proxy.obj
 0004:00002634       $pdata$?observe@task_scheduler_observer_v3@internal@tbb@@QEAAX_N@Z 0000000180039634     observer_proxy.obj
 0004:00002640       $pdata$0$?observe@task_scheduler_observer_v3@internal@tbb@@QEAAX_N@Z 0000000180039640     observer_proxy.obj
 0004:0000264c       $pdata$1$?observe@task_scheduler_observer_v3@internal@tbb@@QEAAX_N@Z 000000018003964c     observer_proxy.obj
 0004:00002658       $pdata$?do_notify_exit_observers@observer_list@internal@tbb@@AEAAXPEAVobserver_proxy@23@_N@Z 0000000180039658     observer_proxy.obj
 0004:00002664       $pdata$?internal_destroy@global_control@interface9@tbb@@AEAAXXZ 0000000180039664     tbb_main.obj
 0004:00002670       $pdata$?internal_create@global_control@interface9@tbb@@AEAAXXZ 0000000180039670     tbb_main.obj
 0004:0000267c       $pdata$?active_value@allowed_parallelism_control@internal@tbb@@EEBA_KXZ 000000018003967c     tbb_main.obj
 0004:00002688       $pdata$1$?active_value@allowed_parallelism_control@internal@tbb@@EEBA_KXZ 0000000180039688     tbb_main.obj
 0004:00002694       $pdata$2$?active_value@allowed_parallelism_control@internal@tbb@@EEBA_KXZ 0000000180039694     tbb_main.obj
 0004:000026a0       $pdata$?default_value@allowed_parallelism_control@internal@tbb@@EEBA_KXZ 00000001800396a0     tbb_main.obj
 0004:000026ac       $pdata$?itt_region_end_v9@internal@tbb@@YAXW4itt_domain_enum@12@PEAX_K@Z 00000001800396ac     tbb_main.obj
 0004:000026b8       $pdata$?itt_region_begin_v9@internal@tbb@@YAXW4itt_domain_enum@12@PEAX_K12W4string_index@12@@Z 00000001800396b8     tbb_main.obj
 0004:000026c4       $pdata$?itt_relation_add_v7@internal@tbb@@YAXW4itt_domain_enum@12@PEAX_KW4itt_relation@12@12@Z 00000001800396c4     tbb_main.obj
 0004:000026d0       $pdata$?itt_metadata_ptr_add_v11@internal@tbb@@YAXW4itt_domain_enum@12@PEAX_KW4string_index@12@1@Z 00000001800396d0     tbb_main.obj
 0004:000026dc       $pdata$?itt_metadata_str_add_v7@internal@tbb@@YAXW4itt_domain_enum@12@PEAX_KW4string_index@12@PEBD@Z 00000001800396dc     tbb_main.obj
 0004:000026e8       $pdata$?itt_load_pointer_with_acquire_v3@internal@tbb@@YAPEAXPEBX@Z 00000001800396e8     tbb_main.obj
 0004:000026f4       $pdata$?itt_store_pointer_with_release_v3@internal@tbb@@YAXPEAX0@Z 00000001800396f4     tbb_main.obj
 0004:00002700       $pdata$DllMain             0000000180039700     tbb_main.obj
 0004:0000270c       $pdata$?ITT_DoUnsafeOneTimeInitialization@internal@tbb@@YAXXZ 000000018003970c     tbb_main.obj
 0004:00002718       $pdata$1$?ITT_DoUnsafeOneTimeInitialization@internal@tbb@@YAXXZ 0000000180039718     tbb_main.obj
 0004:00002724       $pdata$2$?ITT_DoUnsafeOneTimeInitialization@internal@tbb@@YAXXZ 0000000180039724     tbb_main.obj
 0004:00002730       $pdata$?itt_task_end_v7@internal@tbb@@YAXW4itt_domain_enum@12@@Z 0000000180039730     tbb_main.obj
 0004:0000273c       $pdata$?itt_task_begin_v7@internal@tbb@@YAXW4itt_domain_enum@12@PEAX_K12W4string_index@12@@Z 000000018003973c     tbb_main.obj
 0004:00002748       $pdata$?remove_ref@__TBB_InitOnce@internal@tbb@@SAXXZ 0000000180039748     tbb_main.obj
 0004:00002754       $pdata$1$?remove_ref@__TBB_InitOnce@internal@tbb@@SAXXZ 0000000180039754     tbb_main.obj
 0004:00002760       $pdata$2$?remove_ref@__TBB_InitOnce@internal@tbb@@SAXXZ 0000000180039760     tbb_main.obj
 0004:0000276c       $pdata$3$?remove_ref@__TBB_InitOnce@internal@tbb@@SAXXZ 000000018003976c     tbb_main.obj
 0004:00002778       $pdata$4$?remove_ref@__TBB_InitOnce@internal@tbb@@SAXXZ 0000000180039778     tbb_main.obj
 0004:00002784       $pdata$?add_ref@__TBB_InitOnce@internal@tbb@@SAXXZ 0000000180039784     tbb_main.obj
 0004:00002790       $pdata$0$?add_ref@__TBB_InitOnce@internal@tbb@@SAXXZ 0000000180039790     tbb_main.obj
 0004:0000279c       $pdata$1$?add_ref@__TBB_InitOnce@internal@tbb@@SAXXZ 000000018003979c     tbb_main.obj
 0004:000027a8       $pdata$?DoOneTimeInitializations@internal@tbb@@YAXXZ 00000001800397a8     tbb_main.obj
 0004:000027b4       $pdata$0$?DoOneTimeInitializations@internal@tbb@@YAXXZ 00000001800397b4     tbb_main.obj
 0004:000027c0       $pdata$1$?DoOneTimeInitializations@internal@tbb@@YAXXZ 00000001800397c0     tbb_main.obj
 0004:000027cc       $pdata$?itt_make_task_group_v7@internal@tbb@@YAXW4itt_domain_enum@12@PEAX_K12W4string_index@12@@Z 00000001800397cc     tbb_main.obj
 0004:000027d8       $pdata$?active_value@global_control@interface9@tbb@@CA_KH@Z 00000001800397d8     tbb_main.obj
 0004:000027e4       $pdata$ITT_DoOneTimeInitialization 00000001800397e4     tbb_main.obj
 0004:000027f0       $pdata$1$ITT_DoOneTimeInitialization 00000001800397f0     tbb_main.obj
 0004:000027fc       $pdata$2$ITT_DoOneTimeInitialization 00000001800397fc     tbb_main.obj
 0004:00002808       $pdata$?internal_clear@concurrent_vector_base@internal@tbb@@IEAAXP6AXPEAX_K@Z_N@Z 0000000180039808     concurrent_vector_v2.obj
 0004:00002814       $pdata$0$?internal_clear@concurrent_vector_base@internal@tbb@@IEAAXP6AXPEAX_K@Z_N@Z 0000000180039814     concurrent_vector_v2.obj
 0004:00002820       $pdata$1$?internal_clear@concurrent_vector_base@internal@tbb@@IEAAXP6AXPEAX_K@Z_N@Z 0000000180039820     concurrent_vector_v2.obj
 0004:0000282c       $pdata$2$?internal_clear@concurrent_vector_base@internal@tbb@@IEAAXP6AXPEAX_K@Z_N@Z 000000018003982c     concurrent_vector_v2.obj
 0004:00002838       $pdata$3$?internal_clear@concurrent_vector_base@internal@tbb@@IEAAXP6AXPEAX_K@Z_N@Z 0000000180039838     concurrent_vector_v2.obj
 0004:00002844       $pdata$?internal_grow@concurrent_vector_base@internal@tbb@@IEAAX_K00P6AXPEAX0@Z@Z 0000000180039844     concurrent_vector_v2.obj
 0004:00002850       $pdata$?internal_grow_by@concurrent_vector_base@internal@tbb@@IEAA_K_K0P6AXPEAX0@Z@Z 0000000180039850     concurrent_vector_v2.obj
 0004:0000285c       $pdata$?internal_push_back@concurrent_vector_base@internal@tbb@@IEAAPEAX_KAEA_K@Z 000000018003985c     concurrent_vector_v2.obj
 0004:00002868       $pdata$?internal_assign@concurrent_vector_base@internal@tbb@@IEAAXAEBV123@_KP6AXPEAX1@ZP6AX2PEBX1@Z5@Z 0000000180039868     concurrent_vector_v2.obj
 0004:00002874       $pdata$1$?internal_assign@concurrent_vector_base@internal@tbb@@IEAAXAEBV123@_KP6AXPEAX1@ZP6AX2PEBX1@Z5@Z 0000000180039874     concurrent_vector_v2.obj
 0004:00002880       $pdata$2$?internal_assign@concurrent_vector_base@internal@tbb@@IEAAXAEBV123@_KP6AXPEAX1@ZP6AX2PEBX1@Z5@Z 0000000180039880     concurrent_vector_v2.obj
 0004:0000288c       $pdata$?internal_copy@concurrent_vector_base@internal@tbb@@IEAAXAEBV123@_KP6AXPEAXPEBX1@Z@Z 000000018003988c     concurrent_vector_v2.obj
 0004:00002898       $pdata$1$?internal_copy@concurrent_vector_base@internal@tbb@@IEAAXAEBV123@_KP6AXPEAXPEBX1@Z@Z 0000000180039898     concurrent_vector_v2.obj
 0004:000028a4       $pdata$4$?internal_copy@concurrent_vector_base@internal@tbb@@IEAAXAEBV123@_KP6AXPEAXPEBX1@Z@Z 00000001800398a4     concurrent_vector_v2.obj
 0004:000028b0       $pdata$5$?internal_copy@concurrent_vector_base@internal@tbb@@IEAAXAEBV123@_KP6AXPEAXPEBX1@Z@Z 00000001800398b0     concurrent_vector_v2.obj
 0004:000028bc       $pdata$6$?internal_copy@concurrent_vector_base@internal@tbb@@IEAAXAEBV123@_KP6AXPEAXPEBX1@Z@Z 00000001800398bc     concurrent_vector_v2.obj
 0004:000028c8       $pdata$?internal_reserve@concurrent_vector_base@internal@tbb@@IEAAX_K00@Z 00000001800398c8     concurrent_vector_v2.obj
 0004:000028d4       $pdata$2$?internal_reserve@concurrent_vector_base@internal@tbb@@IEAAX_K00@Z 00000001800398d4     concurrent_vector_v2.obj
 0004:000028e0       $pdata$4$?internal_reserve@concurrent_vector_base@internal@tbb@@IEAAX_K00@Z 00000001800398e0     concurrent_vector_v2.obj
 0004:000028ec       $pdata$5$?internal_reserve@concurrent_vector_base@internal@tbb@@IEAAX_K00@Z 00000001800398ec     concurrent_vector_v2.obj
 0004:000028f8       $pdata$6$?internal_reserve@concurrent_vector_base@internal@tbb@@IEAAX_K00@Z 00000001800398f8     concurrent_vector_v2.obj
 0004:00002904       $pdata$?extend_segment_if_necessary@helper@concurrent_vector_base@internal@tbb@@SAXAEAV234@_K@Z 0000000180039904     concurrent_vector_v2.obj
 0004:00002910       $pdata$0$?extend_segment_if_necessary@helper@concurrent_vector_base@internal@tbb@@SAXAEAV234@_K@Z 0000000180039910     concurrent_vector_v2.obj
 0004:0000291c       $pdata$2$?extend_segment_if_necessary@helper@concurrent_vector_base@internal@tbb@@SAXAEAV234@_K@Z 000000018003991c     concurrent_vector_v2.obj
 0004:00002928       $pdata$3$?extend_segment_if_necessary@helper@concurrent_vector_base@internal@tbb@@SAXAEAV234@_K@Z 0000000180039928     concurrent_vector_v2.obj
 0004:00002934       $pdata$4$?extend_segment_if_necessary@helper@concurrent_vector_base@internal@tbb@@SAXAEAV234@_K@Z 0000000180039934     concurrent_vector_v2.obj
 0004:00002940       $pdata$5$?extend_segment_if_necessary@helper@concurrent_vector_base@internal@tbb@@SAXAEAV234@_K@Z 0000000180039940     concurrent_vector_v2.obj
 0004:0000294c       $pdata$?internal_grow_to_at_least@concurrent_vector_base@internal@tbb@@IEAAX_K0P6AXPEAX0@Z@Z 000000018003994c     concurrent_vector_v2.obj
 0004:00002958       $pdata$??1concurrent_queue_iterator_base@internal@tbb@@IEAA@XZ 0000000180039958     concurrent_queue_v2.obj
 0004:00002964       $pdata$?assign@concurrent_queue_iterator_base@internal@tbb@@IEAAXAEBV123@@Z 0000000180039964     concurrent_queue_v2.obj
 0004:00002970       $pdata$??0concurrent_queue_iterator_base@internal@tbb@@IEAA@AEBVconcurrent_queue_base@12@@Z 0000000180039970     concurrent_queue_v2.obj
 0004:0000297c       $pdata$?internal_push_if_not_full@concurrent_queue_base@internal@tbb@@IEAA_NPEBX@Z 000000018003997c     concurrent_queue_v2.obj
 0004:00002988       $pdata$?internal_pop_if_present@concurrent_queue_base@internal@tbb@@IEAA_NPEAX@Z 0000000180039988     concurrent_queue_v2.obj
 0004:00002994       $pdata$?internal_pop@concurrent_queue_base@internal@tbb@@IEAAXPEAX@Z 0000000180039994     concurrent_queue_v2.obj
 0004:000029a0       $pdata$?internal_push@concurrent_queue_base@internal@tbb@@IEAAXPEBX@Z 00000001800399a0     concurrent_queue_v2.obj
 0004:000029ac       $pdata$??1concurrent_queue_base@internal@tbb@@MEAA@XZ 00000001800399ac     concurrent_queue_v2.obj
 0004:000029b8       $pdata$??_Gconcurrent_queue_base@internal@tbb@@MEAAPEAXI@Z 00000001800399b8     concurrent_queue_v2.obj
 0004:000029c4       $pdata$??0concurrent_queue_base@internal@tbb@@IEAA@_K@Z 00000001800399c4     concurrent_queue_v2.obj
 0004:000029d0       $pdata$?pop@micro_queue@internal@tbb@@QEAA_NPEAX_KAEAVconcurrent_queue_base@23@@Z 00000001800399d0     concurrent_queue_v2.obj
 0004:000029dc       $pdata$?push@micro_queue@internal@tbb@@QEAAXPEBX_KAEAVconcurrent_queue_base@23@@Z 00000001800399dc     concurrent_queue_v2.obj
 0004:000029e8       $pdata$??1pop_finalizer@micro_queue@internal@tbb@@QEAA@XZ 00000001800399e8     concurrent_queue_v2.obj
 0004:000029f4       $pdata$0$??1pop_finalizer@micro_queue@internal@tbb@@QEAA@XZ 00000001800399f4     concurrent_queue_v2.obj
 0004:00002a00       $pdata$3$??1pop_finalizer@micro_queue@internal@tbb@@QEAA@XZ 0000000180039a00     concurrent_queue_v2.obj
 0004:00002a0c       $pdata$4$??1pop_finalizer@micro_queue@internal@tbb@@QEAA@XZ 0000000180039a0c     concurrent_queue_v2.obj
 0004:00002a18       $pdata$5$??1pop_finalizer@micro_queue@internal@tbb@@QEAA@XZ 0000000180039a18     concurrent_queue_v2.obj
 0004:00002a24       $pdata$6$??1pop_finalizer@micro_queue@internal@tbb@@QEAA@XZ 0000000180039a24     concurrent_queue_v2.obj
 0004:00002a30       $pdata$?internal_try_acquire_reader@spin_rw_mutex@tbb@@CA_NPEAV12@@Z 0000000180039a30     spin_rw_mutex_v2.obj
 0004:00002a3c       $pdata$?internal_downgrade@spin_rw_mutex@tbb@@CAXPEAV12@@Z 0000000180039a3c     spin_rw_mutex_v2.obj
 0004:00002a48       $pdata$?internal_upgrade@spin_rw_mutex@tbb@@CA_NPEAV12@@Z 0000000180039a48     spin_rw_mutex_v2.obj
 0004:00002a54       $pdata$?internal_acquire_reader@spin_rw_mutex@tbb@@CAXPEAV12@@Z 0000000180039a54     spin_rw_mutex_v2.obj
 0004:00002a60       $pdata$?internal_release_writer@spin_rw_mutex@tbb@@CAXPEAV12@@Z 0000000180039a60     spin_rw_mutex_v2.obj
 0004:00002a6c       $pdata$?destroy@task@tbb@@QEAAXAEAV12@@Z 0000000180039a6c     task_v2.obj
 0004:00002a78       $pdata$__GSHandlerCheckCommon 0000000180039a78     MSVCRT:gshandler.obj
 0004:00002a84       $pdata$__GSHandlerCheck    0000000180039a84     MSVCRT:gshandler.obj
 0004:00002a90       $pdata$__GSHandlerCheck_EH 0000000180039a90     MSVCRT:gshandlereh.obj
 0005:000000a0       $R000000                   000000018003a0a0     tbb_resource.res
 0005:00000480       $R0003E0                   000000018003a480     tbb_resource.res
