 tbbmalloc_proxy_debug

 Timestamp is 5e38d582 (Tue Feb  4 10:22:58 2020)

 Preferred load address is 0000000180000000

 Start         Length     Name                   Class
 0001:00000000 00000030H .text$di                CODE
 0001:00000030 00005cb0H .text$mn                CODE
 0001:00005ce0 00000020H .text$mn$00             CODE
 0001:00005d00 000000d0H .text$x                 CODE
 0001:00005dd0 00000015H .text$yd                CODE
 0002:00000000 00000298H .idata$5                DATA
 0002:00000298 00000010H .00cfg                  DATA
 0002:000002a8 00000008H .CRT$XCA                DATA
 0002:000002b0 00000008H .CRT$XCU                DATA
 0002:000002b8 00000008H .CRT$XCZ                DATA
 0002:000002c0 00000008H .CRT$XIA                DATA
 0002:000002c8 00000008H .CRT$XIC                DATA
 0002:000002d0 00000008H .CRT$XIZ                DATA
 0002:000002d8 00000008H .CRT$XLA                DATA
 0002:000002e0 00000008H .CRT$XLZ                DATA
 0002:000002e8 00000008H .CRT$XPA                DATA
 0002:000002f0 00000008H .CRT$XPZ                DATA
 0002:000002f8 00000008H .CRT$XTA                DATA
 0002:00000300 00000010H .CRT$XTZ                DATA
 0002:00000308 00000000H .gfids$y                DATA
 0002:00000310 00001300H .rdata                  DATA
 0002:00001610 00000028H .rdata$T                DATA
 0002:00001638 0000016cH .rdata$r                DATA
 0002:000017a4 000003a4H .rdata$zzzdbg           DATA
 0002:00001b48 00000008H .rtc$IAA                DATA
 0002:00001b50 00000008H .rtc$IZZ                DATA
 0002:00001b58 00000008H .rtc$TAA                DATA
 0002:00001b60 00000008H .rtc$TZZ                DATA
 0002:00001b68 00000004H .tls                    DATA
 0002:00001b6c 00000004H .tls$                   DATA
 0002:00001b70 00000008H .tls$ZZZ                DATA
 0002:00001b78 00000690H .xdata                  DATA
 0002:00002208 00000088H .xdata$x                DATA
 0002:00002290 00000084H .edata                  DATA
 0002:00002314 00000064H .idata$2                DATA
 0002:00002378 00000018H .idata$3                DATA
 0002:00002390 00000298H .idata$4                DATA
 0002:00002628 00000686H .idata$6                DATA
 0003:00000000 00000218H .data                   DATA
 0003:00000218 00000078H .data$r                 DATA
 0003:00000290 000024b0H .bss                    DATA
 0004:00000000 00000870H .pdata                  DATA
 0005:00000000 000000a0H .rsrc$01                DATA
 0005:000000a0 00000548H .rsrc$02                DATA

  Address         Publics by Value              Rva+Base               Lib:Object

 0000:00000000       ___safe_se_handler_count   0000000000000000     <absolute>
 0000:00000000       __guard_iat_count          0000000000000000     <absolute>
 0000:00000000       __hybrid_code_map          0000000000000000     <absolute>
 0000:00000000       __dynamic_value_reloc_table 0000000000000000     <absolute>
 0000:00000000       __guard_fids_table         0000000000000000     <absolute>
 0000:00000000       __guard_longjmp_count      0000000000000000     <absolute>
 0000:00000000       ___safe_se_handler_table   0000000000000000     <absolute>
 0000:00000000       __guard_longjmp_table      0000000000000000     <absolute>
 0000:00000000       __enclave_config           0000000000000000     <absolute>
 0000:00000000       __hybrid_auxiliary_iat     0000000000000000     <absolute>
 0000:00000000       __volatile_metadata        0000000000000000     <absolute>
 0000:00000000       __hybrid_code_map_count    0000000000000000     <absolute>
 0000:00000000       __guard_fids_count         0000000000000000     <absolute>
 0000:00000000       __guard_iat_table          0000000000000000     <absolute>
 0000:00000100       __guard_flags              0000000000000100     <absolute>
 0000:00000000       __ImageBase                0000000180000000     <linker-defined>
 0001:00000190       ?__TBB_malloc_safer_delete@@YAXPEAX@Z 0000000180001190 f   proxy.obj
 0001:000001b0       ?safer_aligned_malloc@@YAPEAX_K0@Z 00000001800011b0 f   proxy.obj
 0001:00000200       ?safer_expand@@YAPEAXPEAX_K@Z 0000000180001200 f   proxy.obj
 0001:00000220       ?__TBB_malloc__o_free@@YAXPEAX@Z 0000000180001220 f   proxy.obj
 0001:00000250       ?__TBB_malloc__free_base@@YAXPEAX@Z 0000000180001250 f   proxy.obj
 0001:00000280       ?__TBB_malloc_safer_free_msvcr100d@@YAXPEAX@Z 0000000180001280 f   proxy.obj
 0001:000002b0       ?__TBB_malloc_safer__aligned_free_msvcr100d@@YAXPEAX@Z 00000001800012b0 f   proxy.obj
 0001:000002e0       ?__TBB_malloc_safer__msize_msvcr100d@@YA_KPEAX@Z 00000001800012e0 f   proxy.obj
 0001:00000310       ?__TBB_malloc_safer__aligned_msize_msvcr100d@@YA_KPEAX_K1@Z 0000000180001310 f   proxy.obj
 0001:00000350       ?__TBB_malloc_safer_realloc_msvcr100d@@YAPEAXPEAX_K@Z 0000000180001350 f   proxy.obj
 0001:000003a0       ?__TBB_malloc_safer__aligned_realloc_msvcr100d@@YAPEAXPEAX_K1@Z 00000001800013a0 f   proxy.obj
 0001:000003f0       ?__TBB_malloc_safer_free_msvcr100@@YAXPEAX@Z 00000001800013f0 f   proxy.obj
 0001:00000420       ?__TBB_malloc_safer__aligned_free_msvcr100@@YAXPEAX@Z 0000000180001420 f   proxy.obj
 0001:00000450       ?__TBB_malloc_safer__msize_msvcr100@@YA_KPEAX@Z 0000000180001450 f   proxy.obj
 0001:00000480       ?__TBB_malloc_safer__aligned_msize_msvcr100@@YA_KPEAX_K1@Z 0000000180001480 f   proxy.obj
 0001:000004c0       ?__TBB_malloc_safer_realloc_msvcr100@@YAPEAXPEAX_K@Z 00000001800014c0 f   proxy.obj
 0001:00000510       ?__TBB_malloc_safer__aligned_realloc_msvcr100@@YAPEAXPEAX_K1@Z 0000000180001510 f   proxy.obj
 0001:00000560       ?__TBB_malloc_safer_free_msvcr110d@@YAXPEAX@Z 0000000180001560 f   proxy.obj
 0001:00000590       ?__TBB_malloc_safer__aligned_free_msvcr110d@@YAXPEAX@Z 0000000180001590 f   proxy.obj
 0001:000005c0       ?__TBB_malloc_safer__msize_msvcr110d@@YA_KPEAX@Z 00000001800015c0 f   proxy.obj
 0001:000005f0       ?__TBB_malloc_safer__aligned_msize_msvcr110d@@YA_KPEAX_K1@Z 00000001800015f0 f   proxy.obj
 0001:00000630       ?__TBB_malloc_safer_realloc_msvcr110d@@YAPEAXPEAX_K@Z 0000000180001630 f   proxy.obj
 0001:00000680       ?__TBB_malloc_safer__aligned_realloc_msvcr110d@@YAPEAXPEAX_K1@Z 0000000180001680 f   proxy.obj
 0001:000006d0       ?__TBB_malloc_safer_free_msvcr110@@YAXPEAX@Z 00000001800016d0 f   proxy.obj
 0001:00000700       ?__TBB_malloc_safer__aligned_free_msvcr110@@YAXPEAX@Z 0000000180001700 f   proxy.obj
 0001:00000730       ?__TBB_malloc_safer__msize_msvcr110@@YA_KPEAX@Z 0000000180001730 f   proxy.obj
 0001:00000760       ?__TBB_malloc_safer__aligned_msize_msvcr110@@YA_KPEAX_K1@Z 0000000180001760 f   proxy.obj
 0001:000007a0       ?__TBB_malloc_safer_realloc_msvcr110@@YAPEAXPEAX_K@Z 00000001800017a0 f   proxy.obj
 0001:000007f0       ?__TBB_malloc_safer__aligned_realloc_msvcr110@@YAPEAXPEAX_K1@Z 00000001800017f0 f   proxy.obj
 0001:00000840       ?__TBB_malloc_safer_free_msvcr120d@@YAXPEAX@Z 0000000180001840 f   proxy.obj
 0001:00000870       ?__TBB_malloc_safer__aligned_free_msvcr120d@@YAXPEAX@Z 0000000180001870 f   proxy.obj
 0001:000008a0       ?__TBB_malloc_safer__msize_msvcr120d@@YA_KPEAX@Z 00000001800018a0 f   proxy.obj
 0001:000008d0       ?__TBB_malloc_safer__aligned_msize_msvcr120d@@YA_KPEAX_K1@Z 00000001800018d0 f   proxy.obj
 0001:00000910       ?__TBB_malloc_safer_realloc_msvcr120d@@YAPEAXPEAX_K@Z 0000000180001910 f   proxy.obj
 0001:00000960       ?__TBB_malloc_safer__aligned_realloc_msvcr120d@@YAPEAXPEAX_K1@Z 0000000180001960 f   proxy.obj
 0001:000009b0       ?__TBB_malloc_safer_free_msvcr120@@YAXPEAX@Z 00000001800019b0 f   proxy.obj
 0001:000009e0       ?__TBB_malloc_safer__aligned_free_msvcr120@@YAXPEAX@Z 00000001800019e0 f   proxy.obj
 0001:00000a10       ?__TBB_malloc_safer__msize_msvcr120@@YA_KPEAX@Z 0000000180001a10 f   proxy.obj
 0001:00000a40       ?__TBB_malloc_safer__aligned_msize_msvcr120@@YA_KPEAX_K1@Z 0000000180001a40 f   proxy.obj
 0001:00000a80       ?__TBB_malloc_safer_realloc_msvcr120@@YAPEAXPEAX_K@Z 0000000180001a80 f   proxy.obj
 0001:00000ad0       ?__TBB_malloc_safer__aligned_realloc_msvcr120@@YAPEAXPEAX_K1@Z 0000000180001ad0 f   proxy.obj
 0001:00000b20       ?__TBB_malloc_safer_free_ucrtbase@@YAXPEAX@Z 0000000180001b20 f   proxy.obj
 0001:00000b50       ?__TBB_malloc_safer__aligned_free_ucrtbase@@YAXPEAX@Z 0000000180001b50 f   proxy.obj
 0001:00000b80       ?__TBB_malloc_safer__msize_ucrtbase@@YA_KPEAX@Z 0000000180001b80 f   proxy.obj
 0001:00000bb0       ?__TBB_malloc_safer__aligned_msize_ucrtbase@@YA_KPEAX_K1@Z 0000000180001bb0 f   proxy.obj
 0001:00000bf0       ?__TBB_malloc_safer_realloc_ucrtbase@@YAPEAXPEAX_K@Z 0000000180001bf0 f   proxy.obj
 0001:00000c40       ?__TBB_malloc_safer__aligned_realloc_ucrtbase@@YAPEAXPEAX_K1@Z 0000000180001c40 f   proxy.obj
 0001:00000c90       ?operator_new@@YAPEAX_K@Z  0000000180001c90 f   proxy.obj
 0001:00000cb0       ?operator_new_arr@@YAPEAX_K@Z 0000000180001cb0 f   proxy.obj
 0001:00000cd0       ?operator_delete@@YAXPEAX@Z 0000000180001cd0 f   proxy.obj
 0001:00000d00       ?operator_delete_arr@@YAXPEAX@Z 0000000180001d00 f   proxy.obj
 0001:00000d30       ?operator_new_t@@YAPEAX_KAEBUnothrow_t@std@@@Z 0000000180001d30 f   proxy.obj
 0001:00000d60       ?operator_new_arr_t@@YAPEAX_KAEBUnothrow_t@std@@@Z 0000000180001d60 f   proxy.obj
 0001:00000d90       ?operator_delete_t@@YAXPEAXAEBUnothrow_t@std@@@Z 0000000180001d90 f   proxy.obj
 0001:00000dc0       ?operator_delete_arr_t@@YAXPEAXAEBUnothrow_t@std@@@Z 0000000180001dc0 f   proxy.obj
 0001:00000df0       ?BytecodesAreKnown@@YA_NPEBD@Z 0000000180001df0 f   proxy.obj
 0001:00000f10       ?SkipReplacement@@YAXPEBD@Z 0000000180001f10 f   proxy.obj
 0001:00000f90       ?ReplaceFunctionWithStore@@YAXPEBD0P6AXXZPEAPEBDPEAP6AXXZW4FRR_ON_ERROR@@@Z 0000000180001f90 f   proxy.obj
 0001:00001050       ?doMallocReplacement@@YAXXZ 0000000180002050 f   proxy.obj
 0001:00001c40       DllMain                    0000000180002c40 f   proxy.obj
 0001:00001ca0       __TBB_malloc_proxy         0000000180002ca0 f   proxy.obj
 0001:00001cb0       ??$arrayLength@UFRData_t@@$03@@YA_KAEAY03$$CBUFRData_t@@@Z 0000000180002cb0 f i proxy.obj
 0001:00001cc0       ??$arrayLength@UFRData_t@@$05@@YA_KAEAY05$$CBUFRData_t@@@Z 0000000180002cc0 f i proxy.obj
 0001:00001cd0       ??$arrayLength@UModule@@$06@@YA_KAEAY06$$CBUModule@@@Z 0000000180002cd0 f i proxy.obj
 0001:00001ce0       ??0bad_alloc@std@@QEAA@AEBV01@@Z 0000000180002ce0 f i proxy.obj
 0001:00001d20       ??0bad_alloc@std@@QEAA@XZ  0000000180002d20 f i proxy.obj
 0001:00001d60       ??0exception@std@@QEAA@AEBV01@@Z 0000000180002d60 f i proxy.obj
 0001:00001dc0       ??0exception@std@@QEAA@QEBDH@Z 0000000180002dc0 f i proxy.obj
 0001:00001e10       ??1bad_alloc@std@@UEAA@XZ  0000000180002e10 f i proxy.obj
 0001:00001e30       ??1exception@std@@UEAA@XZ  0000000180002e30 f i proxy.obj
 0001:00001e60       ??_Ebad_alloc@std@@UEAAPEAXI@Z 0000000180002e60 f i proxy.obj
 0001:00001e60       ??_Gbad_alloc@std@@UEAAPEAXI@Z 0000000180002e60 f i proxy.obj
 0001:00001ea0       ??_Eexception@std@@UEAAPEAXI@Z 0000000180002ea0 f i proxy.obj
 0001:00001ea0       ??_Gexception@std@@UEAAPEAXI@Z 0000000180002ea0 f i proxy.obj
 0001:00001ee0       ?what@exception@std@@UEBAPEBDXZ 0000000180002ee0 f i proxy.obj
 0001:00001f20       __local_stdio_printf_options 0000000180002f20 f i proxy.obj
 0001:00001f30       _vfprintf_l                0000000180002f30 f i proxy.obj
 0001:00001f80       fprintf                    0000000180002f80 f i proxy.obj
 0001:00001fd0       ?ReplaceFunctionA@@YA?AW4FRR_TYPE@@PEBD0P6AXXZPEAPEBDPEAP6AXXZ@Z 0000000180002fd0 f   tbb_function_replacement.obj
 0001:000020e0       ?ReplaceFunctionW@@YA?AW4FRR_TYPE@@PEB_WPEBDP6AXXZPEAPEBDPEAP6AXXZ@Z 00000001800030e0 f   tbb_function_replacement.obj
 0001:000021f0       ?IsPrologueKnown@@YA_NPEBD0PEAPEBDPEAUHINSTANCE__@@@Z 00000001800031f0 f   tbb_function_replacement.obj
 0001:000022b0       ?set_assertion_handler@internal@rml@@YAP6AXPEBDH00@ZP6AX0H00@Z@Z 00000001800032b0 f   tbb_function_replacement.obj
 0001:000022e0       ?assertion_failure@internal@rml@@YAXPEBDH00@Z 00000001800032e0 f   tbb_function_replacement.obj
 0001:000025f0       ?compareStrings@@YA_KPEBD0@Z 00000001800035f0 f   tbb_function_replacement.obj
 0001:00003100       TBB_malloc_replacement_log 0000000180004100 f   tbb_function_replacement.obj
 0001:00003160       ??0MemoryBuffer@MemoryProvider@@QEAA@PEAXK@Z 0000000180004160 f i tbb_function_replacement.obj
 0001:000031b0       ??0MemoryBuffer@MemoryProvider@@QEAA@XZ 00000001800041b0 f i tbb_function_replacement.obj
 0001:000031e0       ??0MemoryProvider@@QEAA@XZ 00000001800041e0 f i tbb_function_replacement.obj
 0001:00003250       ??1MemoryProvider@@QEAA@XZ 0000000180004250 f i tbb_function_replacement.obj
 0001:00003260       ??2@YAPEAX_KPEAX@Z         0000000180004260 f i tbb_function_replacement.obj
 0001:00003270       ??_H@YAXPEAX_K1P6APEAX0@Z@Z 0000000180004270 f i tbb_function_replacement.obj
 0001:000032d0       ?Addrint2Ptr@@YAPEAX_K@Z   00000001800042d0 f i tbb_function_replacement.obj
 0001:000032f0       ?CreateBuffer@MemoryProvider@@AEAAPEAUMemoryBuffer@1@_K@Z 00000001800042f0 f i tbb_function_replacement.obj
 0001:000034d0       ?GetLocation@MemoryProvider@@QEAA_K_K@Z 00000001800044d0 f i tbb_function_replacement.obj
 0001:000035d0       ?IsInDistance@@YA_N_K0_J@Z 00000001800045d0 f i tbb_function_replacement.obj
 0001:00003650       ?Ptr2Addrint@@YA_KPEAX@Z   0000000180004650 f i tbb_function_replacement.obj
 0001:00003670       _vsnprintf_l               0000000180004670 f i tbb_function_replacement.obj
 0001:000036f0       _vsprintf_l                00000001800046f0 f i tbb_function_replacement.obj
 0001:00003740       snprintf                   0000000180004740 f i tbb_function_replacement.obj
 0001:000037a0       sprintf                    00000001800047a0 f i tbb_function_replacement.obj
 0001:000037f0       vsnprintf                  00000001800047f0 f i tbb_function_replacement.obj
 0001:00003865       GetModuleHandleA           0000000180004865 f   kernel32:KERNEL32.dll
 0001:0000386b       HeapAlloc                  000000018000486b f   kernel32:KERNEL32.dll
 0001:00003871       GetProcessHeap             0000000180004871 f   kernel32:KERNEL32.dll
 0001:00003877       GetCurrentProcess          0000000180004877 f   kernel32:KERNEL32.dll
 0001:0000387d       FlushInstructionCache      000000018000487d f   kernel32:KERNEL32.dll
 0001:00003883       GetSystemInfo              0000000180004883 f   kernel32:KERNEL32.dll
 0001:00003889       VirtualAlloc               0000000180004889 f   kernel32:KERNEL32.dll
 0001:0000388f       VirtualProtect             000000018000488f f   kernel32:KERNEL32.dll
 0001:00003895       VirtualQuery               0000000180004895 f   kernel32:KERNEL32.dll
 0001:0000389b       GetModuleHandleW           000000018000489b f   kernel32:KERNEL32.dll
 0001:000038a1       GetProcAddress             00000001800048a1 f   kernel32:KERNEL32.dll
 0001:000038a7       scalable_malloc            00000001800048a7 f   tbbmalloc_debug:tbbmalloc_debug.dll
 0001:000038ad       scalable_calloc            00000001800048ad f   tbbmalloc_debug:tbbmalloc_debug.dll
 0001:000038b3       scalable_aligned_malloc    00000001800048b3 f   tbbmalloc_debug:tbbmalloc_debug.dll
 0001:000038b9       __TBB_malloc_safer_free    00000001800048b9 f   tbbmalloc_debug:tbbmalloc_debug.dll
 0001:000038bf       __TBB_malloc_safer_realloc 00000001800048bf f   tbbmalloc_debug:tbbmalloc_debug.dll
 0001:000038c5       __TBB_malloc_safer_aligned_realloc 00000001800048c5 f   tbbmalloc_debug:tbbmalloc_debug.dll
 0001:000038cb       __TBB_malloc_safer_msize   00000001800048cb f   tbbmalloc_debug:tbbmalloc_debug.dll
 0001:000038d1       __TBB_malloc_safer_aligned_msize 00000001800048d1 f   tbbmalloc_debug:tbbmalloc_debug.dll
 0001:000038d7       ?get_new_handler@std@@YAP6AXXZXZ 00000001800048d7 f   msvcprtd:MSVCP140D.dll
 0001:000038e0       ??3@YAXPEAX_K@Z            00000001800048e0 f   MSVCRTD:delete_scalar_size.obj
 0001:00003900       __GSHandlerCheck           0000000180004900 f   MSVCRTD:gshandler.obj
 0001:00003940       __GSHandlerCheckCommon     0000000180004940 f   MSVCRTD:gshandler.obj
 0001:00003a50       __security_check_cookie    0000000180004a50 f   MSVCRTD:amdsecgs.obj
 0001:00003a80       ??1type_info@@UEAA@XZ      0000000180004a80 f   MSVCRTD:std_type_info_static.obj
 0001:00003aa0       ??_Gtype_info@@UEAAPEAXI@Z 0000000180004aa0 f i MSVCRTD:std_type_info_static.obj
 0001:00003aa0       ??_Etype_info@@UEAAPEAXI@Z 0000000180004aa0 f i MSVCRTD:std_type_info_static.obj
 0001:00003ae0       ??$__crt_fast_decode_pointer@PEAP6AXXZ@@YAPEAP6AXXZQEAP6AXXZ@Z 0000000180004ae0 f i MSVCRTD:utility.obj
 0001:00003b20       ??$__crt_fast_encode_pointer@PEAP6AXXZ@@YAPEAP6AXXZQEAP6AXXZ@Z 0000000180004b20 f i MSVCRTD:utility.obj
 0001:00003b60       ?__crt_rotate_pointer_value@@YA_K_KH@Z 0000000180004b60 f i MSVCRTD:utility.obj
 0001:00003b80       ?configure_argv@__scrt_narrow_argv_policy@@SAHXZ 0000000180004b80 f i MSVCRTD:utility.obj
 0001:00003c70       ?initialize_environment@__scrt_narrow_environment_policy@@SAHXZ 0000000180004c70 f i MSVCRTD:utility.obj
 0001:00003d10       NtCurrentTeb               0000000180004d10 f i MSVCRTD:utility.obj
 0001:00003d20       __scrt_acquire_startup_lock 0000000180004d20 f   MSVCRTD:utility.obj
 0001:00003d90       __scrt_dllmain_after_initialize_c 0000000180004d90 f   MSVCRTD:utility.obj
 0001:00003dc0       __scrt_dllmain_before_initialize_c 0000000180004dc0 f   MSVCRTD:utility.obj
 0001:00003de0       __scrt_dllmain_crt_thread_attach 0000000180004de0 f   MSVCRTD:utility.obj
 0001:00003e10       __scrt_dllmain_crt_thread_detach 0000000180004e10 f   MSVCRTD:utility.obj
 0001:00003e30       __scrt_dllmain_exception_filter 0000000180004e30 f   MSVCRTD:utility.obj
 0001:00003e90       __scrt_dllmain_uninitialize_c 0000000180004e90 f   MSVCRTD:utility.obj
 0001:00003ec0       __scrt_dllmain_uninitialize_critical 0000000180004ec0 f   MSVCRTD:utility.obj
 0001:00003ee0       __scrt_initialize_crt      0000000180004ee0 f   MSVCRTD:utility.obj
 0001:00003f30       __scrt_initialize_onexit_tables 0000000180004f30 f   MSVCRTD:utility.obj
 0001:00004040       __scrt_is_nonwritable_in_current_image 0000000180005040 f   MSVCRTD:utility.obj
 0001:000040d0       __scrt_release_startup_lock 00000001800050d0 f   MSVCRTD:utility.obj
 0001:00004100       __scrt_uninitialize_crt    0000000180005100 f   MSVCRTD:utility.obj
 0001:00004140       _onexit                    0000000180005140 f   MSVCRTD:utility.obj
 0001:000041d0       at_quick_exit              00000001800051d0 f   MSVCRTD:utility.obj
 0001:00004220       atexit                     0000000180005220 f   MSVCRTD:utility.obj
 0001:00004260       __raise_securityfailure    0000000180005260 f   MSVCRTD:gs_report.obj
 0001:000042a0       __report_gsfailure         00000001800052a0 f   MSVCRTD:gs_report.obj
 0001:00004380       __report_rangecheckfailure 0000000180005380 f   MSVCRTD:gs_report.obj
 0001:000043a0       __report_securityfailure   00000001800053a0 f   MSVCRTD:gs_report.obj
 0001:00004440       __report_securityfailureEx 0000000180005440 f   MSVCRTD:gs_report.obj
 0001:000046f0       ??$__crt_fast_decode_pointer@P6AHPEAU_RTL_CONDITION_VARIABLE@@PEAU_RTL_CRITICAL_SECTION@@K@Z@@YAP6AHPEAU_RTL_CONDITION_VARIABLE@@PEAU_RTL_CRITICAL_SECTION@@K@ZQ6AH01K@Z@Z 00000001800056f0 f i MSVCRTD:thread_safe_statics.obj
 0001:00004730       ??$__crt_fast_decode_pointer@P6AXPEAU_RTL_CONDITION_VARIABLE@@@Z@@YAP6AXPEAU_RTL_CONDITION_VARIABLE@@@ZQ6AX0@Z@Z 0000000180005730 f i MSVCRTD:thread_safe_statics.obj
 0001:00004770       ??$__crt_fast_encode_pointer@P6AHPEAU_RTL_CONDITION_VARIABLE@@PEAU_RTL_CRITICAL_SECTION@@K@Z@@YAP6AHPEAU_RTL_CONDITION_VARIABLE@@PEAU_RTL_CRITICAL_SECTION@@K@ZQ6AH01K@Z@Z 0000000180005770 f i MSVCRTD:thread_safe_statics.obj
 0001:000047b0       ??$__crt_fast_encode_pointer@P6AXPEAU_RTL_CONDITION_VARIABLE@@@Z@@YAP6AXPEAU_RTL_CONDITION_VARIABLE@@@ZQ6AX0@Z@Z 00000001800057b0 f i MSVCRTD:thread_safe_statics.obj
 0001:00004940       ?__scrt_is_event_api_used@@YA_NQEAX@Z 0000000180005940 f i MSVCRTD:thread_safe_statics.obj
 0001:000049c0       _Init_thread_abort         00000001800059c0 f   MSVCRTD:thread_safe_statics.obj
 0001:000049f0       _Init_thread_footer        00000001800059f0 f   MSVCRTD:thread_safe_statics.obj
 0001:00004a50       _Init_thread_header        0000000180005a50 f   MSVCRTD:thread_safe_statics.obj
 0001:00004ae0       _Init_thread_lock          0000000180005ae0 f   MSVCRTD:thread_safe_statics.obj
 0001:00004b00       _Init_thread_notify        0000000180005b00 f   MSVCRTD:thread_safe_statics.obj
 0001:00004b70       _Init_thread_unlock        0000000180005b70 f   MSVCRTD:thread_safe_statics.obj
 0001:00004b90       _Init_thread_wait          0000000180005b90 f   MSVCRTD:thread_safe_statics.obj
 0001:00005040       _CRT_INIT                  0000000180006040 f   MSVCRTD:dll_dllmain.obj
 0001:00005070       _DllMainCRTStartup         0000000180006070 f   MSVCRTD:dll_dllmain.obj
 0001:000050b0       ??3@YAXPEAX@Z              00000001800060b0 f   MSVCRTD:delete_scalar.obj
 0001:000050d0       __isa_available_init       00000001800060d0 f   MSVCRTD:cpu_disp.obj
 0001:00005420       _get_startup_argv_mode     0000000180006420 f   MSVCRTD:argv_mode.obj
 0001:00005430       __scrt_is_ucrt_dll_in_use  0000000180006430 f   MSVCRTD:ucrt_detection.obj
 0001:00005460       __crt_debugger_hook        0000000180006460 f   MSVCRTD:utility_desktop.obj
 0001:00005470       __scrt_fastfail            0000000180006470 f   MSVCRTD:utility_desktop.obj
 0001:00005610       __scrt_get_show_window_mode 0000000180006610 f   MSVCRTD:utility_desktop.obj
 0001:00005670       __scrt_initialize_mta      0000000180006670 f   MSVCRTD:utility_desktop.obj
 0001:00005680       __scrt_initialize_winrt    0000000180006680 f   MSVCRTD:utility_desktop.obj
 0001:00005690       __scrt_is_managed_app      0000000180006690 f   MSVCRTD:utility_desktop.obj
 0001:00005740       __scrt_set_unhandled_exception_filter 0000000180006740 f   MSVCRTD:utility_desktop.obj
 0001:00005760       __scrt_exe_initialize_mta  0000000180006760 f   MSVCRTD:utility_desktop.obj
 0001:00005760       __scrt_stub_for_initialize_mta 0000000180006760 f   MSVCRTD:utility_desktop.obj
 0001:00005770       __scrt_unhandled_exception_filter 0000000180006770 f   MSVCRTD:utility_desktop.obj
 0001:000057f0       _guard_check_icall_nop     00000001800067f0 f i MSVCRTD:guard_support.obj
 0001:00005800       ReadNoFence64              0000000180006800 f i MSVCRTD:guard_support.obj
 0001:00005820       ReadPointerNoFence         0000000180006820 f i MSVCRTD:guard_support.obj
 0001:00005840       _guard_icall_checks_enforced 0000000180006840 f i MSVCRTD:guard_support.obj
 0001:00005880       _guard_rf_checks_enforced  0000000180006880 f i MSVCRTD:guard_support.obj
 0001:00005950       __security_init_cookie     0000000180006950 f   MSVCRTD:gs_support.obj
 0001:000059d0       ?__scrt_initialize_type_info@@YAXXZ 00000001800069d0 f   MSVCRTD:tncleanup.obj
 0001:000059f0       ?__scrt_uninitialize_type_info@@YAXXZ 00000001800069f0 f   MSVCRTD:tncleanup.obj
 0001:00005a10       __local_stdio_scanf_options 0000000180006a10 f i MSVCRTD:default_local_stdio_options.obj
 0001:00005a20       __scrt_initialize_default_local_stdio_options 0000000180006a20 f   MSVCRTD:default_local_stdio_options.obj
 0001:00005a70       __scrt_get_dyn_tls_init_callback 0000000180006a70 f   MSVCRTD:dyn_tls_init.obj
 0001:00005a80       _RTC_Initialize            0000000180006a80 f   MSVCRTD:initsect.obj
 0001:00005ad0       _RTC_Terminate             0000000180006ad0 f   MSVCRTD:initsect.obj
 0001:00005b20       __std_exception_copy       0000000180006b20 f   vcruntimed:VCRUNTIME140D.dll
 0001:00005b26       __std_exception_destroy    0000000180006b26 f   vcruntimed:VCRUNTIME140D.dll
 0001:00005b2c       _CxxThrowException         0000000180006b2c f   vcruntimed:VCRUNTIME140D.dll
 0001:00005b32       __CxxFrameHandler3         0000000180006b32 f   vcruntimed:VCRUNTIME140D.dll
 0001:00005b38       memcpy                     0000000180006b38 f   vcruntimed:VCRUNTIME140D.dll
 0001:00005b3e       strstr                     0000000180006b3e f   vcruntimed:VCRUNTIME140D.dll
 0001:00005b44       __C_specific_handler       0000000180006b44 f   vcruntimed:VCRUNTIME140D.dll
 0001:00005b4a       __std_type_info_destroy_list 0000000180006b4a f   vcruntimed:VCRUNTIME140D.dll
 0001:00005b50       abort                      0000000180006b50 f   ucrtd:ucrtbased.dll
 0001:00005b56       getenv                     0000000180006b56 f   ucrtd:ucrtbased.dll
 0001:00005b5c       strcmp                     0000000180006b5c f   ucrtd:ucrtbased.dll
 0001:00005b62       strspn                     0000000180006b62 f   ucrtd:ucrtbased.dll
 0001:00005b68       __acrt_iob_func            0000000180006b68 f   ucrtd:ucrtbased.dll
 0001:00005b6e       __stdio_common_vfprintf    0000000180006b6e f   ucrtd:ucrtbased.dll
 0001:00005b74       wcsncmp                    0000000180006b74 f   ucrtd:ucrtbased.dll
 0001:00005b7a       wcsncpy                    0000000180006b7a f   ucrtd:ucrtbased.dll
 0001:00005b80       strlen                     0000000180006b80 f   ucrtd:ucrtbased.dll
 0001:00005b86       strncmp                    0000000180006b86 f   ucrtd:ucrtbased.dll
 0001:00005b8c       strncpy                    0000000180006b8c f   ucrtd:ucrtbased.dll
 0001:00005b92       _CrtDbgReport              0000000180006b92 f   ucrtd:ucrtbased.dll
 0001:00005b98       __stdio_common_vsprintf    0000000180006b98 f   ucrtd:ucrtbased.dll
 0001:00005b9e       _seh_filter_dll            0000000180006b9e f   ucrtd:ucrtbased.dll
 0001:00005ba4       _configure_narrow_argv     0000000180006ba4 f   ucrtd:ucrtbased.dll
 0001:00005baa       _initialize_narrow_environment 0000000180006baa f   ucrtd:ucrtbased.dll
 0001:00005bb0       _initialize_onexit_table   0000000180006bb0 f   ucrtd:ucrtbased.dll
 0001:00005bb6       _register_onexit_function  0000000180006bb6 f   ucrtd:ucrtbased.dll
 0001:00005bbc       _execute_onexit_table      0000000180006bbc f   ucrtd:ucrtbased.dll
 0001:00005bc2       _crt_atexit                0000000180006bc2 f   ucrtd:ucrtbased.dll
 0001:00005bc8       _crt_at_quick_exit         0000000180006bc8 f   ucrtd:ucrtbased.dll
 0001:00005bce       _cexit                     0000000180006bce f   ucrtd:ucrtbased.dll
 0001:00005bd4       _CrtDbgReportW             0000000180006bd4 f   ucrtd:ucrtbased.dll
 0001:00005bda       _initterm                  0000000180006bda f   ucrtd:ucrtbased.dll
 0001:00005be0       _initterm_e                0000000180006be0 f   ucrtd:ucrtbased.dll
 0001:00005be6       _free_dbg                  0000000180006be6 f   ucrtd:ucrtbased.dll
 0001:00005bec       terminate                  0000000180006bec f   ucrtd:ucrtbased.dll
 0001:00005bf2       RtlCaptureContext          0000000180006bf2 f   kernel32:KERNEL32.dll
 0001:00005bf8       RtlLookupFunctionEntry     0000000180006bf8 f   kernel32:KERNEL32.dll
 0001:00005bfe       RtlVirtualUnwind           0000000180006bfe f   kernel32:KERNEL32.dll
 0001:00005c04       UnhandledExceptionFilter   0000000180006c04 f   kernel32:KERNEL32.dll
 0001:00005c0a       SetUnhandledExceptionFilter 0000000180006c0a f   kernel32:KERNEL32.dll
 0001:00005c10       TerminateProcess           0000000180006c10 f   kernel32:KERNEL32.dll
 0001:00005c16       IsProcessorFeaturePresent  0000000180006c16 f   kernel32:KERNEL32.dll
 0001:00005c1c       CloseHandle                0000000180006c1c f   kernel32:KERNEL32.dll
 0001:00005c22       EnterCriticalSection       0000000180006c22 f   kernel32:KERNEL32.dll
 0001:00005c28       LeaveCriticalSection       0000000180006c28 f   kernel32:KERNEL32.dll
 0001:00005c2e       InitializeCriticalSectionAndSpinCount 0000000180006c2e f   kernel32:KERNEL32.dll
 0001:00005c34       DeleteCriticalSection      0000000180006c34 f   kernel32:KERNEL32.dll
 0001:00005c3a       SetEvent                   0000000180006c3a f   kernel32:KERNEL32.dll
 0001:00005c40       ResetEvent                 0000000180006c40 f   kernel32:KERNEL32.dll
 0001:00005c46       WaitForSingleObjectEx      0000000180006c46 f   kernel32:KERNEL32.dll
 0001:00005c4c       CreateEventW               0000000180006c4c f   kernel32:KERNEL32.dll
 0001:00005c52       IsDebuggerPresent          0000000180006c52 f   kernel32:KERNEL32.dll
 0001:00005c58       GetStartupInfoW            0000000180006c58 f   kernel32:KERNEL32.dll
 0001:00005c5e       QueryPerformanceCounter    0000000180006c5e f   kernel32:KERNEL32.dll
 0001:00005c64       GetCurrentProcessId        0000000180006c64 f   kernel32:KERNEL32.dll
 0001:00005c6a       GetCurrentThreadId         0000000180006c6a f   kernel32:KERNEL32.dll
 0001:00005c70       GetSystemTimeAsFileTime    0000000180006c70 f   kernel32:KERNEL32.dll
 0001:00005c76       InitializeSListHead        0000000180006c76 f   kernel32:KERNEL32.dll
 0001:00005c80       __acrt_initialize          0000000180006c80 f   MSVCRTD:ucrt_stubs.obj
 0001:00005c80       __vcrt_initialize          0000000180006c80 f   MSVCRTD:ucrt_stubs.obj
 0001:00005c80       __scrt_stub_for_acrt_initialize 0000000180006c80 f   MSVCRTD:ucrt_stubs.obj
 0001:00005c90       __vcrt_thread_attach       0000000180006c90 f   MSVCRTD:ucrt_stubs.obj
 0001:00005c90       __scrt_stub_for_acrt_thread_attach 0000000180006c90 f   MSVCRTD:ucrt_stubs.obj
 0001:00005c90       __acrt_thread_attach       0000000180006c90 f   MSVCRTD:ucrt_stubs.obj
 0001:00005ca0       __scrt_stub_for_acrt_thread_detach 0000000180006ca0 f   MSVCRTD:ucrt_stubs.obj
 0001:00005ca0       __acrt_thread_detach       0000000180006ca0 f   MSVCRTD:ucrt_stubs.obj
 0001:00005ca0       __vcrt_thread_detach       0000000180006ca0 f   MSVCRTD:ucrt_stubs.obj
 0001:00005cb0       __vcrt_uninitialize        0000000180006cb0 f   MSVCRTD:ucrt_stubs.obj
 0001:00005cb0       __scrt_stub_for_acrt_uninitialize 0000000180006cb0 f   MSVCRTD:ucrt_stubs.obj
 0001:00005cb0       __acrt_uninitialize        0000000180006cb0 f   MSVCRTD:ucrt_stubs.obj
 0001:00005cc0       __scrt_stub_for_acrt_uninitialize_critical 0000000180006cc0 f   MSVCRTD:ucrt_stubs.obj
 0001:00005cc0       __vcrt_uninitialize_critical 0000000180006cc0 f   MSVCRTD:ucrt_stubs.obj
 0001:00005cc0       __acrt_uninitialize_critical 0000000180006cc0 f   MSVCRTD:ucrt_stubs.obj
 0001:00005cd0       _is_c_termination_complete 0000000180006cd0 f   MSVCRTD:ucrt_stubs.obj
 0001:00005cd0       __scrt_stub_for_is_c_termination_complete 0000000180006cd0 f   MSVCRTD:ucrt_stubs.obj
 0001:00005cf0       _guard_dispatch_icall_nop  0000000180006cf0 f   MSVCRTD:guard_dispatch.obj
 0002:00000000       __imp_GetModuleHandleA     0000000180007000     kernel32:KERNEL32.dll
 0002:00000008       __imp_HeapAlloc            0000000180007008     kernel32:KERNEL32.dll
 0002:00000010       __imp_GetProcessHeap       0000000180007010     kernel32:KERNEL32.dll
 0002:00000018       __imp_GetCurrentProcess    0000000180007018     kernel32:KERNEL32.dll
 0002:00000020       __imp_FlushInstructionCache 0000000180007020     kernel32:KERNEL32.dll
 0002:00000028       __imp_GetSystemInfo        0000000180007028     kernel32:KERNEL32.dll
 0002:00000030       __imp_VirtualAlloc         0000000180007030     kernel32:KERNEL32.dll
 0002:00000038       __imp_VirtualProtect       0000000180007038     kernel32:KERNEL32.dll
 0002:00000040       __imp_VirtualQuery         0000000180007040     kernel32:KERNEL32.dll
 0002:00000048       __imp_GetModuleHandleW     0000000180007048     kernel32:KERNEL32.dll
 0002:00000050       __imp_GetProcAddress       0000000180007050     kernel32:KERNEL32.dll
 0002:00000058       __imp_GetSystemTimeAsFileTime 0000000180007058     kernel32:KERNEL32.dll
 0002:00000060       __imp_GetCurrentThreadId   0000000180007060     kernel32:KERNEL32.dll
 0002:00000068       __imp_GetCurrentProcessId  0000000180007068     kernel32:KERNEL32.dll
 0002:00000070       __imp_QueryPerformanceCounter 0000000180007070     kernel32:KERNEL32.dll
 0002:00000078       __imp_GetStartupInfoW      0000000180007078     kernel32:KERNEL32.dll
 0002:00000080       __imp_IsDebuggerPresent    0000000180007080     kernel32:KERNEL32.dll
 0002:00000088       __imp_CreateEventW         0000000180007088     kernel32:KERNEL32.dll
 0002:00000090       __imp_WaitForSingleObjectEx 0000000180007090     kernel32:KERNEL32.dll
 0002:00000098       __imp_ResetEvent           0000000180007098     kernel32:KERNEL32.dll
 0002:000000a0       __imp_SetEvent             00000001800070a0     kernel32:KERNEL32.dll
 0002:000000a8       __imp_DeleteCriticalSection 00000001800070a8     kernel32:KERNEL32.dll
 0002:000000b0       __imp_InitializeCriticalSectionAndSpinCount 00000001800070b0     kernel32:KERNEL32.dll
 0002:000000b8       __imp_LeaveCriticalSection 00000001800070b8     kernel32:KERNEL32.dll
 0002:000000c0       __imp_EnterCriticalSection 00000001800070c0     kernel32:KERNEL32.dll
 0002:000000c8       __imp_CloseHandle          00000001800070c8     kernel32:KERNEL32.dll
 0002:000000d0       __imp_IsProcessorFeaturePresent 00000001800070d0     kernel32:KERNEL32.dll
 0002:000000d8       __imp_TerminateProcess     00000001800070d8     kernel32:KERNEL32.dll
 0002:000000e0       __imp_SetUnhandledExceptionFilter 00000001800070e0     kernel32:KERNEL32.dll
 0002:000000e8       __imp_UnhandledExceptionFilter 00000001800070e8     kernel32:KERNEL32.dll
 0002:000000f0       __imp_RtlVirtualUnwind     00000001800070f0     kernel32:KERNEL32.dll
 0002:000000f8       __imp_RtlLookupFunctionEntry 00000001800070f8     kernel32:KERNEL32.dll
 0002:00000100       __imp_RtlCaptureContext    0000000180007100     kernel32:KERNEL32.dll
 0002:00000108       __imp_InitializeSListHead  0000000180007108     kernel32:KERNEL32.dll
 0002:00000110       \177KERNEL32_NULL_THUNK_DATA 0000000180007110     kernel32:KERNEL32.dll
 0002:00000118       __imp_?get_new_handler@std@@YAP6AXXZXZ 0000000180007118     msvcprtd:MSVCP140D.dll
 0002:00000120       \177MSVCP140D_NULL_THUNK_DATA 0000000180007120     msvcprtd:MSVCP140D.dll
 0002:00000128       __imp___C_specific_handler 0000000180007128     vcruntimed:VCRUNTIME140D.dll
 0002:00000130       __imp___CxxFrameHandler3   0000000180007130     vcruntimed:VCRUNTIME140D.dll
 0002:00000138       __imp__CxxThrowException   0000000180007138     vcruntimed:VCRUNTIME140D.dll
 0002:00000140       __imp___std_type_info_destroy_list 0000000180007140     vcruntimed:VCRUNTIME140D.dll
 0002:00000148       __imp_memcpy               0000000180007148     vcruntimed:VCRUNTIME140D.dll
 0002:00000150       __imp_strstr               0000000180007150     vcruntimed:VCRUNTIME140D.dll
 0002:00000158       __imp___std_exception_copy 0000000180007158     vcruntimed:VCRUNTIME140D.dll
 0002:00000160       __imp___std_exception_destroy 0000000180007160     vcruntimed:VCRUNTIME140D.dll
 0002:00000168       \177VCRUNTIME140D_NULL_THUNK_DATA 0000000180007168     vcruntimed:VCRUNTIME140D.dll
 0002:00000170       __imp___TBB_malloc_safer_aligned_realloc 0000000180007170     tbbmalloc_debug:tbbmalloc_debug.dll
 0002:00000178       __imp___TBB_malloc_safer_realloc 0000000180007178     tbbmalloc_debug:tbbmalloc_debug.dll
 0002:00000180       __imp___TBB_malloc_safer_free 0000000180007180     tbbmalloc_debug:tbbmalloc_debug.dll
 0002:00000188       __imp_scalable_aligned_malloc 0000000180007188     tbbmalloc_debug:tbbmalloc_debug.dll
 0002:00000190       __imp___TBB_malloc_safer_msize 0000000180007190     tbbmalloc_debug:tbbmalloc_debug.dll
 0002:00000198       __imp_scalable_malloc      0000000180007198     tbbmalloc_debug:tbbmalloc_debug.dll
 0002:000001a0       __imp___TBB_malloc_safer_aligned_msize 00000001800071a0     tbbmalloc_debug:tbbmalloc_debug.dll
 0002:000001a8       __imp_scalable_calloc      00000001800071a8     tbbmalloc_debug:tbbmalloc_debug.dll
 0002:000001b0       \177tbbmalloc_debug_NULL_THUNK_DATA 00000001800071b0     tbbmalloc_debug:tbbmalloc_debug.dll
 0002:000001b8       __imp__initterm            00000001800071b8     ucrtd:ucrtbased.dll
 0002:000001c0       __imp__initterm_e          00000001800071c0     ucrtd:ucrtbased.dll
 0002:000001c8       __imp__cexit               00000001800071c8     ucrtd:ucrtbased.dll
 0002:000001d0       __imp_terminate            00000001800071d0     ucrtd:ucrtbased.dll
 0002:000001d8       __imp__crt_at_quick_exit   00000001800071d8     ucrtd:ucrtbased.dll
 0002:000001e0       __imp_abort                00000001800071e0     ucrtd:ucrtbased.dll
 0002:000001e8       __imp__crt_atexit          00000001800071e8     ucrtd:ucrtbased.dll
 0002:000001f0       __imp__execute_onexit_table 00000001800071f0     ucrtd:ucrtbased.dll
 0002:000001f8       __imp__register_onexit_function 00000001800071f8     ucrtd:ucrtbased.dll
 0002:00000200       __imp__initialize_onexit_table 0000000180007200     ucrtd:ucrtbased.dll
 0002:00000208       __imp__initialize_narrow_environment 0000000180007208     ucrtd:ucrtbased.dll
 0002:00000210       __imp__configure_narrow_argv 0000000180007210     ucrtd:ucrtbased.dll
 0002:00000218       __imp__seh_filter_dll      0000000180007218     ucrtd:ucrtbased.dll
 0002:00000220       __imp___stdio_common_vsprintf 0000000180007220     ucrtd:ucrtbased.dll
 0002:00000228       __imp__CrtDbgReport        0000000180007228     ucrtd:ucrtbased.dll
 0002:00000230       __imp_strncpy              0000000180007230     ucrtd:ucrtbased.dll
 0002:00000238       __imp_getenv               0000000180007238     ucrtd:ucrtbased.dll
 0002:00000240       __imp__CrtDbgReportW       0000000180007240     ucrtd:ucrtbased.dll
 0002:00000248       __imp_strlen               0000000180007248     ucrtd:ucrtbased.dll
 0002:00000250       __imp_wcsncpy              0000000180007250     ucrtd:ucrtbased.dll
 0002:00000258       __imp_wcsncmp              0000000180007258     ucrtd:ucrtbased.dll
 0002:00000260       __imp___stdio_common_vfprintf 0000000180007260     ucrtd:ucrtbased.dll
 0002:00000268       __imp___acrt_iob_func      0000000180007268     ucrtd:ucrtbased.dll
 0002:00000270       __imp_strspn               0000000180007270     ucrtd:ucrtbased.dll
 0002:00000278       __imp__free_dbg            0000000180007278     ucrtd:ucrtbased.dll
 0002:00000280       __imp_strcmp               0000000180007280     ucrtd:ucrtbased.dll
 0002:00000288       __imp_strncmp              0000000180007288     ucrtd:ucrtbased.dll
 0002:00000290       \177ucrtbased_NULL_THUNK_DATA 0000000180007290     ucrtd:ucrtbased.dll
 0002:00000298       __guard_check_icall_fptr   0000000180007298     MSVCRTD:guard_support.obj
 0002:000002a0       __guard_dispatch_icall_fptr 00000001800072a0     MSVCRTD:guard_support.obj
 0002:000002a8       __xc_a                     00000001800072a8     MSVCRTD:initializers.obj
 0002:000002b8       __xc_z                     00000001800072b8     MSVCRTD:initializers.obj
 0002:000002c0       __xi_a                     00000001800072c0     MSVCRTD:initializers.obj
 0002:000002d0       __xi_z                     00000001800072d0     MSVCRTD:initializers.obj
 0002:000002d8       __xl_a                     00000001800072d8     MSVCRTD:tlssup.obj
 0002:000002e0       __xl_z                     00000001800072e0     MSVCRTD:tlssup.obj
 0002:000002e8       __xp_a                     00000001800072e8     MSVCRTD:initializers.obj
 0002:000002f0       __xp_z                     00000001800072f0     MSVCRTD:initializers.obj
 0002:000002f8       __xt_a                     00000001800072f8     MSVCRTD:initializers.obj
 0002:00000300       __xt_z                     0000000180007300     MSVCRTD:initializers.obj
 0002:00000cf0       ??_7exception@std@@6B@     0000000180007cf0     proxy.obj
 0002:00000d00       ??_C@_0BC@EOODALEL@Unknown?5exception@ 0000000180007d00     proxy.obj
 0002:00000d20       ??_7bad_alloc@std@@6B@     0000000180007d20     proxy.obj
 0002:00000d30       ??_C@_0P@GHFPNOJB@bad?5allocation@ 0000000180007d30     proxy.obj
 0002:000012b8       ??_7type_info@@6B@         00000001800082b8     MSVCRTD:std_type_info_static.obj
 0002:00001320       ??_C@_17CNPHIMPH@?$AA?$CF?$AAl?$AAs@ 0000000180008320     MSVCRTD:thread_safe_statics.obj
 0002:00001330       ??_C@_1EC@JIJBPKFM@?$AAa?$AAp?$AAi?$AA?9?$AAm?$AAs?$AA?9?$AAw?$AAi?$AAn?$AA?9?$AAc?$AAo?$AAr?$AAe@ 0000000180008330     MSVCRTD:thread_safe_statics.obj
 0002:00001378       ??_C@_1BK@MGMFAEKH@?$AAk?$AAe?$AAr?$AAn?$AAe?$AAl?$AA3?$AA2?$AA?4?$AAd?$AAl?$AAl@ 0000000180008378     MSVCRTD:thread_safe_statics.obj
 0002:00001398       ??_C@_0BM@HLJJNPAH@InitializeConditionVariable@ 0000000180008398     MSVCRTD:thread_safe_statics.obj
 0002:000013b8       ??_C@_0BJ@JEBJOJFJ@SleepConditionVariableCS@ 00000001800083b8     MSVCRTD:thread_safe_statics.obj
 0002:000013d8       ??_C@_0BJ@PGPPEPCC@WakeAllConditionVariable@ 00000001800083d8     MSVCRTD:thread_safe_statics.obj
 0002:00001400       ??_C@_1JM@JFDFEGEB@?$AAd?$AA?3?$AA?2?$AAa?$AAg?$AAe?$AAn?$AAt?$AA?2?$AA_?$AAw?$AAo?$AAr?$AAk?$AA?2@ 0000000180008400     MSVCRTD:thread_safe_statics.obj
 0002:000014a0       _pRawDllMain               00000001800084a0     MSVCRTD:dll_dllmain.obj
 0002:000014a0       _pDefaultRawDllMain        00000001800084a0     MSVCRTD:dll_dllmain.obj
 0002:00001510       _load_config_used          0000000180008510     MSVCRTD:loadcfg.obj
 0002:00001610       _tls_used                  0000000180008610     MSVCRTD:tlssup.obj
 0002:00001638       ??_R4exception@std@@6B@    0000000180008638     proxy.obj
 0002:00001660       ??_R3exception@std@@8      0000000180008660     proxy.obj
 0002:00001678       ??_R2exception@std@@8      0000000180008678     proxy.obj
 0002:00001688       ??_R1A@?0A@EA@exception@std@@8 0000000180008688     proxy.obj
 0002:000016b0       ??_R4bad_alloc@std@@6B@    00000001800086b0     proxy.obj
 0002:000016d8       ??_R3bad_alloc@std@@8      00000001800086d8     proxy.obj
 0002:000016f0       ??_R2bad_alloc@std@@8      00000001800086f0     proxy.obj
 0002:00001708       ??_R1A@?0A@EA@bad_alloc@std@@8 0000000180008708     proxy.obj
 0002:00001730       ??_R4type_info@@6B@        0000000180008730     MSVCRTD:std_type_info_static.obj
 0002:00001758       ??_R3type_info@@8          0000000180008758     MSVCRTD:std_type_info_static.obj
 0002:00001770       ??_R2type_info@@8          0000000180008770     MSVCRTD:std_type_info_static.obj
 0002:00001780       ??_R1A@?0A@EA@type_info@@8 0000000180008780     MSVCRTD:std_type_info_static.obj
 0002:00001b48       __rtc_iaa                  0000000180008b48     MSVCRTD:initsect.obj
 0002:00001b50       __rtc_izz                  0000000180008b50     MSVCRTD:initsect.obj
 0002:00001b58       __rtc_taa                  0000000180008b58     MSVCRTD:initsect.obj
 0002:00001b60       __rtc_tzz                  0000000180008b60     MSVCRTD:initsect.obj
 0002:00001b68       _tls_start                 0000000180008b68     MSVCRTD:tlssup.obj
 0002:00001b6c       _Init_thread_epoch         0000000180008b6c     MSVCRTD:thread_safe_statics.obj
 0002:00001b70       _tls_end                   0000000180008b70     MSVCRTD:tlssup.obj
 0002:00002208       _TI2?AVbad_alloc@std@@     0000000180009208     proxy.obj
 0002:00002228       _CTA2?AVbad_alloc@std@@    0000000180009228     proxy.obj
 0002:00002240       _CT??_R0?AVbad_alloc@std@@@8??0bad_alloc@std@@QEAA@AEBV01@@Z24 0000000180009240     proxy.obj
 0002:00002268       _CT??_R0?AVexception@std@@@8??0exception@std@@QEAA@AEBV01@@Z24 0000000180009268     proxy.obj
 0002:00002314       __IMPORT_DESCRIPTOR_KERNEL32 0000000180009314     kernel32:KERNEL32.dll
 0002:00002328       __IMPORT_DESCRIPTOR_tbbmalloc_debug 0000000180009328     tbbmalloc_debug:tbbmalloc_debug.dll
 0002:0000233c       __IMPORT_DESCRIPTOR_MSVCP140D 000000018000933c     msvcprtd:MSVCP140D.dll
 0002:00002350       __IMPORT_DESCRIPTOR_VCRUNTIME140D 0000000180009350     vcruntimed:VCRUNTIME140D.dll
 0002:00002364       __IMPORT_DESCRIPTOR_ucrtbased 0000000180009364     ucrtd:ucrtbased.dll
 0002:00002378       __NULL_IMPORT_DESCRIPTOR   0000000180009378     kernel32:KERNEL32.dll
 0003:00000000       ?known_bytecodes@@3PAPEBDA 000000018000a000     proxy.obj
 0003:00000070       ?modules_to_replace@@3PAUModule@@A 000000018000a070     proxy.obj
 0003:000000e0       ?c_routines_to_replace@@3PAUFRData_t@@A 000000018000a0e0     proxy.obj
 0003:00000140       ?cxx_routines_to_replace@@3PAUFRData_t@@A 000000018000a140     proxy.obj
 0003:000001e0       __security_cookie_complement 000000018000a1e0     MSVCRTD:gs_cookie.obj
 0003:000001e8       __security_cookie          000000018000a1e8     MSVCRTD:gs_cookie.obj
 0003:000001f0       __scrt_native_dllmain_reason 000000018000a1f0     MSVCRTD:utility.obj
 0003:000001f4       _Init_global_epoch         000000018000a1f4     MSVCRTD:thread_safe_statics.obj
 0003:000001f8       __isa_available            000000018000a1f8     MSVCRTD:cpu_disp.obj
 0003:000001fc       __isa_enabled              000000018000a1fc     MSVCRTD:cpu_disp.obj
 0003:00000200       __memcpy_nt_iters          000000018000a200     MSVCRTD:cpu_disp.obj
 0003:00000210       __scrt_ucrt_dll_is_in_use  000000018000a210     MSVCRTD:ucrt_stubs.obj
 0003:00000218       ??_R0?AVbad_alloc@std@@@8  000000018000a218     proxy.obj
 0003:00000240       ??_R0?AVexception@std@@@8  000000018000a240     proxy.obj
 0003:00000268       ??_R0?AVtype_info@@@8      000000018000a268     MSVCRTD:std_type_info_static.obj
 0003:00000290       ?orig__o_free@@3P6AXPEAX@ZEA 000000018000a290     proxy.obj
 0003:00000298       ?orig__free_base@@3P6AXPEAX@ZEA 000000018000a298     proxy.obj
 0003:000002a0       ?orig_free_msvcr100d@@3P6AXPEAX@ZEA 000000018000a2a0     proxy.obj
 0003:000002a8       ?orig__aligned_free_msvcr100d@@3P6AXPEAX@ZEA 000000018000a2a8     proxy.obj
 0003:000002b0       ?orig__msize_msvcr100d@@3P6A_KPEAX@ZEA 000000018000a2b0     proxy.obj
 0003:000002b8       ?orig__aligned_msize_msvcr100d@@3P6A_KPEAX_K1@ZEA 000000018000a2b8     proxy.obj
 0003:000002c0       ?orig_free_msvcr100@@3P6AXPEAX@ZEA 000000018000a2c0     proxy.obj
 0003:000002c8       ?orig__aligned_free_msvcr100@@3P6AXPEAX@ZEA 000000018000a2c8     proxy.obj
 0003:000002d0       ?orig__msize_msvcr100@@3P6A_KPEAX@ZEA 000000018000a2d0     proxy.obj
 0003:000002d8       ?orig__aligned_msize_msvcr100@@3P6A_KPEAX_K1@ZEA 000000018000a2d8     proxy.obj
 0003:000002e0       ?orig_free_msvcr110d@@3P6AXPEAX@ZEA 000000018000a2e0     proxy.obj
 0003:000002e8       ?orig__aligned_free_msvcr110d@@3P6AXPEAX@ZEA 000000018000a2e8     proxy.obj
 0003:000002f0       ?orig__msize_msvcr110d@@3P6A_KPEAX@ZEA 000000018000a2f0     proxy.obj
 0003:000002f8       ?orig__aligned_msize_msvcr110d@@3P6A_KPEAX_K1@ZEA 000000018000a2f8     proxy.obj
 0003:00000300       ?orig_free_msvcr110@@3P6AXPEAX@ZEA 000000018000a300     proxy.obj
 0003:00000308       ?orig__aligned_free_msvcr110@@3P6AXPEAX@ZEA 000000018000a308     proxy.obj
 0003:00000310       ?orig__msize_msvcr110@@3P6A_KPEAX@ZEA 000000018000a310     proxy.obj
 0003:00000318       ?orig__aligned_msize_msvcr110@@3P6A_KPEAX_K1@ZEA 000000018000a318     proxy.obj
 0003:00000320       ?orig_free_msvcr120d@@3P6AXPEAX@ZEA 000000018000a320     proxy.obj
 0003:00000328       ?orig__aligned_free_msvcr120d@@3P6AXPEAX@ZEA 000000018000a328     proxy.obj
 0003:00000330       ?orig__msize_msvcr120d@@3P6A_KPEAX@ZEA 000000018000a330     proxy.obj
 0003:00000338       ?orig__aligned_msize_msvcr120d@@3P6A_KPEAX_K1@ZEA 000000018000a338     proxy.obj
 0003:00000340       ?orig_free_msvcr120@@3P6AXPEAX@ZEA 000000018000a340     proxy.obj
 0003:00000348       ?orig__aligned_free_msvcr120@@3P6AXPEAX@ZEA 000000018000a348     proxy.obj
 0003:00000350       ?orig__msize_msvcr120@@3P6A_KPEAX@ZEA 000000018000a350     proxy.obj
 0003:00000358       ?orig__aligned_msize_msvcr120@@3P6A_KPEAX_K1@ZEA 000000018000a358     proxy.obj
 0003:00000360       ?orig_free_ucrtbase@@3P6AXPEAX@ZEA 000000018000a360     proxy.obj
 0003:00000368       ?orig__aligned_free_ucrtbase@@3P6AXPEAX@ZEA 000000018000a368     proxy.obj
 0003:00000370       ?orig__msize_ucrtbase@@3P6A_KPEAX@ZEA 000000018000a370     proxy.obj
 0003:00000378       ?orig__aligned_msize_ucrtbase@@3P6A_KPEAX_K1@ZEA 000000018000a378     proxy.obj
 0003:00000380       ?_OptionsStorage@?1??__local_stdio_printf_options@@9@4_KA 000000018000a380     proxy.obj
 0003:00002108       __scrt_current_native_startup_state 000000018000c108     MSVCRTD:utility.obj
 0003:00002110       __scrt_native_startup_lock 000000018000c110     MSVCRTD:utility.obj
 0003:00002708       _tls_index                 000000018000c708     MSVCRTD:tlssup.obj
 0003:00002710       __favor                    000000018000c710     MSVCRTD:cpu_disp.obj
 0003:00002714       __scrt_debugger_hook_flag  000000018000c714     MSVCRTD:utility_desktop.obj
 0003:00002720       ?__type_info_root_node@@3U__type_info_node@@A 000000018000c720     MSVCRTD:tncleanup.obj
 0003:00002730       ?_OptionsStorage@?1??__local_stdio_scanf_options@@9@4_KA 000000018000c730     MSVCRTD:default_local_stdio_options.obj
 0003:00002738       __dyn_tls_init_callback    000000018000c738     <common>

 entry point at        0001:00005070

 Static symbols

 0000:ffff0000       .debug$S                   0000000180000000     tbbmalloc_debug:tbbmalloc_debug.dll
 0002:ffff9000       __guard_fids_?__scrt_initialize_thread_safe_statics@@YAHXZ 0000000180000000     MSVCRTD:thread_safe_statics.obj
 0002:ffff9000       __guard_fids__             0000000180000000     MSVCRTD:thread_safe_statics.obj
 0002:ffff9000       __guard_fids__             0000000180000000     MSVCRTD:std_type_info_static.obj
 0002:ffff9000       __guard_fids___scrt_set_unhandled_exception_filter 0000000180000000     MSVCRTD:utility_desktop.obj
 0000:ffff0000       .debug$S                   0000000180000000     msvcprtd:MSVCP140D.dll
 0002:ffff9000       __guard_fids__             0000000180000000     MSVCRTD:guard_support.obj
 0002:ffff9000       $unwind$_vfprintf_l        0000000180000000     tbb_function_replacement.obj
 0000:ffff0000       .debug$S                   0000000180000000     tbbmalloc_proxy_debug.exp
 0000:ffff0000       .debug$S                   0000000180000000     tbbmalloc_debug:tbbmalloc_debug.dll
 0000:ffff0000       .debug$S                   0000000180000000     kernel32:KERNEL32.dll
 0000:ffff0000       .debug$S                   0000000180000000     kernel32:KERNEL32.dll
 0000:ffff0000       .debug$S                   0000000180000000     kernel32:KERNEL32.dll
 0000:ffff0000       .debug$S                   0000000180000000     kernel32:KERNEL32.dll
 0000:ffff0000       .debug$S                   0000000180000000     kernel32:KERNEL32.dll
 0000:ffff0000       .debug$S                   0000000180000000     kernel32:KERNEL32.dll
 0000:ffff0000       .debug$S                   0000000180000000     kernel32:KERNEL32.dll
 0000:ffff0000       .debug$S                   0000000180000000     kernel32:KERNEL32.dll
 0000:ffff0000       .debug$S                   0000000180000000     kernel32:KERNEL32.dll
 0000:ffff0000       .debug$S                   0000000180000000     kernel32:KERNEL32.dll
 0000:ffff0000       .debug$S                   0000000180000000     kernel32:KERNEL32.dll
 0000:ffff0000       .debug$S                   0000000180000000     kernel32:KERNEL32.dll
 0000:ffff0000       .debug$S                   0000000180000000     kernel32:KERNEL32.dll
 0000:ffff0000       .debug$S                   0000000180000000     kernel32:KERNEL32.dll
 0000:ffff0000       .debug$S                   0000000180000000     kernel32:KERNEL32.dll
 0000:ffff0000       .debug$S                   0000000180000000     kernel32:KERNEL32.dll
 0000:ffff0000       .debug$S                   0000000180000000     kernel32:KERNEL32.dll
 0000:ffff0000       .debug$S                   0000000180000000     kernel32:KERNEL32.dll
 0000:ffff0000       .debug$S                   0000000180000000     kernel32:KERNEL32.dll
 0000:ffff0000       .debug$S                   0000000180000000     kernel32:KERNEL32.dll
 0000:ffff0000       .debug$S                   0000000180000000     kernel32:KERNEL32.dll
 0000:ffff0000       .debug$S                   0000000180000000     kernel32:KERNEL32.dll
 0000:ffff0000       .debug$S                   0000000180000000     kernel32:KERNEL32.dll
 0000:ffff0000       .debug$S                   0000000180000000     tbbmalloc_debug:tbbmalloc_debug.dll
 0000:ffff0000       .debug$S                   0000000180000000     ucrtd:ucrtbased.dll
 0000:ffff0000       .debug$S                   0000000180000000     ucrtd:ucrtbased.dll
 0000:ffff0000       .debug$S                   0000000180000000     ucrtd:ucrtbased.dll
 0000:ffff0000       .debug$S                   0000000180000000     ucrtd:ucrtbased.dll
 0000:ffff0000       .debug$S                   0000000180000000     ucrtd:ucrtbased.dll
 0000:ffff0000       .debug$S                   0000000180000000     ucrtd:ucrtbased.dll
 0000:ffff0000       .debug$S                   0000000180000000     ucrtd:ucrtbased.dll
 0000:ffff0000       .debug$S                   0000000180000000     ucrtd:ucrtbased.dll
 0000:ffff0000       .debug$S                   0000000180000000     ucrtd:ucrtbased.dll
 0000:ffff0000       .debug$S                   0000000180000000     ucrtd:ucrtbased.dll
 0000:ffff0000       .debug$S                   0000000180000000     ucrtd:ucrtbased.dll
 0000:ffff0000       .debug$S                   0000000180000000     ucrtd:ucrtbased.dll
 0000:ffff0000       .debug$S                   0000000180000000     ucrtd:ucrtbased.dll
 0000:ffff0000       .debug$S                   0000000180000000     ucrtd:ucrtbased.dll
 0000:ffff0000       .debug$S                   0000000180000000     ucrtd:ucrtbased.dll
 0000:ffff0000       .debug$S                   0000000180000000     ucrtd:ucrtbased.dll
 0000:ffff0000       .debug$S                   0000000180000000     ucrtd:ucrtbased.dll
 0000:ffff0000       .debug$S                   0000000180000000     ucrtd:ucrtbased.dll
 0000:ffff0000       .debug$S                   0000000180000000     ucrtd:ucrtbased.dll
 0000:ffff0000       .debug$S                   0000000180000000     ucrtd:ucrtbased.dll
 0000:ffff0000       .debug$S                   0000000180000000     ucrtd:ucrtbased.dll
 0000:ffff0000       .debug$S                   0000000180000000     ucrtd:ucrtbased.dll
 0000:ffff0000       .debug$S                   0000000180000000     ucrtd:ucrtbased.dll
 0000:ffff0000       .debug$S                   0000000180000000     ucrtd:ucrtbased.dll
 0000:ffff0000       .debug$S                   0000000180000000     ucrtd:ucrtbased.dll
 0000:ffff0000       .debug$S                   0000000180000000     ucrtd:ucrtbased.dll
 0000:ffff0000       .debug$S                   0000000180000000     ucrtd:ucrtbased.dll
 0002:ffff9000       __guard_fids_?dllmain_dispatch@@YAHQEAUHINSTANCE__@@KQEAX@Z 0000000180000000     MSVCRTD:dll_dllmain.obj
 0000:ffff0000       .debug$S                   0000000180000000     vcruntimed:VCRUNTIME140D.dll
 0000:ffff0000       .debug$S                   0000000180000000     vcruntimed:VCRUNTIME140D.dll
 0000:ffff0000       .debug$S                   0000000180000000     vcruntimed:VCRUNTIME140D.dll
 0000:ffff0000       .debug$S                   0000000180000000     vcruntimed:VCRUNTIME140D.dll
 0000:ffff0000       .debug$S                   0000000180000000     vcruntimed:VCRUNTIME140D.dll
 0000:ffff0000       .debug$S                   0000000180000000     vcruntimed:VCRUNTIME140D.dll
 0000:ffff0000       .debug$S                   0000000180000000     vcruntimed:VCRUNTIME140D.dll
 0000:ffff0000       .debug$S                   0000000180000000     vcruntimed:VCRUNTIME140D.dll
 0004:ffff3000       $pdata$_vfprintf_l         0000000180000000     tbb_function_replacement.obj
 0000:ffff0000       .debug$S                   0000000180000000     tbbmalloc_debug:tbbmalloc_debug.dll
 0000:ffff0000       .debug$S                   0000000180000000     tbbmalloc_debug:tbbmalloc_debug.dll
 0000:ffff0000       .debug$S                   0000000180000000     tbbmalloc_debug:tbbmalloc_debug.dll
 0000:ffff0000       .debug$S                   0000000180000000     tbbmalloc_debug:tbbmalloc_debug.dll
 0000:ffff0000       .debug$S                   0000000180000000     tbbmalloc_debug:tbbmalloc_debug.dll
 0000:ffff0000       .debug$S                   0000000180000000     kernel32:KERNEL32.dll
 0000:ffff0000       .debug$S                   0000000180000000     kernel32:KERNEL32.dll
 0000:ffff0000       .debug$S                   0000000180000000     kernel32:KERNEL32.dll
 0000:ffff0000       .debug$S                   0000000180000000     kernel32:KERNEL32.dll
 0000:ffff0000       .debug$S                   0000000180000000     kernel32:KERNEL32.dll
 0000:ffff0000       .debug$S                   0000000180000000     kernel32:KERNEL32.dll
 0000:ffff0000       .debug$S                   0000000180000000     kernel32:KERNEL32.dll
 0000:ffff0000       .debug$S                   0000000180000000     kernel32:KERNEL32.dll
 0000:ffff0000       .debug$S                   0000000180000000     kernel32:KERNEL32.dll
 0000:ffff0000       .debug$S                   0000000180000000     kernel32:KERNEL32.dll
 0002:ffff9000       $unwind$fprintf            0000000180000000     tbb_function_replacement.obj
 0000:ffff0000       .debug$S                   0000000180000000     kernel32:KERNEL32.dll
 0004:ffff3000       $pdata$fprintf             0000000180000000     tbb_function_replacement.obj
 0002:ffff9000       __guard_fids__guard_icall_checks_enforced 0000000180000000     MSVCRTD:guard_support.obj
 0001:00000000       ??__EmemProvider@@YAXXZ    0000000180001000 f   tbb_function_replacement.obj
 0001:00000030       ?GetBoolEnvironmentVariable@internal@tbb@@YA_NPEBD@Z 0000000180001030 f   proxy.obj
 0001:00000110       ?InternalOperatorNew@@YAPEAX_K@Z 0000000180001110 f   proxy.obj
 0001:00002400       ?record@Log@@YAXUFunctionInfo@@PEBD_N@Z 0000000180003400 f   tbb_function_replacement.obj
 0001:000026a0       ?CheckOpcodes@@YAIPEAPEBDPEAX_NPEBUFunctionInfo@@@Z 00000001800036a0 f   tbb_function_replacement.obj
 0001:000029a0       ?CorrectOffset@@YAX_KPEBDI@Z 00000001800039a0 f   tbb_function_replacement.obj
 0001:00002a50       ?InsertTrampoline32@@YAKPEAX0PEBDPEAPEAX@Z 0000000180003a50 f   tbb_function_replacement.obj
 0001:00002cb0       ?InsertTrampoline64@@YAKPEAX0PEBDPEAPEAX@Z 0000000180003cb0 f   tbb_function_replacement.obj
 0001:00002f40       ?InsertTrampoline@@YA_NPEAX0PEAPEBDPEAPEAX@Z 0000000180003f40 f   tbb_function_replacement.obj
 0001:00003a40       $$000000                   0000000180004a40     MSVCRTD:amdsecgs.obj
 0001:00003ba0       ?find_pe_section@@YAPEAU_IMAGE_SECTION_HEADER@@QEAE_K@Z 0000000180004ba0 f   MSVCRTD:utility.obj
 0001:00003c80       ?is_potentially_valid_image_base@@YA_NQEAX@Z 0000000180004c80 f   MSVCRTD:utility.obj
 0001:00004550       capture_current_context    0000000180005550 f   MSVCRTD:gs_report.obj
 0001:000045f0       capture_previous_context   00000001800055f0 f   MSVCRTD:gs_report.obj
 0001:000046b0       ?__scrt_initialize_thread_safe_statics@@YAHXZ 00000001800056b0 f   MSVCRTD:thread_safe_statics.obj
 0001:000047f0       ?__scrt_initialize_thread_safe_statics_platform_specific@@YAXXZ 00000001800057f0 f   MSVCRTD:thread_safe_statics.obj
 0001:00004970       ?__scrt_uninitialize_thread_safe_statics@@YAXXZ 0000000180005970 f   MSVCRTD:thread_safe_statics.obj
 0001:00004c50       ?dllmain_crt_dispatch@@YAHQEAUHINSTANCE__@@KQEAX@Z 0000000180005c50 f   MSVCRTD:dll_dllmain.obj
 0001:00004ce0       ?dllmain_crt_process_attach@@YAHQEAUHINSTANCE__@@QEAX@Z 0000000180005ce0 f   MSVCRTD:dll_dllmain.obj
 0001:00004e20       ?dllmain_crt_process_detach@@YAH_N@Z 0000000180005e20 f   MSVCRTD:dll_dllmain.obj
 0001:00004eb0       ?dllmain_dispatch@@YAHQEAUHINSTANCE__@@KQEAX@Z 0000000180005eb0 f   MSVCRTD:dll_dllmain.obj
 0001:00004ff0       ?dllmain_raw@@YAHQEAUHINSTANCE__@@KQEAX@Z 0000000180005ff0 f   MSVCRTD:dll_dllmain.obj
 0001:00005890       __get_entropy              0000000180006890 f   MSVCRTD:gs_support.obj
 0001:00005ce0       $$000000                   0000000180006ce0     MSVCRTD:guard_dispatch.obj
 0001:00005d00       __scrt_is_nonwritable_in_current_image$filt$0 0000000180006d00 f   MSVCRTD:utility.obj
 0001:00005d40       ?fin$0@?0??dllmain_crt_process_attach@@YAHQEAUHINSTANCE__@@QEAX@Z@4HA 0000000180006d40 f   MSVCRTD:dll_dllmain.obj
 0001:00005d60       ?fin$0@?0??dllmain_crt_process_detach@@YAH_N@Z@4HA 0000000180006d60 f   MSVCRTD:dll_dllmain.obj
 0001:00005d80       ?filt$0@?0??dllmain_dispatch@@YAHQEAUHINSTANCE__@@KQEAX@Z@4HA 0000000180006d80 f   MSVCRTD:dll_dllmain.obj
 0001:00005dd0       ??__FmemProvider@@YAXXZ    0000000180006dd0 f   tbb_function_replacement.obj
 0002:000002b0       ?memProvider$initializer$@@3P6AXXZEA 00000001800072b0     tbb_function_replacement.obj
 0002:000002c8       ?__scrt_initialize_tss_var@@3P6AHXZEA 00000001800072c8     MSVCRTD:thread_safe_statics.obj
 0002:00000310       $SG113144                  0000000180007310     proxy.obj
 0002:00000328       $SG113145                  0000000180007328     proxy.obj
 0002:0000033c       $SG6694                    000000018000733c     proxy.obj
 0002:00000340       $SG113146                  0000000180007340     proxy.obj
 0002:00000350       $SG113147                  0000000180007350     proxy.obj
 0002:00000360       $SG113148                  0000000180007360     proxy.obj
 0002:00000374       $SG6696                    0000000180007374     proxy.obj
 0002:00000378       $SG113149                  0000000180007378     proxy.obj
 0002:00000388       $SG113150                  0000000180007388     proxy.obj
 0002:00000398       $SG113151                  0000000180007398     proxy.obj
 0002:000003a8       $SG113152                  00000001800073a8     proxy.obj
 0002:000003c0       $SG113153                  00000001800073c0     proxy.obj
 0002:000003d8       $SG113154                  00000001800073d8     proxy.obj
 0002:000003f0       $SG113155                  00000001800073f0     proxy.obj
 0002:00000408       $SG113443                  0000000180007408     proxy.obj
 0002:00000418       $SG113444                  0000000180007418     proxy.obj
 0002:00000428       $SG113445                  0000000180007428     proxy.obj
 0002:00000438       $SG113446                  0000000180007438     proxy.obj
 0002:00000448       $SG113447                  0000000180007448     proxy.obj
 0002:00000458       $SG113448                  0000000180007458     proxy.obj
 0002:00000468       $SG113449                  0000000180007468     proxy.obj
 0002:00000478       $SG113470                  0000000180007478     proxy.obj
 0002:00000480       $SG113471                  0000000180007480     proxy.obj
 0002:00000488       $SG113472                  0000000180007488     proxy.obj
 0002:00000498       $SG113473                  0000000180007498     proxy.obj
 0002:000004a0       $SG113481                  00000001800074a0     proxy.obj
 0002:000004b0       $SG113482                  00000001800074b0     proxy.obj
 0002:000004c0       $SG113483                  00000001800074c0     proxy.obj
 0002:000004d0       $SG113484                  00000001800074d0     proxy.obj
 0002:000004e0       $SG113485                  00000001800074e0     proxy.obj
 0002:00000500       $SG113486                  0000000180007500     proxy.obj
 0002:00000520       $SG113497                  0000000180007520     proxy.obj
 0002:00000528       $SG113498                  0000000180007528     proxy.obj
 0002:00000530       $SG113499                  0000000180007530     proxy.obj
 0002:00000540       $SG113500                  0000000180007540     proxy.obj
 0002:00000550       $SG113503                  0000000180007550     proxy.obj
 0002:000005ac       $SG113529                  00000001800075ac     proxy.obj
 0002:000005b4       $SG113636                  00000001800075b4     proxy.obj
 0002:000005c0       $SG113530                  00000001800075c0     proxy.obj
 0002:000005c8       $SG113531                  00000001800075c8     proxy.obj
 0002:000005f0       $SG113633                  00000001800075f0     proxy.obj
 0002:00000600       $SG113634                  0000000180007600     proxy.obj
 0002:00000608       $SG113635                  0000000180007608     proxy.obj
 0002:00000618       $SG113637                  0000000180007618     proxy.obj
 0002:00000628       $SG113638                  0000000180007628     proxy.obj
 0002:00000630       $SG113639                  0000000180007630     proxy.obj
 0002:00000640       $SG113640                  0000000180007640     proxy.obj
 0002:00000650       $SG113641                  0000000180007650     proxy.obj
 0002:00000660       $SG113642                  0000000180007660     proxy.obj
 0002:00000670       $SG113643                  0000000180007670     proxy.obj
 0002:00000680       $SG113644                  0000000180007680     proxy.obj
 0002:00000698       $SG113645                  0000000180007698     proxy.obj
 0002:000006a8       $SG113646                  00000001800076a8     proxy.obj
 0002:000006b8       $SG113649                  00000001800076b8     proxy.obj
 0002:000006c8       $SG113650                  00000001800076c8     proxy.obj
 0002:000006d0       $SG113651                  00000001800076d0     proxy.obj
 0002:000006e0       $SG113652                  00000001800076e0     proxy.obj
 0002:000006e8       $SG113653                  00000001800076e8     proxy.obj
 0002:000006f8       $SG113654                  00000001800076f8     proxy.obj
 0002:00000700       $SG113655                  0000000180007700     proxy.obj
 0002:00000710       $SG113656                  0000000180007710     proxy.obj
 0002:00000720       $SG113657                  0000000180007720     proxy.obj
 0002:00000730       $SG113658                  0000000180007730     proxy.obj
 0002:00000740       $SG113659                  0000000180007740     proxy.obj
 0002:00000750       $SG113660                  0000000180007750     proxy.obj
 0002:00000768       $SG113661                  0000000180007768     proxy.obj
 0002:00000778       $SG113662                  0000000180007778     proxy.obj
 0002:00000788       $SG113665                  0000000180007788     proxy.obj
 0002:00000798       $SG113666                  0000000180007798     proxy.obj
 0002:000007a0       $SG113667                  00000001800077a0     proxy.obj
 0002:000007b0       $SG113668                  00000001800077b0     proxy.obj
 0002:000007b8       $SG113669                  00000001800077b8     proxy.obj
 0002:000007c8       $SG113670                  00000001800077c8     proxy.obj
 0002:000007d0       $SG113671                  00000001800077d0     proxy.obj
 0002:000007e0       $SG113672                  00000001800077e0     proxy.obj
 0002:000007f0       $SG113673                  00000001800077f0     proxy.obj
 0002:00000800       $SG113674                  0000000180007800     proxy.obj
 0002:00000810       $SG113675                  0000000180007810     proxy.obj
 0002:00000820       $SG113676                  0000000180007820     proxy.obj
 0002:00000838       $SG113677                  0000000180007838     proxy.obj
 0002:00000848       $SG113678                  0000000180007848     proxy.obj
 0002:00000858       $SG113681                  0000000180007858     proxy.obj
 0002:00000868       $SG113682                  0000000180007868     proxy.obj
 0002:00000870       $SG113683                  0000000180007870     proxy.obj
 0002:00000880       $SG113684                  0000000180007880     proxy.obj
 0002:00000888       $SG113685                  0000000180007888     proxy.obj
 0002:00000898       $SG113686                  0000000180007898     proxy.obj
 0002:000008a0       $SG113687                  00000001800078a0     proxy.obj
 0002:000008b0       $SG113688                  00000001800078b0     proxy.obj
 0002:000008c0       $SG113689                  00000001800078c0     proxy.obj
 0002:000008d0       $SG113690                  00000001800078d0     proxy.obj
 0002:000008e0       $SG113691                  00000001800078e0     proxy.obj
 0002:000008f0       $SG113692                  00000001800078f0     proxy.obj
 0002:00000908       $SG113693                  0000000180007908     proxy.obj
 0002:00000918       $SG113694                  0000000180007918     proxy.obj
 0002:00000928       $SG113697                  0000000180007928     proxy.obj
 0002:00000938       $SG113698                  0000000180007938     proxy.obj
 0002:00000940       $SG113699                  0000000180007940     proxy.obj
 0002:00000950       $SG113700                  0000000180007950     proxy.obj
 0002:00000958       $SG113701                  0000000180007958     proxy.obj
 0002:00000968       $SG113702                  0000000180007968     proxy.obj
 0002:00000970       $SG113703                  0000000180007970     proxy.obj
 0002:00000980       $SG113704                  0000000180007980     proxy.obj
 0002:00000990       $SG113705                  0000000180007990     proxy.obj
 0002:000009a0       $SG113706                  00000001800079a0     proxy.obj
 0002:000009b0       $SG113707                  00000001800079b0     proxy.obj
 0002:000009c0       $SG113708                  00000001800079c0     proxy.obj
 0002:000009d8       $SG113709                  00000001800079d8     proxy.obj
 0002:000009e8       $SG113710                  00000001800079e8     proxy.obj
 0002:000009f8       $SG113713                  00000001800079f8     proxy.obj
 0002:00000a08       $SG113714                  0000000180007a08     proxy.obj
 0002:00000a10       $SG113715                  0000000180007a10     proxy.obj
 0002:00000a20       $SG113716                  0000000180007a20     proxy.obj
 0002:00000a28       $SG113717                  0000000180007a28     proxy.obj
 0002:00000a38       $SG113718                  0000000180007a38     proxy.obj
 0002:00000a40       $SG113719                  0000000180007a40     proxy.obj
 0002:00000a50       $SG113720                  0000000180007a50     proxy.obj
 0002:00000a60       $SG113721                  0000000180007a60     proxy.obj
 0002:00000a70       $SG113722                  0000000180007a70     proxy.obj
 0002:00000a80       $SG113723                  0000000180007a80     proxy.obj
 0002:00000a90       $SG113724                  0000000180007a90     proxy.obj
 0002:00000aa8       $SG113725                  0000000180007aa8     proxy.obj
 0002:00000ab8       $SG113726                  0000000180007ab8     proxy.obj
 0002:00000ac8       $SG113729                  0000000180007ac8     proxy.obj
 0002:00000ad8       $SG113730                  0000000180007ad8     proxy.obj
 0002:00000ae0       $SG113731                  0000000180007ae0     proxy.obj
 0002:00000af0       $SG113732                  0000000180007af0     proxy.obj
 0002:00000af8       $SG113733                  0000000180007af8     proxy.obj
 0002:00000b08       $SG113734                  0000000180007b08     proxy.obj
 0002:00000b10       $SG113735                  0000000180007b10     proxy.obj
 0002:00000b20       $SG113736                  0000000180007b20     proxy.obj
 0002:00000b30       $SG113737                  0000000180007b30     proxy.obj
 0002:00000b40       $SG113738                  0000000180007b40     proxy.obj
 0002:00000b50       $SG113739                  0000000180007b50     proxy.obj
 0002:00000b60       $SG113740                  0000000180007b60     proxy.obj
 0002:00000b78       $SG113741                  0000000180007b78     proxy.obj
 0002:00000b88       $SG113742                  0000000180007b88     proxy.obj
 0002:00000b98       $SG113745                  0000000180007b98     proxy.obj
 0002:00000ba8       $SG113746                  0000000180007ba8     proxy.obj
 0002:00000bb8       $SG113749                  0000000180007bb8     proxy.obj
 0002:00000bc0       $SG113750                  0000000180007bc0     proxy.obj
 0002:00000bd0       $SG113751                  0000000180007bd0     proxy.obj
 0002:00000bd8       $SG113752                  0000000180007bd8     proxy.obj
 0002:00000be8       $SG113754                  0000000180007be8     proxy.obj
 0002:00000bf8       $SG113755                  0000000180007bf8     proxy.obj
 0002:00000c08       $SG113756                  0000000180007c08     proxy.obj
 0002:00000c18       $SG113757                  0000000180007c18     proxy.obj
 0002:00000c28       $SG113765                  0000000180007c28     proxy.obj
 0002:00000c48       $cppxdata$?operator_delete@@YAXPEAX@Z 0000000180007c48     proxy.obj
 0002:00000c70       $cppxdata$?operator_delete_arr@@YAXPEAX@Z 0000000180007c70     proxy.obj
 0002:00000c98       $cppxdata$?operator_delete_t@@YAXPEAXAEBUnothrow_t@std@@@Z 0000000180007c98     proxy.obj
 0002:00000cc0       $cppxdata$?operator_delete_arr_t@@YAXPEAXAEBUnothrow_t@std@@@Z 0000000180007cc0     proxy.obj
 0002:00000d40       $SG94120                   0000000180007d40     tbb_function_replacement.obj
 0002:00000d6b       $SG94124                   0000000180007d6b     tbb_function_replacement.obj
 0002:00000d6c       $SG94171                   0000000180007d6c     tbb_function_replacement.obj
 0002:00000d70       $SG94122                   0000000180007d70     tbb_function_replacement.obj
 0002:00000d8c       $SG94125                   0000000180007d8c     tbb_function_replacement.obj
 0002:00000d98       $SG94126                   0000000180007d98     tbb_function_replacement.obj
 0002:00000da8       $SG94157                   0000000180007da8     tbb_function_replacement.obj
 0002:00000dc0       $SG94158                   0000000180007dc0     tbb_function_replacement.obj
 0002:00000dd8       $SG94159                   0000000180007dd8     tbb_function_replacement.obj
 0002:00000e18       $SG94160                   0000000180007e18     tbb_function_replacement.obj
 0002:00000e38       $SG94161                   0000000180007e38     tbb_function_replacement.obj
 0002:00000e50       $SG94162                   0000000180007e50     tbb_function_replacement.obj
 0002:00000e90       $SG94163                   0000000180007e90     tbb_function_replacement.obj
 0002:00000ea0       $SG94164                   0000000180007ea0     tbb_function_replacement.obj
 0002:00000eb0       $SG94165                   0000000180007eb0     tbb_function_replacement.obj
 0002:00000ef0       $SG94166                   0000000180007ef0     tbb_function_replacement.obj
 0002:00000f08       $SG94167                   0000000180007f08     tbb_function_replacement.obj
 0002:00000f28       $SG94168                   0000000180007f28     tbb_function_replacement.obj
 0002:00000f68       $SG94170                   0000000180007f68     tbb_function_replacement.obj
 0002:00000f80       $SG94172                   0000000180007f80     tbb_function_replacement.obj
 0002:00000f9c       $SG94173                   0000000180007f9c     tbb_function_replacement.obj
 0002:00000fa8       $SG94174                   0000000180007fa8     tbb_function_replacement.obj
 0002:00000fe8       $SG94175                   0000000180007fe8     tbb_function_replacement.obj
 0002:00000ff0       $SG94176                   0000000180007ff0     tbb_function_replacement.obj
 0002:00000ff8       $SG94177                   0000000180007ff8     tbb_function_replacement.obj
 0002:00001018       $SG94357                   0000000180008018     tbb_function_replacement.obj
 0002:00001050       $SG94358                   0000000180008050     tbb_function_replacement.obj
 0002:00001078       $SG94359                   0000000180008078     tbb_function_replacement.obj
 0002:000010b4       $SG94360                   00000001800080b4     tbb_function_replacement.obj
 0002:000010c0       $SG94365                   00000001800080c0     tbb_function_replacement.obj
 0002:000010d4       $SG94366                   00000001800080d4     tbb_function_replacement.obj
 0002:000010e0       $SG94367                   00000001800080e0     tbb_function_replacement.obj
 0002:00001120       $SG94375                   0000000180008120     tbb_function_replacement.obj
 0002:00001130       $SG94403                   0000000180008130     tbb_function_replacement.obj
 0002:00001150       $SG94404                   0000000180008150     tbb_function_replacement.obj
 0002:00001170       $SG94405                   0000000180008170     tbb_function_replacement.obj
 0002:000011b0       $SG94437                   00000001800081b0     tbb_function_replacement.obj
 0002:000011d0       $SG94438                   00000001800081d0     tbb_function_replacement.obj
 0002:000011f0       $SG94439                   00000001800081f0     tbb_function_replacement.obj
 0002:00001230       $SG94462                   0000000180008230     tbb_function_replacement.obj
 0002:00001258       $SG94463                   0000000180008258     tbb_function_replacement.obj
 0002:00001268       $SG94464                   0000000180008268     tbb_function_replacement.obj
 0002:000012a8       $SG94524                   00000001800082a8     tbb_function_replacement.obj
 0002:000012c0       GS_ExceptionPointers       00000001800082c0     MSVCRTD:gs_report.obj
 0002:000012d0       $cppxdata$?__scrt_initialize_thread_safe_statics_platform_specific@@YAXXZ 00000001800082d0     MSVCRTD:thread_safe_statics.obj
 0002:000012f8       $cppxdata$?__scrt_uninitialize_thread_safe_statics@@YAXXZ 00000001800082f8     MSVCRTD:thread_safe_statics.obj
 0002:00001b78       $unwind$?GetBoolEnvironmentVariable@internal@tbb@@YA_NPEBD@Z 0000000180008b78     proxy.obj
 0002:00001b80       $unwind$?InternalOperatorNew@@YAPEAX_K@Z 0000000180008b80     proxy.obj
 0002:00001b88       $unwind$?__TBB_malloc_safer_delete@@YAXPEAX@Z 0000000180008b88     proxy.obj
 0002:00001b90       $unwind$?safer_aligned_malloc@@YAPEAX_K0@Z 0000000180008b90     proxy.obj
 0002:00001b98       $unwind$?__TBB_malloc__o_free@@YAXPEAX@Z 0000000180008b98     proxy.obj
 0002:00001ba0       $unwind$?__TBB_malloc__free_base@@YAXPEAX@Z 0000000180008ba0     proxy.obj
 0002:00001ba8       $unwind$?__TBB_malloc_safer_free_msvcr100d@@YAXPEAX@Z 0000000180008ba8     proxy.obj
 0002:00001bb0       $unwind$?__TBB_malloc_safer__aligned_free_msvcr100d@@YAXPEAX@Z 0000000180008bb0     proxy.obj
 0002:00001bb8       $unwind$?__TBB_malloc_safer__msize_msvcr100d@@YA_KPEAX@Z 0000000180008bb8     proxy.obj
 0002:00001bc0       $unwind$?__TBB_malloc_safer__aligned_msize_msvcr100d@@YA_KPEAX_K1@Z 0000000180008bc0     proxy.obj
 0002:00001bc8       $unwind$?__TBB_malloc_safer_realloc_msvcr100d@@YAPEAXPEAX_K@Z 0000000180008bc8     proxy.obj
 0002:00001bd0       $unwind$?__TBB_malloc_safer__aligned_realloc_msvcr100d@@YAPEAXPEAX_K1@Z 0000000180008bd0     proxy.obj
 0002:00001bd8       $unwind$?__TBB_malloc_safer_free_msvcr100@@YAXPEAX@Z 0000000180008bd8     proxy.obj
 0002:00001be0       $unwind$?__TBB_malloc_safer__aligned_free_msvcr100@@YAXPEAX@Z 0000000180008be0     proxy.obj
 0002:00001be8       $unwind$?__TBB_malloc_safer__msize_msvcr100@@YA_KPEAX@Z 0000000180008be8     proxy.obj
 0002:00001bf0       $unwind$?__TBB_malloc_safer__aligned_msize_msvcr100@@YA_KPEAX_K1@Z 0000000180008bf0     proxy.obj
 0002:00001bf8       $unwind$?__TBB_malloc_safer_realloc_msvcr100@@YAPEAXPEAX_K@Z 0000000180008bf8     proxy.obj
 0002:00001c00       $unwind$?__TBB_malloc_safer__aligned_realloc_msvcr100@@YAPEAXPEAX_K1@Z 0000000180008c00     proxy.obj
 0002:00001c08       $unwind$?__TBB_malloc_safer_free_msvcr110d@@YAXPEAX@Z 0000000180008c08     proxy.obj
[...]
 0003:00002700       ?encoded_wake_all_condition_variable@@3P6AXPEAU_RTL_CONDITION_VARIABLE@@@ZEA 000000018000c700     MSVCRTD:thread_safe_statics.obj
 0003:0000270c       ?__proc_attached@@3HA      000000018000c70c     MSVCRTD:dll_dllmain.obj
 0004:00000000       $pdata$?GetBoolEnvironmentVariable@internal@tbb@@YA_NPEBD@Z 000000018000d000     proxy.obj
 0004:0000000c       $pdata$?InternalOperatorNew@@YAPEAX_K@Z 000000018000d00c     proxy.obj
 0004:00000018       $pdata$?__TBB_malloc_safer_delete@@YAXPEAX@Z 000000018000d018     proxy.obj
 0004:00000024       $pdata$?safer_aligned_malloc@@YAPEAX_K0@Z 000000018000d024     proxy.obj
 0004:00000030       $pdata$?__TBB_malloc__o_free@@YAXPEAX@Z 000000018000d030     proxy.obj
 0004:0000003c       $pdata$?__TBB_malloc__free_base@@YAXPEAX@Z 000000018000d03c     proxy.obj
 0004:00000048       $pdata$?__TBB_malloc_safer_free_msvcr100d@@YAXPEAX@Z 000000018000d048     proxy.obj
 0004:00000054       $pdata$?__TBB_malloc_safer__aligned_free_msvcr100d@@YAXPEAX@Z 000000018000d054     proxy.obj
 0004:00000060       $pdata$?__TBB_malloc_safer__msize_msvcr100d@@YA_KPEAX@Z 000000018000d060     proxy.obj
 0004:0000006c       $pdata$?__TBB_malloc_safer__aligned_msize_msvcr100d@@YA_KPEAX_K1@Z 000000018000d06c     proxy.obj
 0004:00000078       $pdata$?__TBB_malloc_safer_realloc_msvcr100d@@YAPEAXPEAX_K@Z 000000018000d078     proxy.obj
 0004:00000084       $pdata$?__TBB_malloc_safer__aligned_realloc_msvcr100d@@YAPEAXPEAX_K1@Z 000000018000d084     proxy.obj
 0004:00000090       $pdata$?__TBB_malloc_safer_free_msvcr100@@YAXPEAX@Z 000000018000d090     proxy.obj
 0004:0000009c       $pdata$?__TBB_malloc_safer__aligned_free_msvcr100@@YAXPEAX@Z 000000018000d09c     proxy.obj
 0004:000000a8       $pdata$?__TBB_malloc_safer__msize_msvcr100@@YA_KPEAX@Z 000000018000d0a8     proxy.obj
 0004:000000b4       $pdata$?__TBB_malloc_safer__aligned_msize_msvcr100@@YA_KPEAX_K1@Z 000000018000d0b4     proxy.obj
 0004:000000c0       $pdata$?__TBB_malloc_safer_realloc_msvcr100@@YAPEAXPEAX_K@Z 000000018000d0c0     proxy.obj
 0004:000000cc       $pdata$?__TBB_malloc_safer__aligned_realloc_msvcr100@@YAPEAXPEAX_K1@Z 000000018000d0cc     proxy.obj
 0004:000000d8       $pdata$?__TBB_malloc_safer_free_msvcr110d@@YAXPEAX@Z 000000018000d0d8     proxy.obj
 0004:000000e4       $pdata$?__TBB_malloc_safer__aligned_free_msvcr110d@@YAXPEAX@Z 000000018000d0e4     proxy.obj
 0004:000000f0       $pdata$?__TBB_malloc_safer__msize_msvcr110d@@YA_KPEAX@Z 000000018000d0f0     proxy.obj
 0004:000000fc       $pdata$?__TBB_malloc_safer__aligned_msize_msvcr110d@@YA_KPEAX_K1@Z 000000018000d0fc     proxy.obj
 0004:00000108       $pdata$?__TBB_malloc_safer_realloc_msvcr110d@@YAPEAXPEAX_K@Z 000000018000d108     proxy.obj
 0004:00000114       $pdata$?__TBB_malloc_safer__aligned_realloc_msvcr110d@@YAPEAXPEAX_K1@Z 000000018000d114     proxy.obj
 0004:00000120       $pdata$?__TBB_malloc_safer_free_msvcr110@@YAXPEAX@Z 000000018000d120     proxy.obj
 0004:0000012c       $pdata$?__TBB_malloc_safer__aligned_free_msvcr110@@YAXPEAX@Z 000000018000d12c     proxy.obj
 0004:00000138       $pdata$?__TBB_malloc_safer__msize_msvcr110@@YA_KPEAX@Z 000000018000d138     proxy.obj
 0004:00000144       $pdata$?__TBB_malloc_safer__aligned_msize_msvcr110@@YA_KPEAX_K1@Z 000000018000d144     proxy.obj
 0004:00000150       $pdata$?__TBB_malloc_safer_realloc_msvcr110@@YAPEAXPEAX_K@Z 000000018000d150     proxy.obj
 0004:0000015c       $pdata$?__TBB_malloc_safer__aligned_realloc_msvcr110@@YAPEAXPEAX_K1@Z 000000018000d15c     proxy.obj
 0004:00000168       $pdata$?__TBB_malloc_safer_free_msvcr120d@@YAXPEAX@Z 000000018000d168     proxy.obj
 0004:00000174       $pdata$?__TBB_malloc_safer__aligned_free_msvcr120d@@YAXPEAX@Z 000000018000d174     proxy.obj
 0004:00000180       $pdata$?__TBB_malloc_safer__msize_msvcr120d@@YA_KPEAX@Z 000000018000d180     proxy.obj
 0004:0000018c       $pdata$?__TBB_malloc_safer__aligned_msize_msvcr120d@@YA_KPEAX_K1@Z 000000018000d18c     proxy.obj
 0004:00000198       $pdata$?__TBB_malloc_safer_realloc_msvcr120d@@YAPEAXPEAX_K@Z 000000018000d198     proxy.obj
 0004:000001a4       $pdata$?__TBB_malloc_safer__aligned_realloc_msvcr120d@@YAPEAXPEAX_K1@Z 000000018000d1a4     proxy.obj
 0004:000001b0       $pdata$?__TBB_malloc_safer_free_msvcr120@@YAXPEAX@Z 000000018000d1b0     proxy.obj
 0004:000001bc       $pdata$?__TBB_malloc_safer__aligned_free_msvcr120@@YAXPEAX@Z 000000018000d1bc     proxy.obj
 0004:000001c8       $pdata$?__TBB_malloc_safer__msize_msvcr120@@YA_KPEAX@Z 000000018000d1c8     proxy.obj
 0004:000001d4       $pdata$?__TBB_malloc_safer__aligned_msize_msvcr120@@YA_KPEAX_K1@Z 000000018000d1d4     proxy.obj
 0004:000001e0       $pdata$?__TBB_malloc_safer_realloc_msvcr120@@YAPEAXPEAX_K@Z 000000018000d1e0     proxy.obj
 0004:000001ec       $pdata$?__TBB_malloc_safer__aligned_realloc_msvcr120@@YAPEAXPEAX_K1@Z 000000018000d1ec     proxy.obj
 0004:000001f8       $pdata$?__TBB_malloc_safer_free_ucrtbase@@YAXPEAX@Z 000000018000d1f8     proxy.obj
 0004:00000204       $pdata$?__TBB_malloc_safer__aligned_free_ucrtbase@@YAXPEAX@Z 000000018000d204     proxy.obj
 0004:00000210       $pdata$?__TBB_malloc_safer__msize_ucrtbase@@YA_KPEAX@Z 000000018000d210     proxy.obj
 0004:0000021c       $pdata$?__TBB_malloc_safer__aligned_msize_ucrtbase@@YA_KPEAX_K1@Z 000000018000d21c     proxy.obj
 0004:00000228       $pdata$?__TBB_malloc_safer_realloc_ucrtbase@@YAPEAXPEAX_K@Z 000000018000d228     proxy.obj
 0004:00000234       $pdata$?__TBB_malloc_safer__aligned_realloc_ucrtbase@@YAPEAXPEAX_K1@Z 000000018000d234     proxy.obj
 0004:00000240       $pdata$?operator_new@@YAPEAX_K@Z 000000018000d240     proxy.obj
 0004:0000024c       $pdata$?operator_new_arr@@YAPEAX_K@Z 000000018000d24c     proxy.obj
 0004:00000258       $pdata$?operator_delete@@YAXPEAX@Z 000000018000d258     proxy.obj
 0004:00000264       $pdata$?operator_delete_arr@@YAXPEAX@Z 000000018000d264     proxy.obj
 0004:00000270       $pdata$?operator_new_t@@YAPEAX_KAEBUnothrow_t@std@@@Z 000000018000d270     proxy.obj
 0004:0000027c       $pdata$?operator_new_arr_t@@YAPEAX_KAEBUnothrow_t@std@@@Z 000000018000d27c     proxy.obj
 0004:00000288       $pdata$?operator_delete_t@@YAXPEAXAEBUnothrow_t@std@@@Z 000000018000d288     proxy.obj
 0004:00000294       $pdata$?operator_delete_arr_t@@YAXPEAXAEBUnothrow_t@std@@@Z 000000018000d294     proxy.obj
 0004:000002a0       $pdata$?BytecodesAreKnown@@YA_NPEBD@Z 000000018000d2a0     proxy.obj
 0004:000002ac       $pdata$?SkipReplacement@@YAXPEBD@Z 000000018000d2ac     proxy.obj
 0004:000002b8       $pdata$?ReplaceFunctionWithStore@@YAXPEBD0P6AXXZPEAPEBDPEAP6AXXZW4FRR_ON_ERROR@@@Z 000000018000d2b8     proxy.obj
 0004:000002c4       $pdata$?doMallocReplacement@@YAXXZ 000000018000d2c4     proxy.obj
 0004:000002d0       $pdata$DllMain             000000018000d2d0     proxy.obj
 0004:000002dc       $pdata$??0exception@std@@QEAA@QEBDH@Z 000000018000d2dc     proxy.obj
 0004:000002e8       $pdata$??0exception@std@@QEAA@AEBV01@@Z 000000018000d2e8     proxy.obj
 0004:000002f4       $pdata$??1exception@std@@UEAA@XZ 000000018000d2f4     proxy.obj
 0004:00000300       $pdata$?what@exception@std@@UEBAPEBDXZ 000000018000d300     proxy.obj
 0004:0000030c       $pdata$??_Gexception@std@@UEAAPEAXI@Z 000000018000d30c     proxy.obj
 0004:00000318       $pdata$??0bad_alloc@std@@QEAA@XZ 000000018000d318     proxy.obj
 0004:00000324       $pdata$??1bad_alloc@std@@UEAA@XZ 000000018000d324     proxy.obj
 0004:00000330       $pdata$??0bad_alloc@std@@QEAA@AEBV01@@Z 000000018000d330     proxy.obj
 0004:0000033c       $pdata$??_Gbad_alloc@std@@UEAAPEAXI@Z 000000018000d33c     proxy.obj
 0004:00000348       $pdata$_vfprintf_l         000000018000d348     proxy.obj
 0004:00000354       $pdata$fprintf             000000018000d354     proxy.obj
 0004:00000360       $pdata$??_H@YAXPEAX_K1P6APEAX0@Z@Z 000000018000d360     tbb_function_replacement.obj
 0004:0000036c       $pdata$_vsnprintf_l        000000018000d36c     tbb_function_replacement.obj
 0004:00000378       $pdata$vsnprintf           000000018000d378     tbb_function_replacement.obj
 0004:00000384       $pdata$_vsprintf_l         000000018000d384     tbb_function_replacement.obj
 0004:00000390       $pdata$sprintf             000000018000d390     tbb_function_replacement.obj
 0004:0000039c       $pdata$snprintf            000000018000d39c     tbb_function_replacement.obj
 0004:000003a8       $pdata$?ReplaceFunctionA@@YA?AW4FRR_TYPE@@PEBD0P6AXXZPEAPEBDPEAP6AXXZ@Z 000000018000d3a8     tbb_function_replacement.obj
 0004:000003b4       $pdata$?ReplaceFunctionW@@YA?AW4FRR_TYPE@@PEB_WPEBDP6AXXZPEAPEBDPEAP6AXXZ@Z 000000018000d3b4     tbb_function_replacement.obj
 0004:000003c0       $pdata$?IsPrologueKnown@@YA_NPEBD0PEAPEBDPEAUHINSTANCE__@@@Z 000000018000d3c0     tbb_function_replacement.obj
 0004:000003cc       $pdata$?set_assertion_handler@internal@rml@@YAP6AXPEBDH00@ZP6AX0H00@Z@Z 000000018000d3cc     tbb_function_replacement.obj
 0004:000003d8       $pdata$?assertion_failure@internal@rml@@YAXPEBDH00@Z 000000018000d3d8     tbb_function_replacement.obj
 0004:000003e4       $pdata$?record@Log@@YAXUFunctionInfo@@PEBD_N@Z 000000018000d3e4     tbb_function_replacement.obj
 0004:000003f0       $pdata$?compareStrings@@YA_KPEBD0@Z 000000018000d3f0     tbb_function_replacement.obj
 0004:000003fc       $pdata$?CheckOpcodes@@YAIPEAPEBDPEAX_NPEBUFunctionInfo@@@Z 000000018000d3fc     tbb_function_replacement.obj
 0004:00000408       $pdata$?CorrectOffset@@YAX_KPEBDI@Z 000000018000d408     tbb_function_replacement.obj
 0004:00000414       $pdata$?InsertTrampoline32@@YAKPEAX0PEBDPEAPEAX@Z 000000018000d414     tbb_function_replacement.obj
 0004:00000420       $pdata$?InsertTrampoline64@@YAKPEAX0PEBDPEAPEAX@Z 000000018000d420     tbb_function_replacement.obj
 0004:0000042c       $pdata$?InsertTrampoline@@YA_NPEAX0PEAPEBDPEAPEAX@Z 000000018000d42c     tbb_function_replacement.obj
 0004:00000438       $pdata$TBB_malloc_replacement_log 000000018000d438     tbb_function_replacement.obj
 0004:00000444       $pdata$?Ptr2Addrint@@YA_KPEAX@Z 000000018000d444     tbb_function_replacement.obj
 0004:00000450       $pdata$?Addrint2Ptr@@YAPEAX_K@Z 000000018000d450     tbb_function_replacement.obj
 0004:0000045c       $pdata$?IsInDistance@@YA_N_K0_J@Z 000000018000d45c     tbb_function_replacement.obj
 0004:00000468       $pdata$??0MemoryBuffer@MemoryProvider@@QEAA@PEAXK@Z 000000018000d468     tbb_function_replacement.obj
 0004:00000474       $pdata$?CreateBuffer@MemoryProvider@@AEAAPEAUMemoryBuffer@1@_K@Z 000000018000d474     tbb_function_replacement.obj
 0004:00000480       $pdata$??0MemoryProvider@@QEAA@XZ 000000018000d480     tbb_function_replacement.obj
 0004:0000048c       $pdata$?GetLocation@MemoryProvider@@QEAA_K_K@Z 000000018000d48c     tbb_function_replacement.obj
 0004:00000498       $pdata$??__EmemProvider@@YAXXZ 000000018000d498     tbb_function_replacement.obj
 0004:000004a4       $pdata$??__FmemProvider@@YAXXZ 000000018000d4a4     tbb_function_replacement.obj
 0004:000004b0       $pdata$??3@YAXPEAX_K@Z     000000018000d4b0     MSVCRTD:delete_scalar_size.obj
 0004:000004bc       $pdata$__GSHandlerCheckCommon 000000018000d4bc     MSVCRTD:gshandler.obj
 0004:000004c8       $pdata$__GSHandlerCheck    000000018000d4c8     MSVCRTD:gshandler.obj
 0004:000004e0       $pdata$??_Gtype_info@@UEAAPEAXI@Z 000000018000d4e0     MSVCRTD:std_type_info_static.obj
 0004:000004ec       $pdata$atexit              000000018000d4ec     MSVCRTD:utility.obj
 0004:000004f8       $pdata$_onexit             000000018000d4f8     MSVCRTD:utility.obj
 0004:00000504       $pdata$at_quick_exit       000000018000d504     MSVCRTD:utility.obj
 0004:00000510       $pdata$__scrt_is_nonwritable_in_current_image 000000018000d510     MSVCRTD:utility.obj
 0004:0000051c       $pdata$__scrt_is_nonwritable_in_current_image$filt$0 000000018000d51c     MSVCRTD:utility.obj
 0004:00000528       $pdata$__scrt_acquire_startup_lock 000000018000d528     MSVCRTD:utility.obj
 0004:00000534       $pdata$__scrt_release_startup_lock 000000018000d534     MSVCRTD:utility.obj
 0004:00000540       $pdata$__scrt_initialize_crt 000000018000d540     MSVCRTD:utility.obj
 0004:0000054c       $pdata$__scrt_uninitialize_crt 000000018000d54c     MSVCRTD:utility.obj
 0004:00000558       $pdata$__scrt_initialize_onexit_tables 000000018000d558     MSVCRTD:utility.obj
 0004:00000564       $pdata$__scrt_dllmain_exception_filter 000000018000d564     MSVCRTD:utility.obj
 0004:00000570       $pdata$__scrt_dllmain_before_initialize_c 000000018000d570     MSVCRTD:utility.obj
 0004:0000057c       $pdata$__scrt_dllmain_after_initialize_c 000000018000d57c     MSVCRTD:utility.obj
 0004:00000588       $pdata$__scrt_dllmain_uninitialize_c 000000018000d588     MSVCRTD:utility.obj
 0004:00000594       $pdata$__scrt_dllmain_uninitialize_critical 000000018000d594     MSVCRTD:utility.obj
 0004:000005a0       $pdata$__scrt_dllmain_crt_thread_attach 000000018000d5a0     MSVCRTD:utility.obj
 0004:000005ac       $pdata$__scrt_dllmain_crt_thread_detach 000000018000d5ac     MSVCRTD:utility.obj
 0004:000005b8       $pdata$?configure_argv@__scrt_narrow_argv_policy@@SAHXZ 000000018000d5b8     MSVCRTD:utility.obj
 0004:000005c4       $pdata$?initialize_environment@__scrt_narrow_environment_policy@@SAHXZ 000000018000d5c4     MSVCRTD:utility.obj
 0004:000005d0       $pdata$?is_potentially_valid_image_base@@YA_NQEAX@Z 000000018000d5d0     MSVCRTD:utility.obj
 0004:000005dc       $pdata$?find_pe_section@@YAPEAU_IMAGE_SECTION_HEADER@@QEAE_K@Z 000000018000d5dc     MSVCRTD:utility.obj
 0004:000005e8       $pdata$??$__crt_fast_decode_pointer@PEAP6AXXZ@@YAPEAP6AXXZQEAP6AXXZ@Z 000000018000d5e8     MSVCRTD:utility.obj
 0004:000005f4       $pdata$??$__crt_fast_encode_pointer@PEAP6AXXZ@@YAPEAP6AXXZQEAP6AXXZ@Z 000000018000d5f4     MSVCRTD:utility.obj
 0004:00000600       $pdata$__report_securityfailure 000000018000d600     MSVCRTD:gs_report.obj
 0004:0000060c       $pdata$__report_securityfailureEx 000000018000d60c     MSVCRTD:gs_report.obj
 0004:00000618       $pdata$__report_rangecheckfailure 000000018000d618     MSVCRTD:gs_report.obj
 0004:00000624       $pdata$__report_gsfailure  000000018000d624     MSVCRTD:gs_report.obj
 0004:00000630       $pdata$capture_current_context 000000018000d630     MSVCRTD:gs_report.obj
 0004:0000063c       $pdata$capture_previous_context 000000018000d63c     MSVCRTD:gs_report.obj
 0004:00000648       $pdata$__raise_securityfailure 000000018000d648     MSVCRTD:gs_report.obj
 0004:00000654       $pdata$_Init_thread_header 000000018000d654     MSVCRTD:thread_safe_statics.obj
 0004:00000660       $pdata$_Init_thread_abort  000000018000d660     MSVCRTD:thread_safe_statics.obj
 0004:0000066c       $pdata$_Init_thread_footer 000000018000d66c     MSVCRTD:thread_safe_statics.obj
 0004:00000678       $pdata$_Init_thread_lock   000000018000d678     MSVCRTD:thread_safe_statics.obj
 0004:00000684       $pdata$_Init_thread_unlock 000000018000d684     MSVCRTD:thread_safe_statics.obj
 0004:00000690       $pdata$_Init_thread_wait   000000018000d690     MSVCRTD:thread_safe_statics.obj
 0004:0000069c       $pdata$_Init_thread_notify 000000018000d69c     MSVCRTD:thread_safe_statics.obj
 0004:000006a8       $pdata$?__scrt_initialize_thread_safe_statics_platform_specific@@YAXXZ 000000018000d6a8     MSVCRTD:thread_safe_statics.obj
 0004:000006b4       $pdata$??$__crt_fast_encode_pointer@P6AHPEAU_RTL_CONDITION_VARIABLE@@PEAU_RTL_CRITICAL_SECTION@@K@Z@@YAP6AHPEAU_RTL_CONDITION_VARIABLE@@PEAU_RTL_CRITICAL_SECTION@@K@ZQ6AH01K@Z@Z 000000018000d6b4     MSVCRTD:thread_safe_statics.obj
 0004:000006c0       $pdata$??$__crt_fast_encode_pointer@P6AXPEAU_RTL_CONDITION_VARIABLE@@@Z@@YAP6AXPEAU_RTL_CONDITION_VARIABLE@@@ZQ6AX0@Z@Z 000000018000d6c0     MSVCRTD:thread_safe_statics.obj
 0004:000006cc       $pdata$?__scrt_is_event_api_used@@YA_NQEAX@Z 000000018000d6cc     MSVCRTD:thread_safe_statics.obj
 0004:000006d8       $pdata$?__scrt_uninitialize_thread_safe_statics@@YAXXZ 000000018000d6d8     MSVCRTD:thread_safe_statics.obj
 0004:000006e4       $pdata$?__scrt_initialize_thread_safe_statics@@YAHXZ 000000018000d6e4     MSVCRTD:thread_safe_statics.obj
 0004:000006f0       $pdata$??$__crt_fast_decode_pointer@P6AHPEAU_RTL_CONDITION_VARIABLE@@PEAU_RTL_CRITICAL_SECTION@@K@Z@@YAP6AHPEAU_RTL_CONDITION_VARIABLE@@PEAU_RTL_CRITICAL_SECTION@@K@ZQ6AH01K@Z@Z 000000018000d6f0     MSVCRTD:thread_safe_statics.obj
 0004:000006fc       $pdata$??$__crt_fast_decode_pointer@P6AXPEAU_RTL_CONDITION_VARIABLE@@@Z@@YAP6AXPEAU_RTL_CONDITION_VARIABLE@@@ZQ6AX0@Z@Z 000000018000d6fc     MSVCRTD:thread_safe_statics.obj
 0004:00000708       $pdata$?dllmain_crt_process_attach@@YAHQEAUHINSTANCE__@@QEAX@Z 000000018000d708     MSVCRTD:dll_dllmain.obj
 0004:00000714       $pdata$?fin$0@?0??dllmain_crt_process_attach@@YAHQEAUHINSTANCE__@@QEAX@Z@4HA 000000018000d714     MSVCRTD:dll_dllmain.obj
 0004:00000720       $pdata$?dllmain_crt_process_detach@@YAH_N@Z 000000018000d720     MSVCRTD:dll_dllmain.obj
 0004:0000072c       $pdata$?fin$0@?0??dllmain_crt_process_detach@@YAH_N@Z@4HA 000000018000d72c     MSVCRTD:dll_dllmain.obj
 0004:00000738       $pdata$?dllmain_crt_dispatch@@YAHQEAUHINSTANCE__@@KQEAX@Z 000000018000d738     MSVCRTD:dll_dllmain.obj
 0004:00000744       $pdata$_CRT_INIT           000000018000d744     MSVCRTD:dll_dllmain.obj
 0004:00000750       $pdata$?dllmain_raw@@YAHQEAUHINSTANCE__@@KQEAX@Z 000000018000d750     MSVCRTD:dll_dllmain.obj
 0004:0000075c       $pdata$?dllmain_dispatch@@YAHQEAUHINSTANCE__@@KQEAX@Z 000000018000d75c     MSVCRTD:dll_dllmain.obj
 0004:00000768       $pdata$?filt$0@?0??dllmain_dispatch@@YAHQEAUHINSTANCE__@@KQEAX@Z@4HA 000000018000d768     MSVCRTD:dll_dllmain.obj
 0004:00000774       $pdata$_DllMainCRTStartup  000000018000d774     MSVCRTD:dll_dllmain.obj
 0004:00000780       $pdata$??3@YAXPEAX@Z       000000018000d780     MSVCRTD:delete_scalar.obj
 0004:0000078c       $pdata$__isa_available_init 000000018000d78c     MSVCRTD:cpu_disp.obj
 0004:00000798       $pdata$__scrt_is_ucrt_dll_in_use 000000018000d798     MSVCRTD:ucrt_detection.obj
 0004:000007a4       $pdata$__scrt_get_show_window_mode 000000018000d7a4     MSVCRTD:utility_desktop.obj
 0004:000007b0       $pdata$__scrt_is_managed_app 000000018000d7b0     MSVCRTD:utility_desktop.obj
 0004:000007bc       $pdata$__scrt_initialize_mta 000000018000d7bc     MSVCRTD:utility_desktop.obj
 0004:000007c8       $pdata$__scrt_set_unhandled_exception_filter 000000018000d7c8     MSVCRTD:utility_desktop.obj
 0004:000007d4       $pdata$__scrt_fastfail     000000018000d7d4     MSVCRTD:utility_desktop.obj
 0004:000007e0       $pdata$__scrt_unhandled_exception_filter 000000018000d7e0     MSVCRTD:utility_desktop.obj
 0004:000007ec       $pdata$ReadNoFence64       000000018000d7ec     MSVCRTD:guard_support.obj
 0004:000007f8       $pdata$ReadPointerNoFence  000000018000d7f8     MSVCRTD:guard_support.obj
 0004:00000804       $pdata$_guard_icall_checks_enforced 000000018000d804     MSVCRTD:guard_support.obj
 0004:00000810       $pdata$__security_init_cookie 000000018000d810     MSVCRTD:gs_support.obj
 0004:0000081c       $pdata$__get_entropy       000000018000d81c     MSVCRTD:gs_support.obj
 0004:00000828       $pdata$?__scrt_initialize_type_info@@YAXXZ 000000018000d828     MSVCRTD:tncleanup.obj
 0004:00000834       $pdata$?__scrt_uninitialize_type_info@@YAXXZ 000000018000d834     MSVCRTD:tncleanup.obj
 0004:00000840       $pdata$__scrt_initialize_default_local_stdio_options 000000018000d840     MSVCRTD:default_local_stdio_options.obj
 0004:0000084c       $pdata$_RTC_Initialize     000000018000d84c     MSVCRTD:initsect.obj
 0004:00000858       $pdata$_RTC_Terminate      000000018000d858     MSVCRTD:initsect.obj
 0005:000000a0       $R000000                   000000018000e0a0     tbbmalloc.res
 0005:00000468       $R0003C8                   000000018000e468     tbbmalloc.res
