 tbbmalloc_debug

 Timestamp is 5e38d57f (Tue Feb  4 10:22:55 2020)

 Preferred load address is 0000000180000000

 Start         Length     Name                   Class
 0001:00000000 0001b730H .text$mn                CODE
 0001:0001b730 00000020H .text$mn$00             CODE
 0001:0001b750 0000032dH .text$x                 CODE
 0002:00000000 00000220H .idata$5                DATA
 0002:00000220 00000010H .00cfg                  DATA
 0002:00000230 00000008H .CRT$XCA                DATA
 0002:00000238 00000008H .CRT$XCZ                DATA
 0002:00000240 00000008H .CRT$XIA                DATA
 0002:00000248 00000008H .CRT$XIZ                DATA
 0002:00000250 00000008H .CRT$XPA                DATA
 0002:00000258 00000008H .CRT$XPZ                DATA
 0002:00000260 00000008H .CRT$XTA                DATA
 0002:00000268 00000008H .CRT$XTZ                DATA
 0002:00000270 00000000H .gfids$y                DATA
 0002:00000270 00005a00H .rdata                  DATA
 0002:00005c70 000002a8H .rdata$zzzdbg           DATA
 0002:00005f18 00000008H .rtc$IAA                DATA
 0002:00005f20 00000008H .rtc$IZZ                DATA
 0002:00005f28 00000008H .rtc$TAA                DATA
 0002:00005f30 00000008H .rtc$TZZ                DATA
 0002:00005f38 00001b28H .xdata                  DATA
 0002:00007a60 00000500H .edata                  DATA
 0002:00007f60 0000003cH .idata$2                DATA
 0002:00007f9c 00000014H .idata$3                DATA
 0002:00007fb0 00000220H .idata$4                DATA
 0002:000081d0 000004d2H .idata$6                DATA
 0003:00000000 00002340H .data                   DATA
 0003:00002340 00020960H .bss                    DATA
 0004:00000000 00002124H .pdata                  DATA
 0005:00000000 000000a0H .rsrc$01                DATA
 0005:000000a0 00000548H .rsrc$02                DATA

  Address         Publics by Value              Rva+Base               Lib:Object

 0000:00000000       __volatile_metadata        0000000000000000     <absolute>
 0000:00000000       __enclave_config           0000000000000000     <absolute>
 0000:00000000       __guard_longjmp_table      0000000000000000     <absolute>
 0000:00000000       __dynamic_value_reloc_table 0000000000000000     <absolute>
 0000:00000000       __guard_fids_table         0000000000000000     <absolute>
 0000:00000000       __guard_iat_table          0000000000000000     <absolute>
 0000:00000000       __hybrid_code_map_count    0000000000000000     <absolute>
 0000:00000000       __guard_fids_count         0000000000000000     <absolute>
 0000:00000000       __guard_iat_count          0000000000000000     <absolute>
 0000:00000000       __hybrid_code_map          0000000000000000     <absolute>
 0000:00000000       ___safe_se_handler_table   0000000000000000     <absolute>
 0000:00000000       ___safe_se_handler_count   0000000000000000     <absolute>
 0000:00000000       __hybrid_auxiliary_iat     0000000000000000     <absolute>
 0000:00000000       __guard_longjmp_count      0000000000000000     <absolute>
 0000:00000100       __guard_flags              0000000000000100     <absolute>
 0000:00000000       __ImageBase                0000000180000000     <linker-defined>
 0001:00000000       __TBB_machine_fetchadd1    0000000180001000     atomic_support.obj
 0001:00000008       __TBB_machine_fetchstore1  0000000180001008     atomic_support.obj
 0001:00000010       __TBB_machine_cmpswp1      0000000180001010     atomic_support.obj
 0001:00000018       __TBB_machine_fetchadd2    0000000180001018     atomic_support.obj
 0001:00000028       __TBB_machine_fetchstore2  0000000180001028     atomic_support.obj
 0001:00000030       __TBB_machine_cmpswp2      0000000180001030     atomic_support.obj
 0001:00000040       __TBB_machine_pause        0000000180001040     atomic_support.obj
 0001:00000190       ?getAll@CoalRequestQ@internal@rml@@QEAAPEAVFreeBlock@23@XZ 0000000180001190 f   backend.obj
 0001:000001f0       ?putBlock@CoalRequestQ@internal@rml@@QEAAXPEAVFreeBlock@23@@Z 00000001800011f0 f   backend.obj
 0001:00000290       ?add@MemRegionList@internal@rml@@QEAAXPEAUMemRegion@23@@Z 0000000180001290 f   backend.obj
 0001:00000320       ?remove@MemRegionList@internal@rml@@QEAAXPEAUMemRegion@23@@Z 0000000180001320 f   backend.obj
 0001:000003c0       ?removeBlock@Bin@Backend@internal@rml@@QEAAXPEAVFreeBlock@34@@Z 00000001800013c0 f   backend.obj
 0001:000004b0       ?getFromBin@IndexedBins@Backend@internal@rml@@AEAAPEAVFreeBlock@34@HPEAVBackendSync@34@_K_N22PEAH@Z 00000001800014b0 f   backend.obj
 0001:00000790       ?findBlock@IndexedBins@Backend@internal@rml@@QEAAPEAVFreeBlock@34@HPEAVBackendSync@34@_K_N2PEAH@Z 0000000180001790 f   backend.obj
 0001:00000840       ?tryReleaseRegions@IndexedBins@Backend@internal@rml@@QEAA_NHPEAV234@@Z 0000000180001840 f   backend.obj
 0001:00000960       ?lockRemoveBlock@IndexedBins@Backend@internal@rml@@QEAAXHPEAVFreeBlock@34@@Z 0000000180001960 f   backend.obj
 0001:00000a10       ?addBlock@IndexedBins@Backend@internal@rml@@QEAAXHPEAVFreeBlock@34@_K_N@Z 0000000180001a10 f   backend.obj
 0001:00000b60       ?tryAddBlock@IndexedBins@Backend@internal@rml@@QEAA_NHPEAVFreeBlock@34@_N@Z 0000000180001b60 f   backend.obj
 0001:00000d30       ?getMinNonemptyBin@IndexedBins@Backend@internal@rml@@QEBAHI@Z 0000000180001d30 f   backend.obj
 0001:00000d80       ?verify@IndexedBins@Backend@internal@rml@@QEAAXXZ 0000000180001d80 f   backend.obj
 0001:00000ed0       ?reset@IndexedBins@Backend@internal@rml@@QEAAXXZ 0000000180001ed0 f   backend.obj
 0001:00000f30       ?registerAlloc@UsedAddressRange@Backend@internal@rml@@QEAAX_K0@Z 0000000180001f30 f   backend.obj
 0001:00001050       ?registerFree@UsedAddressRange@Backend@internal@rml@@QEAAX_K0@Z 0000000180002050 f   backend.obj
 0001:00001150       ?coalescAndPut@Backend@internal@rml@@AEAAXPEAVFreeBlock@23@_K_N@Z 0000000180002150 f   backend.obj
 0001:000011b0       ?coalescAndPutList@Backend@internal@rml@@AEAA_NPEAVFreeBlock@23@_N1@Z 00000001800021b0 f   backend.obj
 0001:00001500       ?doCoalesc@Backend@internal@rml@@AEAAPEAVFreeBlock@23@PEAV423@PEAPEAUMemRegion@23@@Z 0000000180002500 f   backend.obj
 0001:00001920       ?scanCoalescQ@Backend@internal@rml@@AEAA_N_N@Z 0000000180002920 f   backend.obj
 0001:00001990       ?genericGetBlock@Backend@internal@rml@@AEAAPEAVFreeBlock@23@H_K_N@Z 0000000180002990 f   backend.obj
 0001:00001e30       ?genericPutBlock@Backend@internal@rml@@AEAAXPEAVFreeBlock@23@_K_N@Z 0000000180002e30 f   backend.obj
 0001:00001e90       ?splitBlock@Backend@internal@rml@@AEAAPEAVFreeBlock@23@PEAV423@H_K_N2@Z 0000000180002e90 f   backend.obj
 0001:00002190       ?removeBlockFromBin@Backend@internal@rml@@AEAAXPEAVFreeBlock@23@@Z 0000000180003190 f   backend.obj
 0001:00002210       ?putLargeBlock@Backend@internal@rml@@AEAAXPEAULargeMemoryBlock@23@@Z 0000000180003210 f   backend.obj
 0001:00002280       ?requestBootstrapMem@Backend@internal@rml@@AEAAXXZ 0000000180003280 f   backend.obj
 0001:00002350       ?askMemFromOS@Backend@internal@rml@@AEAAPEAVFreeBlock@23@_K_JPEAHHPEA_N_N@Z 0000000180003350 f   backend.obj
 0001:000025c0       ?addNewRegion@Backend@internal@rml@@AEAAPEAVFreeBlock@23@_KW4MemRegionType@23@_N@Z 00000001800035c0 f   backend.obj
 0001:000027a0       ?releaseRegion@Backend@internal@rml@@AEAAXPEAUMemRegion@23@@Z 00000001800037a0 f   backend.obj
 0001:000027f0       ?findBlockInRegion@Backend@internal@rml@@AEAAPEAVFreeBlock@23@PEAUMemRegion@23@_K@Z 00000001800037f0 f   backend.obj
 0001:00002910       ?startUseBlock@Backend@internal@rml@@AEAAXPEAUMemRegion@23@PEAVFreeBlock@23@_N@Z 0000000180003910 f   backend.obj
 0001:00002b00       ?allocRawMem@Backend@internal@rml@@AEAAPEAXAEA_K@Z 0000000180003b00 f   backend.obj
 0001:00002dd0       ?freeRawMem@Backend@internal@rml@@AEAA_NPEAX_K@Z 0000000180003dd0 f   backend.obj
 0001:00002f50       ?releaseMemInCaches@Backend@internal@rml@@AEAAPEAVFreeBlock@23@_JPEAHH@Z 0000000180003f50 f   backend.obj
 0001:00002fd0       ?releaseCachesToLimit@Backend@internal@rml@@AEAAXXZ 0000000180003fd0 f   backend.obj
 0001:00003120       ?init@Backend@internal@rml@@QEAAXPEAUExtMemoryPool@23@@Z 0000000180004120 f   backend.obj
 0001:00003190       ?destroy@Backend@internal@rml@@QEAA_NXZ 0000000180004190 f   backend.obj
 0001:00003260       ?verify@Backend@internal@rml@@QEAAXXZ 0000000180004260 f   backend.obj
 0001:000032b0       ?reset@Backend@internal@rml@@QEAAXXZ 00000001800042b0 f   backend.obj
 0001:000033c0       ?clean@Backend@internal@rml@@QEAA_NXZ 00000001800043c0 f   backend.obj
 0001:000034d0       ?getSlabBlock@Backend@internal@rml@@QEAAPEAVBlockI@23@H@Z 00000001800044d0 f   backend.obj
 0001:00003540       ?putSlabBlock@Backend@internal@rml@@QEAAXPEAVBlockI@23@@Z 0000000180004540 f   backend.obj
 0001:00003580       ?getLargeBlock@Backend@internal@rml@@QEAAPEAULargeMemoryBlock@23@_K@Z 0000000180004580 f   backend.obj
 0001:00003600       ?returnLargeObject@Backend@internal@rml@@QEAAXPEAULargeMemoryBlock@23@@Z 0000000180004600 f   backend.obj
 0001:00003640       ?getBackRefSpace@Backend@internal@rml@@QEAAPEAX_KPEA_N@Z 0000000180004640 f   backend.obj
 0001:000036c0       ?putBackRefSpace@Backend@internal@rml@@QEAAXPEAX_K_N@Z 00000001800046c0 f   backend.obj
 0001:00003700       ?getMaxBinnedSize@Backend@internal@rml@@QEBA_KXZ 0000000180004700 f   backend.obj
 0001:00003780       ?add@AllLargeBlocksList@internal@rml@@QEAAXPEAULargeMemoryBlock@23@@Z 0000000180004780 f   backend.obj
 0001:00003800       ?remove@AllLargeBlocksList@internal@rml@@QEAAXPEAULargeMemoryBlock@23@@Z 0000000180004800 f   backend.obj
 0001:000038a0       ?ErrnoPreservingMalloc@internal@rml@@YAPEAX_K@Z 00000001800048a0 f   backend.obj
 0001:000038f0       ?MapMemory@internal@rml@@YAPEAX_KW4PageType@12@@Z 00000001800048f0 f   backend.obj
 0001:00003930       ?UnmapMemory@internal@rml@@YAHPEAX_K@Z 0000000180004930 f   backend.obj
 0001:00003980       ?getRawMemory@internal@rml@@YAPEAX_KW4PageType@12@@Z 0000000180004980 f   backend.obj
 0001:000039b0       ?freeRawMemory@internal@rml@@YAHPEAX_K@Z 00000001800049b0 f   backend.obj
 0001:00003b60       ??$AtomicUpdate@_KVMaxRequestComparator@Backend@internal@rml@@@internal@rml@@YAXAEA_K_KAEBVMaxRequestComparator@Backend@01@@Z 0000000180004b60 f i backend.obj
 0001:00003be0       ??$__TBB_load_with_acquire@_J@internal@tbb@@YA_JAED_J@Z 0000000180004be0 f i backend.obj
 0001:00003c00       ??$__TBB_store_with_release@EH@internal@tbb@@YAXAECEH@Z 0000000180004c00 f i backend.obj
 0001:00003c30       ??$__TBB_store_with_release@_J_J@internal@tbb@@YAXAEC_J_J@Z 0000000180004c30 f i backend.obj
 0001:00003c60       ??$is_aligned@D@internal@tbb@@YA_NPEAD_K@Z 0000000180004c60 f i backend.obj
 0001:00003ca0       ??$is_aligned@ULastFreeBlock@internal@rml@@@internal@tbb@@YA_NPEAULastFreeBlock@0rml@@_K@Z 0000000180004ca0 f i backend.obj
 0001:00003ce0       ??$is_aligned@VBlockI@internal@rml@@@internal@tbb@@YA_NPEAVBlockI@0rml@@_K@Z 0000000180004ce0 f i backend.obj
 0001:00003d20       ??$is_aligned@VFreeBlock@internal@rml@@@internal@tbb@@YA_NPEAVFreeBlock@0rml@@_K@Z 0000000180004d20 f i backend.obj
 0001:00003d60       ??$spin_wait_while_eq@_J_J@internal@tbb@@YAXAED_J_J@Z 0000000180004d60 f i backend.obj
 0001:00003da0       ??$suppress_unused_warning@PEAVFreeBlock@internal@rml@@@internal@rml@@YAXAEBQEAVFreeBlock@01@@Z 0000000180004da0 f i backend.obj
 0001:00003db0       ??$suppress_unused_warning@_J@internal@rml@@YAXAEB_J@Z 0000000180004db0 f i backend.obj
 0001:00003dc0       ??0AtomicBackoff@@QEAA@XZ  0000000180004dc0 f i backend.obj
 0001:00003de0       ??0MaxRequestComparator@Backend@internal@rml@@QEAA@PEBV123@@Z 0000000180004de0 f i backend.obj
 0001:00003e00       ??0atomic_backoff@internal@tbb@@QEAA@XZ 0000000180004e00 f i backend.obj
 0001:00003e20       ??0scoped_lock@MallocMutex@@QEAA@AEAV1@@Z 0000000180004e20 f i backend.obj
 0001:00003e60       ??0scoped_lock@MallocMutex@@QEAA@AEAV1@_NPEA_N@Z 0000000180004e60 f i backend.obj
 0001:00003ef0       ??1scoped_lock@MallocMutex@@QEAA@XZ 0000000180004ef0 f i backend.obj
 0001:00003f30       ??RMaxRequestComparator@Backend@internal@rml@@QEBA_N_K0@Z 0000000180004f30 f i backend.obj
 0001:00003f80       ?AtomicAdd@@YA_KAEC_J_J@Z  0000000180004f80 f i backend.obj
 0001:00003fb0       ?AtomicAnd@@YAXPECX_K@Z    0000000180004fb0 f i backend.obj
 0001:00003fe0       ?AtomicCompareExchange@@YA_JAEC_J_J1@Z 0000000180004fe0 f i backend.obj
 0001:00004010       ?AtomicIncrement@@YA_JAEC_J@Z 0000000180005010 f i backend.obj
 0001:00004030       ?AtomicOr@@YAXPECX_K@Z     0000000180005030 f i backend.obj
 0001:00004060       ?BitScanRev@@YA_J_K@Z      0000000180005060 f i backend.obj
 0001:000040a0       ?FencedLoad@@YA_JAED_J@Z   00000001800050a0 f i backend.obj
 0001:000040c0       ?FencedStore@@YAXAEC_J_J@Z 00000001800050c0 f i backend.obj
 0001:000040f0       ?SpinWaitWhileEq@@YAXAED_J_J@Z 00000001800050f0 f i backend.obj
 0001:00004120       ?__TBB_LockByte@@YAEAEAE@Z 0000000180005120 f i backend.obj
 0001:00004160       ?__TBB_TryLockByte@@YA_NAEAE@Z 0000000180005160 f i backend.obj
 0001:000041a0       ?binsModified@BackendSync@internal@rml@@QEAAXXZ 00000001800051a0 f i backend.obj
 0001:000041c0       ?blockConsumed@BackendSync@internal@rml@@QEAAXXZ 00000001800051c0 f i backend.obj
 0001:000041e0       ?blockReleased@BackendSync@internal@rml@@QEAAXXZ 00000001800051e0 f i backend.obj
 0001:00004250       ?blockWasProcessed@CoalRequestQ@internal@rml@@QEAAXXZ 0000000180005250 f i backend.obj
 0001:000042b0       ?blocksInCoalescing@Backend@internal@rml@@AEBA_JXZ 00000001800052b0 f i backend.obj
 0001:000042d0       ?blocksInFly@CoalRequestQ@internal@rml@@QEBA_JXZ 00000001800052d0 f i backend.obj
 0001:000042f0       ?empty@Bin@Backend@internal@rml@@QEBA_NXZ 00000001800052f0 f i backend.obj
 0001:00004320       ?get@AllocControlledMode@internal@rml@@QEBA_JXZ 0000000180005320 f i backend.obj
 0001:00004360       ?getGranularity@HugePagesStatus@internal@rml@@QEBA_KXZ 0000000180005360 f i backend.obj
 0001:000043c0       ?getMinTrue@?$BitMaskBasic@$0CAA@@internal@rml@@IEBAHI@Z 00000001800053c0 f i backend.obj
 0001:000044c0       ?getMinTrue@?$BitMaskMin@$0CAA@@internal@rml@@QEBAHI@Z 00000001800054c0 f i backend.obj
 0001:000044e0       ?getMinUsedBin@AdvRegionsBins@Backend@internal@rml@@QEBAHH@Z 00000001800054e0 f i backend.obj
 0001:00004510       ?getNumOfMods@BackendSync@internal@rml@@QEBA_JXZ 0000000180005510 f i backend.obj
 0001:00004530       ?inUserPool@Backend@internal@rml@@QEBA_NXZ 0000000180005530 f i backend.obj
 0001:00004550       ?init@BackendSync@internal@rml@@QEAAXPEAVBackend@23@@Z 0000000180005550 f i backend.obj
 0001:00004570       ?init@CoalRequestQ@internal@rml@@QEAAXPEAVBackendSync@23@@Z 0000000180005570 f i backend.obj
 0001:00004590       ?init@UsedAddressRange@Backend@internal@rml@@QEAAXXZ 0000000180005590 f i backend.obj
 0001:000045b0       ?initHeader@FreeBlock@internal@rml@@QEAAXXZ 00000001800055b0 f i backend.obj
 0001:000045e0       ?initLocked@GuardedSize@internal@rml@@QEAAXXZ 00000001800055e0 f i backend.obj
 0001:00004600       ?leftNeig@FreeBlock@internal@rml@@QEBAPEAV123@_K@Z 0000000180005600 f i backend.obj
 0001:00004650       ?load_with_acquire@?$machine_load_store@_J$07@internal@tbb@@SA_JAED_J@Z 0000000180005650 f i backend.obj
 0001:00004670       ?makeCoalscing@GuardedSize@internal@rml@@QEAAXXZ 0000000180005670 f i backend.obj
 0001:000046c0       ?markBlocks@FreeBlock@internal@rml@@SAXPEAV123@H_K@Z 00000001800056c0 f i backend.obj
 0001:00004720       ?markCoalescing@FreeBlock@internal@rml@@QEAAX_K@Z 0000000180005720 f i backend.obj
 0001:00004780       ?markUsed@FreeBlock@internal@rml@@QEAAXXZ 0000000180005780 f i backend.obj
 0001:000047d0       ?pause@AtomicBackoff@@QEAAXXZ 00000001800057d0 f i backend.obj
 0001:000047f0       ?pause@atomic_backoff@internal@tbb@@QEAAXXZ 00000001800057f0 f i backend.obj
 0001:00004830       ?ready@AllocControlledMode@internal@rml@@QEBA_NXZ 0000000180005830 f i backend.obj
 0001:00004840       ?regionsAreReleaseable@ExtMemoryPool@internal@rml@@QEBA_NXZ 0000000180005840 f i backend.obj
 0001:00004890       ?registerBin@AdvRegionsBins@Backend@internal@rml@@QEAAXH@Z 0000000180005890 f i backend.obj
 0001:000048c0       ?reset@?$BitMaskBasic@$0CAA@@internal@rml@@QEAAXXZ 00000001800058c0 f i backend.obj
 0001:00004900       ?reset@AdvRegionsBins@Backend@internal@rml@@QEAAXXZ 0000000180005900 f i backend.obj
 0001:00004920       ?reset@Bin@Backend@internal@rml@@QEAAXXZ 0000000180005920 f i backend.obj
 0001:00004940       ?rightNeig@FreeBlock@internal@rml@@QEBAPEAV123@_K@Z 0000000180005940 f i backend.obj
 0001:00004990       ?set@?$BitMaskBasic@$0CAA@@internal@rml@@IEAAX_K_N@Z 0000000180005990 f i backend.obj
 0001:00004a80       ?set@?$BitMaskMin@$0CAA@@internal@rml@@QEAAX_K_N@Z 0000000180005a80 f i backend.obj
 0001:00004ab0       ?setLeftFree@FreeBlock@internal@rml@@QEAAX_K@Z 0000000180005ab0 f i backend.obj
 0001:00004ae0       ?setMeFree@FreeBlock@internal@rml@@QEAAX_K@Z 0000000180005ae0 f i backend.obj
 0001:00004b10       ?signal@MemExtendingSema@internal@rml@@QEAAXXZ 0000000180005b10 f i backend.obj
 0001:00004b40       ?sizeToBin@Backend@internal@rml@@CAH_K@Z 0000000180005b40 f i backend.obj
 0001:00004bc0       ?store_with_release@?$machine_load_store@E$00@internal@tbb@@SAXAECEE@Z 0000000180005bc0 f i backend.obj
 0001:00004be0       ?store_with_release@?$machine_load_store@_J$07@internal@tbb@@SAXAEC_J_J@Z 0000000180005be0 f i backend.obj
 0001:00004c00       ?toAlignedBin@Backend@internal@rml@@CA_NPEAVFreeBlock@23@_K@Z 0000000180005c00 f i backend.obj
 0001:00004c60       ?tryLock@GuardedSize@internal@rml@@QEAA_KW4State@123@@Z 0000000180005c60 f i backend.obj
 0001:00004cf0       ?tryLockBlock@FreeBlock@internal@rml@@QEAA_KXZ 0000000180005cf0 f i backend.obj
 0001:00004d90       ?trySetLeftUsed@FreeBlock@internal@rml@@QEAA_KW4State@GuardedSize@23@@Z 0000000180005d90 f i backend.obj
 0001:00004dc0       ?trySetMeUsed@FreeBlock@internal@rml@@QEAA_KW4State@GuardedSize@23@@Z 0000000180005dc0 f i backend.obj
 0001:00004de0       ?unlock@GuardedSize@internal@rml@@QEAAX_K@Z 0000000180005de0 f i backend.obj
 0001:00004e60       ?userPool@ExtMemoryPool@internal@rml@@QEBA_NXZ 0000000180005e60 f i backend.obj
 0001:00004e90       ?wait@MemExtendingSema@internal@rml@@QEAA_NXZ 0000000180005e90 f i backend.obj
 0001:00004f10       ?waitTillBlockReleased@BackendSync@internal@rml@@QEAA_N_J@Z 0000000180005f10 f i backend.obj
 0001:00005160       ?sizeToIdx@LargeObjectCache@internal@rml@@CAH_K@Z 0000000180006160 f   large_objects.obj
 0001:000051e0       ?init@LargeObjectCache@internal@rml@@QEAAXPEAUExtMemoryPool@23@@Z 00000001800061e0 f   large_objects.obj
 0001:00005260       ?put@LargeObjectCache@internal@rml@@QEAAXPEAULargeMemoryBlock@23@@Z 0000000180006260 f   large_objects.obj
 0001:00005320       ?putList@LargeObjectCache@internal@rml@@QEAAXPEAULargeMemoryBlock@23@@Z 0000000180006320 f   large_objects.obj
 0001:000054e0       ?get@LargeObjectCache@internal@rml@@QEAAPEAULargeMemoryBlock@23@_K@Z 00000001800064e0 f   large_objects.obj
 0001:000055a0       ?updateCacheState@LargeObjectCache@internal@rml@@QEAAXW4DecreaseOrIncrease@23@_K@Z 00000001800065a0 f   large_objects.obj
 0001:00005630       ?doCleanup@LargeObjectCache@internal@rml@@QEAA_N_K_N@Z 0000000180006630 f   large_objects.obj
 0001:000056e0       ?decreasingCleanup@LargeObjectCache@internal@rml@@QEAA_NXZ 00000001800066e0 f   large_objects.obj
 0001:00005720       ?regularCleanup@LargeObjectCache@internal@rml@@QEAA_NXZ 0000000180006720 f   large_objects.obj
 0001:00005760       ?cleanAll@LargeObjectCache@internal@rml@@QEAA_NXZ 0000000180006760 f   large_objects.obj
 0001:000057c0       ?reset@LargeObjectCache@internal@rml@@QEAAXXZ 00000001800067c0 f   large_objects.obj
 0001:00005800       ?alignToBin@LargeObjectCache@internal@rml@@SA_K_K@Z 0000000180006800 f   large_objects.obj
 0001:00005850       ?setHugeSizeThreshold@LargeObjectCache@internal@rml@@QEAAX_K@Z 0000000180006850 f   large_objects.obj
 0001:000058e0       ?sizeInCacheRange@LargeObjectCache@internal@rml@@QEAA_N_K@Z 00000001800068e0 f   large_objects.obj
 0001:00005940       ?getCurrTime@LargeObjectCache@internal@rml@@QEAA_KXZ 0000000180006940 f   large_objects.obj
 0001:00005970       ?getCurrTimeRange@LargeObjectCache@internal@rml@@QEAA_K_K@Z 0000000180006970 f   large_objects.obj
 0001:000059b0       ?registerRealloc@LargeObjectCache@internal@rml@@QEAAX_K0@Z 00000001800069b0 f   large_objects.obj
 0001:00005a00       ?softCachesCleanup@ExtMemoryPool@internal@rml@@QEAA_NXZ 0000000180006a00 f   large_objects.obj
 0001:00005a30       ?hardCachesCleanup@ExtMemoryPool@internal@rml@@QEAA_NXZ 0000000180006a30 f   large_objects.obj
 0001:00005ae0       ?mallocLargeObject@ExtMemoryPool@internal@rml@@QEAAPEAULargeMemoryBlock@23@PEAVMemoryPool@23@_K@Z 0000000180006ae0 f   large_objects.obj
 0001:00005bb0       ?freeLargeObject@ExtMemoryPool@internal@rml@@QEAAXPEAULargeMemoryBlock@23@@Z 0000000180006bb0 f   large_objects.obj
 0001:00005bf0       ?freeLargeObjectList@ExtMemoryPool@internal@rml@@QEAAXPEAULargeMemoryBlock@23@@Z 0000000180006bf0 f   large_objects.obj
 0001:00005d30       ??$?0UOpCleanAll@internal@rml@@@CacheBinOperation@internal@rml@@QEAA@AEAUOpCleanAll@12@W4CacheBinOperationStatus@12@@Z 0000000180006d30 f i large_objects.obj
 0001:00005d90       ??$?0UOpCleanToThreshold@internal@rml@@@CacheBinOperation@internal@rml@@QEAA@AEAUOpCleanToThreshold@12@W4CacheBinOperationStatus@12@@Z 0000000180006d90 f i large_objects.obj
 0001:00005df0       ??$?0UOpGet@internal@rml@@@CacheBinOperation@internal@rml@@QEAA@AEAUOpGet@12@W4CacheBinOperationStatus@12@@Z 0000000180006df0 f i large_objects.obj
 0001:00005e50       ??$?0UOpPutList@internal@rml@@@CacheBinOperation@internal@rml@@QEAA@AEAUOpPutList@12@W4CacheBinOperationStatus@12@@Z 0000000180006e50 f i large_objects.obj
 0001:00005eb0       ??$?0UOpUpdateUsedSize@internal@rml@@@CacheBinOperation@internal@rml@@QEAA@AEAUOpUpdateUsedSize@12@W4CacheBinOperationStatus@12@@Z 0000000180006eb0 f i large_objects.obj
 0001:00005f10       ??$compare_and_swap@$0A@@?$atomic_impl@PEAUCacheBinOperation@internal@rml@@@internal@tbb@@QEAAPEAUCacheBinOperation@1rml@@PEAU314@0@Z 0000000180006f10 f i large_objects.obj
 0001:00005f60       ??$execute@V?$CacheBinFunctor@U?$LargeObjectCacheProps@U?$HugeBinStructureProps@$0IAAAAA@$0BAAAAAAAAAA@@internal@rml@@$00$00$03@internal@rml@@@internal@rml@@@?$aggregator_generic@UCacheBinOperation@internal@rml@@@internal@interface6@tbb@@QEAAXPEAUCacheBinOperation@1rml@@AEAV?$CacheBinFunctor@U?$LargeObjectCacheProps@U?$HugeBinStructureProps@$0IAAAAA@$0BAAAAAAAAAA@@internal@rml@@$00$00$03@internal@rml@@@15@_N@Z 0000000180006f60 f i large_objects.obj
 0001:00006090       ??$execute@V?$CacheBinFunctor@U?$LargeObjectCacheProps@U?$LargeBinStructureProps@$0CAAA@$0IAAAAA@@internal@rml@@$01$01$0BA@@internal@rml@@@internal@rml@@@?$aggregator_generic@UCacheBinOperation@internal@rml@@@internal@interface6@tbb@@QEAAXPEAUCacheBinOperation@1rml@@AEAV?$CacheBinFunctor@U?$LargeObjectCacheProps@U?$LargeBinStructureProps@$0CAAA@$0IAAAAA@@internal@rml@@$01$01$0BA@@internal@rml@@@15@_N@Z 0000000180007090 f i large_objects.obj
 0001:000061c0       ??$fetch_and_store@$0A@@?$atomic_impl@PEAUCacheBinOperation@internal@rml@@@internal@tbb@@QEAAPEAUCacheBinOperation@1rml@@PEAU314@@Z 00000001800071c0 f i large_objects.obj
 0001:00006200       ??$itt_load_word_with_acquire@_K@internal@tbb@@YA_KAEA_K@Z 0000000180007200 f i large_objects.obj
 0001:00006240       ??$itt_store_word_with_release@_K@internal@tbb@@YAXAEA_K_K@Z 0000000180007240 f i large_objects.obj
 0001:00006280       ??$opCast@UOpCleanAll@internal@rml@@@internal@rml@@YAAEAUOpCleanAll@01@AEAUCacheBinOperation@01@@Z 0000000180007280 f i large_objects.obj
 0001:00006290       ??$opCast@UOpCleanToThreshold@internal@rml@@@internal@rml@@YAAEAUOpCleanToThreshold@01@AEAUCacheBinOperation@01@@Z 0000000180007290 f i large_objects.obj
 0001:000062a0       ??$opCast@UOpGet@internal@rml@@@internal@rml@@YAAEAUOpGet@01@AEAUCacheBinOperation@01@@Z 00000001800072a0 f i large_objects.obj
 0001:000062b0       ??$opCast@UOpPutList@internal@rml@@@internal@rml@@YAAEAUOpPutList@01@AEAUCacheBinOperation@01@@Z 00000001800072b0 f i large_objects.obj
 0001:000062c0       ??$opCast@UOpUpdateUsedSize@internal@rml@@@internal@rml@@YAAEAUOpUpdateUsedSize@01@AEAUCacheBinOperation@01@@Z 00000001800072c0 f i large_objects.obj
 0001:000062d0       ??$spin_wait_until_eq@_K_K@internal@tbb@@YAXAED_K_K@Z 00000001800072d0 f i large_objects.obj
 0001:00006310       ??$spin_wait_while_eq@_K_K@internal@tbb@@YAXAED_K_K@Z 0000000180007310 f i large_objects.obj
 0001:00006350       ??$start_handle_operations@V?$CacheBinFunctor@U?$LargeObjectCacheProps@U?$HugeBinStructureProps@$0IAAAAA@$0BAAAAAAAAAA@@internal@rml@@$00$00$03@internal@rml@@@internal@rml@@@?$aggregator_generic@UCacheBinOperation@internal@rml@@@internal@interface6@tbb@@AEAAXAEAV?$CacheBinFunctor@U?$LargeObjectCacheProps@U?$HugeBinStructureProps@$0IAAAAA@$0BAAAAAAAAAA@@internal@rml@@$00$00$03@internal@rml@@@1rml@@@Z 0000000180007350 f i large_objects.obj
 0001:00006400       ??$start_handle_operations@V?$CacheBinFunctor@U?$LargeObjectCacheProps@U?$LargeBinStructureProps@$0CAAA@$0IAAAAA@@internal@rml@@$01$01$0BA@@internal@rml@@@internal@rml@@@?$aggregator_generic@UCacheBinOperation@internal@rml@@@internal@interface6@tbb@@AEAAXAEAV?$CacheBinFunctor@U?$LargeObjectCacheProps@U?$LargeBinStructureProps@$0CAAA@$0IAAAAA@@internal@rml@@$01$01$0BA@@internal@rml@@@1rml@@@Z 0000000180007400 f i large_objects.obj
 0001:000064b0       ??$to_bits@PEAUCacheBinOperation@internal@rml@@@?$atomic_impl@PEAUCacheBinOperation@internal@rml@@@internal@tbb@@CA_JPEAUCacheBinOperation@1rml@@@Z 00000001800074b0 f i large_objects.obj
 0001:000064d0       ??$to_bits_ref@SEAUCacheBinOperation@internal@rml@@@?$atomic_impl@PEAUCacheBinOperation@internal@rml@@@internal@tbb@@CAAEA_JAEDSEAUCacheBinOperation@1rml@@@Z 00000001800074d0 f i large_objects.obj
 0001:000064f0       ??$to_value@PEAUCacheBinOperation@internal@rml@@@?$atomic_impl@PEAUCacheBinOperation@internal@rml@@@internal@tbb@@CAPEAUCacheBinOperation@1rml@@_J@Z 00000001800074f0 f i large_objects.obj
 0001:00006520       ??0?$CacheBinFunctor@U?$LargeObjectCacheProps@U?$HugeBinStructureProps@$0IAAAAA@$0BAAAAAAAAAA@@internal@rml@@$00$00$03@internal@rml@@@internal@rml@@QEAA@PEAVCacheBin@?$LargeObjectCacheImpl@U?$LargeObjectCacheProps@U?$HugeBinStructureProps@$0IAAAAA@$0BAAAAAAAAAA@@internal@rml@@$00$00$03@internal@rml@@@12@PEAUExtMemoryPool@12@PEAV?$BitMaskMax@$0II@@12@H@Z 0000000180007520 f i large_objects.obj
 0001:00006590       ??0?$CacheBinFunctor@U?$LargeObjectCacheProps@U?$LargeBinStructureProps@$0CAAA@$0IAAAAA@@internal@rml@@$01$01$0BA@@internal@rml@@@internal@rml@@QEAA@PEAVCacheBin@?$LargeObjectCacheImpl@U?$LargeObjectCacheProps@U?$LargeBinStructureProps@$0CAAA@$0IAAAAA@@internal@rml@@$01$01$0BA@@internal@rml@@@12@PEAUExtMemoryPool@12@PEAV?$BitMaskMax@$0DPP@@12@H@Z 0000000180007590 f i large_objects.obj
 0001:00006600       ??0?$aggregated_operation@UCacheBinOperation@internal@rml@@@internal@interface6@tbb@@QEAA@XZ 0000000180007600 f i large_objects.obj
 0001:00006630       ??0?$converter@PEAUCacheBinOperation@internal@rml@@@?$atomic_impl@PEAUCacheBinOperation@internal@rml@@@internal@tbb@@QEAA@PEAUCacheBinOperation@2rml@@@Z 0000000180007630 f i large_objects.obj
 0001:00006650       ??0?$converter@PEAUCacheBinOperation@internal@rml@@@?$atomic_impl@PEAUCacheBinOperation@internal@rml@@@internal@tbb@@QEAA@XZ 0000000180007650 f i large_objects.obj
 0001:00006660       ??0?$ptr_converter@PEDSEAUCacheBinOperation@internal@rml@@@?$atomic_impl@PEAUCacheBinOperation@internal@rml@@@internal@tbb@@QEAA@PEDSEAUCacheBinOperation@2rml@@@Z 0000000180007660 f i large_objects.obj
 0001:00006680       ??0BinsSummary@?$LargeObjectCacheImpl@U?$LargeObjectCacheProps@U?$HugeBinStructureProps@$0IAAAAA@$0BAAAAAAAAAA@@internal@rml@@$00$00$03@internal@rml@@@internal@rml@@QEAA@XZ 0000000180007680 f i large_objects.obj
 0001:000066b0       ??0BinsSummary@?$LargeObjectCacheImpl@U?$LargeObjectCacheProps@U?$LargeBinStructureProps@$0CAAA@$0IAAAAA@@internal@rml@@$01$01$0BA@@internal@rml@@@internal@rml@@QEAA@XZ 00000001800076b0 f i large_objects.obj
 0001:000066e0       ??0OperationPreprocessor@?$CacheBinFunctor@U?$LargeObjectCacheProps@U?$HugeBinStructureProps@$0IAAAAA@$0BAAAAAAAAAA@@internal@rml@@$00$00$03@internal@rml@@@internal@rml@@QEAA@PEAVCacheBin@?$LargeObjectCacheImpl@U?$LargeObjectCacheProps@U?$HugeBinStructureProps@$0IAAAAA@$0BAAAAAAAAAA@@internal@rml@@$00$00$03@internal@rml@@@23@@Z 00000001800076e0 f i large_objects.obj
 0001:00006770       ??0OperationPreprocessor@?$CacheBinFunctor@U?$LargeObjectCacheProps@U?$LargeBinStructureProps@$0CAAA@$0IAAAAA@@internal@rml@@$01$01$0BA@@internal@rml@@@internal@rml@@QEAA@PEAVCacheBin@?$LargeObjectCacheImpl@U?$LargeObjectCacheProps@U?$LargeBinStructureProps@$0CAAA@$0IAAAAA@@internal@rml@@$01$01$0BA@@internal@rml@@@23@@Z 0000000180007770 f i large_objects.obj
 0001:00006800       ??2@YAPEAX_KPEAX@Z         0000000180007800 f i large_objects.obj
 0001:00006810       ??B?$atomic_impl@PEAUCacheBinOperation@internal@rml@@@internal@tbb@@QEDAPEAUCacheBinOperation@1rml@@XZ 0000000180007810 f i large_objects.obj
 0001:00006840       ??R?$CacheBinFunctor@U?$LargeObjectCacheProps@U?$HugeBinStructureProps@$0IAAAAA@$0BAAAAAAAAAA@@internal@rml@@$00$00$03@internal@rml@@@internal@rml@@QEAAXPEAUCacheBinOperation@12@@Z 0000000180007840 f i large_objects.obj
 0001:00006d80       ??R?$CacheBinFunctor@U?$LargeObjectCacheProps@U?$LargeBinStructureProps@$0CAAA@$0IAAAAA@@internal@rml@@$01$01$0BA@@internal@rml@@@internal@rml@@QEAAXPEAUCacheBinOperation@12@@Z 0000000180007d80 f i large_objects.obj
 0001:000072c0       ??ROperationPreprocessor@?$CacheBinFunctor@U?$LargeObjectCacheProps@U?$HugeBinStructureProps@$0IAAAAA@$0BAAAAAAAAAA@@internal@rml@@$00$00$03@internal@rml@@@internal@rml@@QEAAXPEAUCacheBinOperation@23@@Z 00000001800082c0 f i large_objects.obj
 0001:000076c0       ??ROperationPreprocessor@?$CacheBinFunctor@U?$LargeObjectCacheProps@U?$LargeBinStructureProps@$0CAAA@$0IAAAAA@@internal@rml@@$01$01$0BA@@internal@rml@@@internal@rml@@QEAAXPEAUCacheBinOperation@23@@Z 00000001800086c0 f i large_objects.obj
 0001:00007ac0       ?ExecuteOperation@CacheBin@?$LargeObjectCacheImpl@U?$LargeObjectCacheProps@U?$HugeBinStructureProps@$0IAAAAA@$0BAAAAAAAAAA@@internal@rml@@$00$00$03@internal@rml@@@internal@rml@@AEAAXPEAUCacheBinOperation@34@PEAUExtMemoryPool@34@PEAV?$BitMaskMax@$0II@@34@H_N@Z 0000000180008ac0 f i large_objects.obj
 0001:00007ba0       ?ExecuteOperation@CacheBin@?$LargeObjectCacheImpl@U?$LargeObjectCacheProps@U?$LargeBinStructureProps@$0CAAA@$0IAAAAA@@internal@rml@@$01$01$0BA@@internal@rml@@@internal@rml@@AEAAXPEAUCacheBinOperation@34@PEAUExtMemoryPool@34@PEAV?$BitMaskMax@$0DPP@@34@H_N@Z 0000000180008ba0 f i large_objects.obj
 0001:00007c80       ?__TBB_store_with_release@internal@tbb@@YAXAEC_K_K@Z 0000000180008c80 f i large_objects.obj
 0001:00007cb0       ?addOpToOpList@OperationPreprocessor@?$CacheBinFunctor@U?$LargeObjectCacheProps@U?$HugeBinStructureProps@$0IAAAAA@$0BAAAAAAAAAA@@internal@rml@@$00$00$03@internal@rml@@@internal@rml@@AEBAXPEAUCacheBinOperation@34@PEAPEAU534@@Z 0000000180008cb0 f i large_objects.obj
 0001:00007ce0       ?addOpToOpList@OperationPreprocessor@?$CacheBinFunctor@U?$LargeObjectCacheProps@U?$LargeBinStructureProps@$0CAAA@$0IAAAAA@@internal@rml@@$01$01$0BA@@internal@rml@@@internal@rml@@AEBAXPEAUCacheBinOperation@34@PEAPEAU534@@Z 0000000180008ce0 f i large_objects.obj
 0001:00007d10       ?addToPutList@OperationPreprocessor@?$CacheBinFunctor@U?$LargeObjectCacheProps@U?$HugeBinStructureProps@$0IAAAAA@$0BAAAAAAAAAA@@internal@rml@@$00$00$03@internal@rml@@@internal@rml@@AEAAXPEAULargeMemoryBlock@34@0H@Z 0000000180008d10 f i large_objects.obj
 0001:00007de0       ?addToPutList@OperationPreprocessor@?$CacheBinFunctor@U?$LargeObjectCacheProps@U?$LargeBinStructureProps@$0CAAA@$0IAAAAA@@internal@rml@@$01$01$0BA@@internal@rml@@@internal@rml@@AEAAXPEAULargeMemoryBlock@34@0H@Z 0000000180008de0 f i large_objects.obj
 0001:00007eb0       ?alignToBin@?$HugeBinStructureProps@$0IAAAAA@$0BAAAAAAAAAA@@internal@rml@@SA_K_K@Z 0000000180008eb0 f i large_objects.obj
 0001:00007f00       ?alignToBin@?$LargeBinStructureProps@$0CAAA@$0IAAAAA@@internal@rml@@SA_K_K@Z 0000000180008f00 f i large_objects.obj
 0001:00007f20       ?alignToBin@?$LargeObjectCacheImpl@U?$LargeObjectCacheProps@U?$HugeBinStructureProps@$0IAAAAA@$0BAAAAAAAAAA@@internal@rml@@$00$00$03@internal@rml@@@internal@rml@@SA_K_K@Z 0000000180008f20 f i large_objects.obj
 0001:00007f40       ?alignToBin@?$LargeObjectCacheImpl@U?$LargeObjectCacheProps@U?$LargeBinStructureProps@$0CAAA@$0IAAAAA@@internal@rml@@$01$01$0BA@@internal@rml@@@internal@rml@@SA_K_K@Z 0000000180008f40 f i large_objects.obj
 0001:00007f60       ?call_itt_notify@internal@tbb@@YAXW4notify_type@12@PEAX@Z 0000000180008f60 f i large_objects.obj
 0001:00008000       ?cleanAll@?$LargeObjectCacheImpl@U?$LargeObjectCacheProps@U?$HugeBinStructureProps@$0IAAAAA@$0BAAAAAAAAAA@@internal@rml@@$00$00$03@internal@rml@@@internal@rml@@QEAA_NPEAUExtMemoryPool@23@@Z 0000000180009000 f i large_objects.obj
 0001:00008090       ?cleanAll@?$LargeObjectCacheImpl@U?$LargeObjectCacheProps@U?$LargeBinStructureProps@$0CAAA@$0IAAAAA@@internal@rml@@$01$01$0BA@@internal@rml@@@internal@rml@@QEAA_NPEAUExtMemoryPool@23@@Z 0000000180009090 f i large_objects.obj
 0001:00008120       ?cleanAll@CacheBin@?$LargeObjectCacheImpl@U?$LargeObjectCacheProps@U?$HugeBinStructureProps@$0IAAAAA@$0BAAAAAAAAAA@@internal@rml@@$00$00$03@internal@rml@@@internal@rml@@QEAAPEAULargeMemoryBlock@34@PEAV?$BitMaskMax@$0II@@34@H@Z 0000000180009120 f i large_objects.obj
 0001:000081b0       ?cleanAll@CacheBin@?$LargeObjectCacheImpl@U?$LargeObjectCacheProps@U?$LargeBinStructureProps@$0CAAA@$0IAAAAA@@internal@rml@@$01$01$0BA@@internal@rml@@@internal@rml@@QEAAPEAULargeMemoryBlock@34@PEAV?$BitMaskMax@$0DPP@@34@H@Z 00000001800091b0 f i large_objects.obj
 0001:00008240       ?cleanToThreshold@CacheBin@?$LargeObjectCacheImpl@U?$LargeObjectCacheProps@U?$HugeBinStructureProps@$0IAAAAA@$0BAAAAAAAAAA@@internal@rml@@$00$00$03@internal@rml@@@internal@rml@@QEAAPEAULargeMemoryBlock@34@_KPEAV?$BitMaskMax@$0II@@34@H@Z 0000000180009240 f i large_objects.obj
 0001:00008430       ?cleanToThreshold@CacheBin@?$LargeObjectCacheImpl@U?$LargeObjectCacheProps@U?$HugeBinStructureProps@$0IAAAAA@$0BAAAAAAAAAA@@internal@rml@@$00$00$03@internal@rml@@@internal@rml@@QEAA_NPEAUExtMemoryPool@34@PEAV?$BitMaskMax@$0II@@34@_KH@Z 0000000180009430 f i large_objects.obj
 0001:00008560       ?cleanToThreshold@CacheBin@?$LargeObjectCacheImpl@U?$LargeObjectCacheProps@U?$LargeBinStructureProps@$0CAAA@$0IAAAAA@@internal@rml@@$01$01$0BA@@internal@rml@@@internal@rml@@QEAAPEAULargeMemoryBlock@34@_KPEAV?$BitMaskMax@$0DPP@@34@H@Z 0000000180009560 f i large_objects.obj
 0001:00008750       ?cleanToThreshold@CacheBin@?$LargeObjectCacheImpl@U?$LargeObjectCacheProps@U?$LargeBinStructureProps@$0CAAA@$0IAAAAA@@internal@rml@@$01$01$0BA@@internal@rml@@@internal@rml@@QEAA_NPEAUExtMemoryPool@34@PEAV?$BitMaskMax@$0DPP@@34@_KH@Z 0000000180009750 f i large_objects.obj
 0001:00008880       ?commitOperation@OperationPreprocessor@?$CacheBinFunctor@U?$LargeObjectCacheProps@U?$HugeBinStructureProps@$0IAAAAA@$0BAAAAAAAAAA@@internal@rml@@$00$00$03@internal@rml@@@internal@rml@@AEBAXPEAUCacheBinOperation@34@@Z 0000000180009880 f i large_objects.obj
 0001:000088b0       ?commitOperation@OperationPreprocessor@?$CacheBinFunctor@U?$LargeObjectCacheProps@U?$LargeBinStructureProps@$0CAAA@$0IAAAAA@@internal@rml@@$01$01$0BA@@internal@rml@@@internal@rml@@AEBAXPEAUCacheBinOperation@34@@Z 00000001800098b0 f i large_objects.obj
 0001:000088e0       ?compare_and_swap@?$atomic_impl@PEAUCacheBinOperation@internal@rml@@@internal@tbb@@QEAAPEAUCacheBinOperation@2rml@@PEAU425@0@Z 00000001800098e0 f i large_objects.obj
 0001:00008910       ?compare_and_swap@?$atomic_traits@$07$0A@@internal@tbb@@SA_JPECX_J1@Z 0000000180009910 f i large_objects.obj
 0001:00008940       ?decreaseThreshold@CacheBin@?$LargeObjectCacheImpl@U?$LargeObjectCacheProps@U?$HugeBinStructureProps@$0IAAAAA@$0BAAAAAAAAAA@@internal@rml@@$00$00$03@internal@rml@@@internal@rml@@QEAAXXZ 0000000180009940 f i large_objects.obj
 0001:00008980       ?decreaseThreshold@CacheBin@?$LargeObjectCacheImpl@U?$LargeObjectCacheProps@U?$LargeBinStructureProps@$0CAAA@$0IAAAAA@@internal@rml@@$01$01$0BA@@internal@rml@@@internal@rml@@QEAAXXZ 0000000180009980 f i large_objects.obj
 0001:000089c0       ?fetch_and_store@?$atomic_impl@PEAUCacheBinOperation@internal@rml@@@internal@tbb@@QEAAPEAUCacheBinOperation@2rml@@PEAU425@@Z 00000001800099c0 f i large_objects.obj
 0001:000089f0       ?fetch_and_store@?$atomic_traits@$07$0A@@internal@tbb@@SA_JPECX_J@Z 00000001800099f0 f i large_objects.obj
 0001:00008a20       ?forgetOutdatedState@CacheBin@?$LargeObjectCacheImpl@U?$LargeObjectCacheProps@U?$HugeBinStructureProps@$0IAAAAA@$0BAAAAAAAAAA@@internal@rml@@$00$00$03@internal@rml@@@internal@rml@@QEAAX_K@Z 0000000180009a20 f i large_objects.obj
 0001:00008b00       ?forgetOutdatedState@CacheBin@?$LargeObjectCacheImpl@U?$LargeObjectCacheProps@U?$LargeBinStructureProps@$0CAAA@$0IAAAAA@@internal@rml@@$01$01$0BA@@internal@rml@@@internal@rml@@QEAAX_K@Z 0000000180009b00 f i large_objects.obj
 0001:00008be0       ?get@?$LargeObjectCacheImpl@U?$LargeObjectCacheProps@U?$HugeBinStructureProps@$0IAAAAA@$0BAAAAAAAAAA@@internal@rml@@$00$00$03@internal@rml@@@internal@rml@@QEAAPEAULargeMemoryBlock@23@PEAUExtMemoryPool@23@_K@Z 0000000180009be0 f i large_objects.obj
 0001:00008c80       ?get@?$LargeObjectCacheImpl@U?$LargeObjectCacheProps@U?$LargeBinStructureProps@$0CAAA@$0IAAAAA@@internal@rml@@$01$01$0BA@@internal@rml@@@internal@rml@@QEAAPEAULargeMemoryBlock@23@PEAUExtMemoryPool@23@_K@Z 0000000180009c80 f i large_objects.obj
 0001:00008d20       ?get@CacheBin@?$LargeObjectCacheImpl@U?$LargeObjectCacheProps@U?$HugeBinStructureProps@$0IAAAAA@$0BAAAAAAAAAA@@internal@rml@@$00$00$03@internal@rml@@@internal@rml@@QEAAPEAULargeMemoryBlock@34@PEAUExtMemoryPool@34@_KPEAV?$BitMaskMax@$0II@@34@H@Z 0000000180009d20 f i large_objects.obj
 0001:00008dc0       ?get@CacheBin@?$LargeObjectCacheImpl@U?$LargeObjectCacheProps@U?$HugeBinStructureProps@$0IAAAAA@$0BAAAAAAAAAA@@internal@rml@@$00$00$03@internal@rml@@@internal@rml@@QEAAPEAULargeMemoryBlock@34@XZ 0000000180009dc0 f i large_objects.obj
 0001:00008e30       ?get@CacheBin@?$LargeObjectCacheImpl@U?$LargeObjectCacheProps@U?$LargeBinStructureProps@$0CAAA@$0IAAAAA@@internal@rml@@$01$01$0BA@@internal@rml@@@internal@rml@@QEAAPEAULargeMemoryBlock@34@PEAUExtMemoryPool@34@_KPEAV?$BitMaskMax@$0DPP@@34@H@Z 0000000180009e30 f i large_objects.obj
 0001:00008ed0       ?get@CacheBin@?$LargeObjectCacheImpl@U?$LargeObjectCacheProps@U?$LargeBinStructureProps@$0CAAA@$0IAAAAA@@internal@rml@@$01$01$0BA@@internal@rml@@@internal@rml@@QEAAPEAULargeMemoryBlock@34@XZ 0000000180009ed0 f i large_objects.obj
 0001:00008f40       ?getCurrTime@?$CacheBinFunctor@U?$LargeObjectCacheProps@U?$HugeBinStructureProps@$0IAAAAA@$0BAAAAAAAAAA@@internal@rml@@$00$00$03@internal@rml@@@internal@rml@@QEBA_KXZ 0000000180009f40 f i large_objects.obj
 0001:00008f50       ?getCurrTime@?$CacheBinFunctor@U?$LargeObjectCacheProps@U?$LargeBinStructureProps@$0CAAA@$0IAAAAA@@internal@rml@@$01$01$0BA@@internal@rml@@@internal@rml@@QEBA_KXZ 0000000180009f50 f i large_objects.obj
 0001:00008f60       ?getFromPutList@OperationPreprocessor@?$CacheBinFunctor@U?$LargeObjectCacheProps@U?$HugeBinStructureProps@$0IAAAAA@$0BAAAAAAAAAA@@internal@rml@@$00$00$03@internal@rml@@@internal@rml@@AEAA_NPEAUCacheBinOperation@34@_K@Z 0000000180009f60 f i large_objects.obj
 0001:00009050       ?getFromPutList@OperationPreprocessor@?$CacheBinFunctor@U?$LargeObjectCacheProps@U?$LargeBinStructureProps@$0CAAA@$0IAAAAA@@internal@rml@@$01$01$0BA@@internal@rml@@@internal@rml@@AEAA_NPEAUCacheBinOperation@34@_K@Z 000000018000a050 f i large_objects.obj
 0001:00009140       ?getMaxTrue@?$BitMaskMax@$0DPP@@internal@rml@@QEBAHI@Z 000000018000a140 f i large_objects.obj
 0001:00009190       ?getMaxTrue@?$BitMaskMax@$0II@@internal@rml@@QEBAHI@Z 000000018000a190 f i large_objects.obj
 0001:000091e0       ?getMinTrue@?$BitMaskBasic@$0DPP@@internal@rml@@IEBAHI@Z 000000018000a1e0 f i large_objects.obj
 0001:000092e0       ?getMinTrue@?$BitMaskBasic@$0II@@internal@rml@@IEBAHI@Z 000000018000a2e0 f i large_objects.obj
 0001:000093e0       ?getTimeRange@OperationPreprocessor@?$CacheBinFunctor@U?$LargeObjectCacheProps@U?$HugeBinStructureProps@$0IAAAAA@$0BAAAAAAAAAA@@internal@rml@@$00$00$03@internal@rml@@@internal@rml@@QEBA_KXZ 000000018000a3e0 f i large_objects.obj
 0001:00009400       ?getTimeRange@OperationPreprocessor@?$CacheBinFunctor@U?$LargeObjectCacheProps@U?$LargeBinStructureProps@$0CAAA@$0IAAAAA@@internal@rml@@$01$01$0BA@@internal@rml@@@internal@rml@@QEBA_KXZ 000000018000a400 f i large_objects.obj
 0001:00009420       ?getToRelease@?$CacheBinFunctor@U?$LargeObjectCacheProps@U?$HugeBinStructureProps@$0IAAAAA@$0BAAAAAAAAAA@@internal@rml@@$00$00$03@internal@rml@@@internal@rml@@QEBAPEAULargeMemoryBlock@23@XZ 000000018000a420 f i large_objects.obj
 0001:00009430       ?getToRelease@?$CacheBinFunctor@U?$LargeObjectCacheProps@U?$LargeBinStructureProps@$0CAAA@$0IAAAAA@@internal@rml@@$01$01$0BA@@internal@rml@@@internal@rml@@QEBAPEAULargeMemoryBlock@23@XZ 000000018000a430 f i large_objects.obj
 0001:00009440       ?init@CacheBin@?$LargeObjectCacheImpl@U?$LargeObjectCacheProps@U?$HugeBinStructureProps@$0IAAAAA@$0BAAAAAAAAAA@@internal@rml@@$00$00$03@internal@rml@@@internal@rml@@QEAAXXZ 000000018000a440 f i large_objects.obj
 0001:00009460       ?init@CacheBin@?$LargeObjectCacheImpl@U?$LargeObjectCacheProps@U?$LargeBinStructureProps@$0CAAA@$0IAAAAA@@internal@rml@@$01$01$0BA@@internal@rml@@@internal@rml@@QEAAXXZ 000000018000a460 f i large_objects.obj
 0001:00009480       ?isCleanupNeeded@?$CacheBinFunctor@U?$LargeObjectCacheProps@U?$HugeBinStructureProps@$0IAAAAA@$0BAAAAAAAAAA@@internal@rml@@$00$00$03@internal@rml@@@internal@rml@@QEBA_NXZ 000000018000a480 f i large_objects.obj
 0001:00009490       ?isCleanupNeeded@?$CacheBinFunctor@U?$LargeObjectCacheProps@U?$LargeBinStructureProps@$0CAAA@$0IAAAAA@@internal@rml@@$01$01$0BA@@internal@rml@@@internal@rml@@QEBA_NXZ 000000018000a490 f i large_objects.obj
 0001:000094a0       ?isCleanupNeededOnRange@LargeObjectCache@internal@rml@@QEAA_N_K0@Z 000000018000a4a0 f i large_objects.obj
 0001:00009520       ?isInvalid@BackRefIdx@internal@rml@@QEBA_NXZ 000000018000a520 f i large_objects.obj
 0001:00009550       ?isLOCTooLarge@BinsSummary@?$LargeObjectCacheImpl@U?$LargeObjectCacheProps@U?$HugeBinStructureProps@$0IAAAAA@$0BAAAAAAAAAA@@internal@rml@@$00$00$03@internal@rml@@@internal@rml@@QEBA_NXZ 000000018000a550 f i large_objects.obj
 0001:00009590       ?isLOCTooLarge@BinsSummary@?$LargeObjectCacheImpl@U?$LargeObjectCacheProps@U?$LargeBinStructureProps@$0CAAA@$0IAAAAA@@internal@rml@@$01$01$0BA@@internal@rml@@@internal@rml@@QEBA_NXZ 000000018000a590 f i large_objects.obj
 0001:000095d0       ?lessThanWithOverflow@internal@rml@@YA_N_J0@Z 000000018000a5d0 f i large_objects.obj
 0001:00009650       ?putList@?$LargeObjectCacheImpl@U?$LargeObjectCacheProps@U?$HugeBinStructureProps@$0IAAAAA@$0BAAAAAAAAAA@@internal@rml@@$00$00$03@internal@rml@@@internal@rml@@QEAAXPEAUExtMemoryPool@23@PEAULargeMemoryBlock@23@@Z 000000018000a650 f i large_objects.obj
 0001:000096e0       ?putList@?$LargeObjectCacheImpl@U?$LargeObjectCacheProps@U?$LargeBinStructureProps@$0CAAA@$0IAAAAA@@internal@rml@@$01$01$0BA@@internal@rml@@@internal@rml@@QEAAXPEAUExtMemoryPool@23@PEAULargeMemoryBlock@23@@Z 000000018000a6e0 f i large_objects.obj
 0001:00009770       ?putList@CacheBin@?$LargeObjectCacheImpl@U?$LargeObjectCacheProps@U?$HugeBinStructureProps@$0IAAAAA@$0BAAAAAAAAAA@@internal@rml@@$00$00$03@internal@rml@@@internal@rml@@QEAAPEAULargeMemoryBlock@34@PEAU534@0PEAV?$BitMaskMax@$0II@@34@HH_K@Z 000000018000a770 f i large_objects.obj
 0001:000099d0       ?putList@CacheBin@?$LargeObjectCacheImpl@U?$LargeObjectCacheProps@U?$HugeBinStructureProps@$0IAAAAA@$0BAAAAAAAAAA@@internal@rml@@$00$00$03@internal@rml@@@internal@rml@@QEAAXPEAUExtMemoryPool@34@PEAULargeMemoryBlock@34@PEAV?$BitMaskMax@$0II@@34@H@Z 000000018000a9d0 f i large_objects.obj
 0001:00009a90       ?putList@CacheBin@?$LargeObjectCacheImpl@U?$LargeObjectCacheProps@U?$LargeBinStructureProps@$0CAAA@$0IAAAAA@@internal@rml@@$01$01$0BA@@internal@rml@@@internal@rml@@QEAAPEAULargeMemoryBlock@34@PEAU534@0PEAV?$BitMaskMax@$0DPP@@34@HH_K@Z 000000018000aa90 f i large_objects.obj
 0001:00009cf0       ?putList@CacheBin@?$LargeObjectCacheImpl@U?$LargeObjectCacheProps@U?$LargeBinStructureProps@$0CAAA@$0IAAAAA@@internal@rml@@$01$01$0BA@@internal@rml@@@internal@rml@@QEAAXPEAUExtMemoryPool@34@PEAULargeMemoryBlock@34@PEAV?$BitMaskMax@$0DPP@@34@H@Z 000000018000acf0 f i large_objects.obj
 0001:00009db0       ?regularCleanup@?$LargeObjectCacheImpl@U?$LargeObjectCacheProps@U?$HugeBinStructureProps@$0IAAAAA@$0BAAAAAAAAAA@@internal@rml@@$00$00$03@internal@rml@@@internal@rml@@QEAA_NPEAUExtMemoryPool@23@_K_N@Z 000000018000adb0 f i large_objects.obj
 0001:00009f60       ?regularCleanup@?$LargeObjectCacheImpl@U?$LargeObjectCacheProps@U?$LargeBinStructureProps@$0CAAA@$0IAAAAA@@internal@rml@@$01$01$0BA@@internal@rml@@@internal@rml@@QEAA_NPEAUExtMemoryPool@23@_K_N@Z 000000018000af60 f i large_objects.obj
 0001:0000a110       ?releaseAllToBackend@CacheBin@?$LargeObjectCacheImpl@U?$LargeObjectCacheProps@U?$HugeBinStructureProps@$0IAAAAA@$0BAAAAAAAAAA@@internal@rml@@$00$00$03@internal@rml@@@internal@rml@@QEAA_NPEAUExtMemoryPool@34@PEAV?$BitMaskMax@$0II@@34@H@Z 000000018000b110 f i large_objects.obj
 0001:0000a240       ?releaseAllToBackend@CacheBin@?$LargeObjectCacheImpl@U?$LargeObjectCacheProps@U?$LargeBinStructureProps@$0CAAA@$0IAAAAA@@internal@rml@@$01$01$0BA@@internal@rml@@@internal@rml@@QEAA_NPEAUExtMemoryPool@34@PEAV?$BitMaskMax@$0DPP@@34@H@Z 000000018000b240 f i large_objects.obj
 0001:0000a370       ?reset@?$BitMaskBasic@$0DPP@@internal@rml@@QEAAXXZ 000000018000b370 f i large_objects.obj
 0001:0000a3b0       ?reset@?$BitMaskBasic@$0II@@internal@rml@@QEAAXXZ 000000018000b3b0 f i large_objects.obj
 0001:0000a3f0       ?reset@?$LargeObjectCacheImpl@U?$LargeObjectCacheProps@U?$HugeBinStructureProps@$0IAAAAA@$0BAAAAAAAAAA@@internal@rml@@$00$00$03@internal@rml@@@internal@rml@@QEAAXXZ 000000018000b3f0 f i large_objects.obj
 0001:0000a460       ?reset@?$LargeObjectCacheImpl@U?$LargeObjectCacheProps@U?$LargeBinStructureProps@$0CAAA@$0IAAAAA@@internal@rml@@$01$01$0BA@@internal@rml@@@internal@rml@@QEAAXXZ 000000018000b460 f i large_objects.obj
 0001:0000a4d0       ?reset@BinsSummary@?$LargeObjectCacheImpl@U?$LargeObjectCacheProps@U?$HugeBinStructureProps@$0IAAAAA@$0BAAAAAAAAAA@@internal@rml@@$00$00$03@internal@rml@@@internal@rml@@QEAAXXZ 000000018000b4d0 f i large_objects.obj
 0001:0000a4f0       ?reset@BinsSummary@?$LargeObjectCacheImpl@U?$LargeObjectCacheProps@U?$LargeBinStructureProps@$0CAAA@$0IAAAAA@@internal@rml@@$01$01$0BA@@internal@rml@@@internal@rml@@QEAAXXZ 000000018000b4f0 f i large_objects.obj
 0001:0000a510       ?set@?$BitMaskBasic@$0DPP@@internal@rml@@IEAAX_K_N@Z 000000018000b510 f i large_objects.obj
 0001:0000a600       ?set@?$BitMaskBasic@$0II@@internal@rml@@IEAAX_K_N@Z 000000018000b600 f i large_objects.obj
 0001:0000a6f0       ?set@?$BitMaskMax@$0DPP@@internal@rml@@QEAAX_K_N@Z 000000018000b6f0 f i large_objects.obj
 0001:0000a730       ?set@?$BitMaskMax@$0II@@internal@rml@@QEAAX_K_N@Z 000000018000b730 f i large_objects.obj
 0001:0000a770       ?setLastGet@CacheBin@?$LargeObjectCacheImpl@U?$LargeObjectCacheProps@U?$HugeBinStructureProps@$0IAAAAA@$0BAAAAAAAAAA@@internal@rml@@$00$00$03@internal@rml@@@internal@rml@@QEAAX_K@Z 000000018000b770 f i large_objects.obj
 0001:0000a790       ?setLastGet@CacheBin@?$LargeObjectCacheImpl@U?$LargeObjectCacheProps@U?$LargeBinStructureProps@$0CAAA@$0IAAAAA@@internal@rml@@$01$01$0BA@@internal@rml@@@internal@rml@@QEAAX_K@Z 000000018000b790 f i large_objects.obj
 0001:0000a7b0       ?sizeToIdx@?$HugeBinStructureProps@$0IAAAAA@$0BAAAAAAAAAA@@internal@rml@@SAH_K@Z 000000018000b7b0 f i large_objects.obj
 0001:0000a8a0       ?sizeToIdx@?$LargeBinStructureProps@$0CAAA@$0IAAAAA@@internal@rml@@SAH_K@Z 000000018000b8a0 f i large_objects.obj
 0001:0000a930       ?sizeToIdx@?$LargeObjectCacheImpl@U?$LargeObjectCacheProps@U?$HugeBinStructureProps@$0IAAAAA@$0BAAAAAAAAAA@@internal@rml@@$00$00$03@internal@rml@@@internal@rml@@SAH_K@Z 000000018000b930 f i large_objects.obj
 0001:0000a950       ?sizeToIdx@?$LargeObjectCacheImpl@U?$LargeObjectCacheProps@U?$LargeBinStructureProps@$0CAAA@$0IAAAAA@@internal@rml@@$01$01$0BA@@internal@rml@@@internal@rml@@SAH_K@Z 000000018000b950 f i large_objects.obj
 0001:0000a970       ?store_with_release@?$machine_load_store@_K$07@internal@tbb@@SAXAEC_K_K@Z 000000018000b970 f i large_objects.obj
 0001:0000a990       ?update@BinsSummary@?$LargeObjectCacheImpl@U?$LargeObjectCacheProps@U?$HugeBinStructureProps@$0IAAAAA@$0BAAAAAAAAAA@@internal@rml@@$00$00$03@internal@rml@@@internal@rml@@QEAAX_K0@Z 000000018000b990 f i large_objects.obj
 0001:0000a9d0       ?update@BinsSummary@?$LargeObjectCacheImpl@U?$LargeObjectCacheProps@U?$LargeBinStructureProps@$0CAAA@$0IAAAAA@@internal@rml@@$01$01$0BA@@internal@rml@@@internal@rml@@QEAAX_K0@Z 000000018000b9d0 f i large_objects.obj
 0001:0000aa10       ?updateAgeThreshold@CacheBin@?$LargeObjectCacheImpl@U?$LargeObjectCacheProps@U?$HugeBinStructureProps@$0IAAAAA@$0BAAAAAAAAAA@@internal@rml@@$00$00$03@internal@rml@@@internal@rml@@QEAAX_K@Z 000000018000ba10 f i large_objects.obj
 0001:0000aa50       ?updateAgeThreshold@CacheBin@?$LargeObjectCacheImpl@U?$LargeObjectCacheProps@U?$LargeBinStructureProps@$0CAAA@$0IAAAAA@@internal@rml@@$01$01$0BA@@internal@rml@@@internal@rml@@QEAAX_K@Z 000000018000ba50 f i large_objects.obj
 0001:0000aa90       ?updateBinsSummary@CacheBin@?$LargeObjectCacheImpl@U?$LargeObjectCacheProps@U?$HugeBinStructureProps@$0IAAAAA@$0BAAAAAAAAAA@@internal@rml@@$00$00$03@internal@rml@@@internal@rml@@QEBAXPEAVBinsSummary@234@@Z 000000018000ba90 f i large_objects.obj
 0001:0000aac0       ?updateBinsSummary@CacheBin@?$LargeObjectCacheImpl@U?$LargeObjectCacheProps@U?$LargeBinStructureProps@$0CAAA@$0IAAAAA@@internal@rml@@$01$01$0BA@@internal@rml@@@internal@rml@@QEBAXPEAVBinsSummary@234@@Z 000000018000bac0 f i large_objects.obj
 0001:0000aaf0       ?updateCacheState@?$LargeObjectCacheImpl@U?$LargeObjectCacheProps@U?$HugeBinStructureProps@$0IAAAAA@$0BAAAAAAAAAA@@internal@rml@@$00$00$03@internal@rml@@@internal@rml@@QEAAXPEAUExtMemoryPool@23@W4DecreaseOrIncrease@23@_K@Z 000000018000baf0 f i large_objects.obj
 0001:0000aba0       ?updateCacheState@?$LargeObjectCacheImpl@U?$LargeObjectCacheProps@U?$LargeBinStructureProps@$0CAAA@$0IAAAAA@@internal@rml@@$01$01$0BA@@internal@rml@@@internal@rml@@QEAAXPEAUExtMemoryPool@23@W4DecreaseOrIncrease@23@_K@Z 000000018000bba0 f i large_objects.obj
 0001:0000ac50       ?updateCachedSize@CacheBin@?$LargeObjectCacheImpl@U?$LargeObjectCacheProps@U?$HugeBinStructureProps@$0IAAAAA@$0BAAAAAAAAAA@@internal@rml@@$00$00$03@internal@rml@@@internal@rml@@QEAAX_K@Z 000000018000bc50 f i large_objects.obj
 0001:0000ac80       ?updateCachedSize@CacheBin@?$LargeObjectCacheImpl@U?$LargeObjectCacheProps@U?$LargeBinStructureProps@$0CAAA@$0IAAAAA@@internal@rml@@$01$01$0BA@@internal@rml@@@internal@rml@@QEAAX_K@Z 000000018000bc80 f i large_objects.obj
 0001:0000acb0       ?updateMeanHitRange@CacheBin@?$LargeObjectCacheImpl@U?$LargeObjectCacheProps@U?$HugeBinStructureProps@$0IAAAAA@$0BAAAAAAAAAA@@internal@rml@@$00$00$03@internal@rml@@@internal@rml@@QEAAX_J@Z 000000018000bcb0 f i large_objects.obj
 0001:0000ad30       ?updateMeanHitRange@CacheBin@?$LargeObjectCacheImpl@U?$LargeObjectCacheProps@U?$LargeBinStructureProps@$0CAAA@$0IAAAAA@@internal@rml@@$01$01$0BA@@internal@rml@@@internal@rml@@QEAAX_J@Z 000000018000bd30 f i large_objects.obj
 0001:0000adb0       ?updateUsedSize@CacheBin@?$LargeObjectCacheImpl@U?$LargeObjectCacheProps@U?$HugeBinStructureProps@$0IAAAAA@$0BAAAAAAAAAA@@internal@rml@@$00$00$03@internal@rml@@@internal@rml@@QEAAXPEAUExtMemoryPool@34@_KPEAV?$BitMaskMax@$0II@@34@H@Z 000000018000bdb0 f i large_objects.obj
 0001:0000ae20       ?updateUsedSize@CacheBin@?$LargeObjectCacheImpl@U?$LargeObjectCacheProps@U?$HugeBinStructureProps@$0IAAAAA@$0BAAAAAAAAAA@@internal@rml@@$00$00$03@internal@rml@@@internal@rml@@QEAAX_KPEAV?$BitMaskMax@$0II@@34@H@Z 000000018000be20 f i large_objects.obj
 0001:0000aeb0       ?updateUsedSize@CacheBin@?$LargeObjectCacheImpl@U?$LargeObjectCacheProps@U?$LargeBinStructureProps@$0CAAA@$0IAAAAA@@internal@rml@@$01$01$0BA@@internal@rml@@@internal@rml@@QEAAXPEAUExtMemoryPool@34@_KPEAV?$BitMaskMax@$0DPP@@34@H@Z 000000018000beb0 f i large_objects.obj
 0001:0000af20       ?updateUsedSize@CacheBin@?$LargeObjectCacheImpl@U?$LargeObjectCacheProps@U?$LargeBinStructureProps@$0CAAA@$0IAAAAA@@internal@rml@@$01$01$0BA@@internal@rml@@@internal@rml@@QEAAX_KPEAV?$BitMaskMax@$0DPP@@34@H@Z 000000018000bf20 f i large_objects.obj
 0001:0000b020       ?newBackRef@BackRefIdx@internal@rml@@SA?AV123@_N@Z 000000018000c020 f   backref.obj
 0001:0000b2f0       ?initBackRefMaster@internal@rml@@YA_NPEAVBackend@12@@Z 000000018000c2f0 f   backref.obj
 0001:0000b420       ?destroyBackRefMaster@internal@rml@@YAXPEAVBackend@12@@Z 000000018000c420 f   backref.obj
 0001:0000b4b0       ?removeBackRef@internal@rml@@YAXVBackRefIdx@12@@Z 000000018000c4b0 f   backref.obj
 0001:0000b6d0       ?setBackRef@internal@rml@@YAXVBackRefIdx@12@PEAX@Z 000000018000c6d0 f   backref.obj
 0001:0000b770       ?getBackRef@internal@rml@@YAPEAXVBackRefIdx@12@@Z 000000018000c770 f   backref.obj
 0001:0000b810       ?findFreeBlock@BackRefMaster@internal@rml@@QEAAPEAUBackRefBlock@23@XZ 000000018000c810 f   backref.obj
 0001:0000b920       ?addToForUseList@BackRefMaster@internal@rml@@QEAAXPEAUBackRefBlock@23@@Z 000000018000c920 f   backref.obj
 0001:0000b960       ?initEmptyBackRefBlock@BackRefMaster@internal@rml@@QEAAXPEAUBackRefBlock@23@@Z 000000018000c960 f   backref.obj
 0001:0000ba10       ?requestNewSpace@BackRefMaster@internal@rml@@QEAA_NXZ 000000018000ca10 f   backref.obj
 0001:0000bc70       ??0BackRefBlock@internal@rml@@QEAA@PEBU012@_J@Z 000000018000cc70 f i backref.obj
 0001:0000bd40       ??0BackRefIdx@internal@rml@@QEAA@XZ 000000018000cd40 f i backref.obj
 0001:0000bd90       ?getMaster@BackRefIdx@internal@rml@@QEBAIXZ 000000018000cd90 f i backref.obj
 0001:0000bda0       ?getOffset@BackRefIdx@internal@rml@@QEBAGXZ 000000018000cda0 f i backref.obj
 0001:0000bdc0       ?zeroSet@BackRefBlock@internal@rml@@QEAAXXZ 000000018000cdc0 f i backref.obj
 0001:0000bdf0       ?set_assertion_handler@internal@rml@@YAP6AXPEBDH00@ZP6AX0H00@Z@Z 000000018000cdf0 f   tbbmalloc.obj
 0001:0000be20       ?assertion_failure@internal@rml@@YAXPEBDH00@Z 000000018000ce20 f   tbbmalloc.obj
 0001:0000bf40       ?init_tbbmalloc@internal@rml@@YAXXZ 000000018000cf40 f   tbbmalloc.obj
 0001:0000bfc0       DllMain                    000000018000cfc0 f   tbbmalloc.obj
 0001:0000c010       __local_stdio_printf_options 000000018000d010 f i tbbmalloc.obj
 0001:0000c020       _vfprintf_l                000000018000d020 f i tbbmalloc.obj
 0001:0000c070       fprintf                    000000018000d070 f i tbbmalloc.obj
 0001:0000c0c0       __itt_mark_pt_region_begin 000000018000d0c0 f   itt_notify.obj
 0001:0000c0d0       __itt_mark_pt_region_end   000000018000d0d0 f   itt_notify.obj
 0001:0000c0e0       __itt_set_error_handler    000000018000d0e0 f   itt_notify.obj
 0001:0000c110       __itt_fini_ittlib          000000018000d110 f   itt_notify.obj
 0001:00011ea0       __itt_init_ittlib          0000000180012ea0 f   itt_notify.obj
 0001:000122c0       ?__TBB_load_ittnotify@internal@tbb@@YAHXZ 00000001800132c0 f   itt_notify.obj
 0001:000122e0       ?__itt_interlocked_increment@@YAJPECJ@Z 00000001800132e0 f i itt_notify.obj
 0001:00012440       scalable_malloc            0000000180013440 f   frontend.obj
 0001:00012480       scalable_calloc            0000000180013480 f   frontend.obj
 0001:00012540       scalable_free              0000000180013540 f   frontend.obj
 0001:00012560       scalable_realloc           0000000180013560 f   frontend.obj
 0001:000125f0       scalable_aligned_malloc    00000001800135f0 f   frontend.obj
 0001:00012670       scalable_aligned_realloc   0000000180013670 f   frontend.obj
 0001:00012730       scalable_posix_memalign    0000000180013730 f   frontend.obj
 0001:000127b0       scalable_msize             00000001800137b0 f   frontend.obj
 0001:00012820       __TBB_malloc_safer_free    0000000180013820 f   frontend.obj
 0001:000128f0       __TBB_malloc_safer_realloc 00000001800138f0 f   frontend.obj
 0001:00012a60       __TBB_malloc_safer_aligned_realloc 0000000180013a60 f   frontend.obj
 0001:00012c20       __TBB_malloc_safer_msize   0000000180013c20 f   frontend.obj
 0001:00012ca0       __TBB_malloc_safer_aligned_msize 0000000180013ca0 f   frontend.obj
 0001:00012d30       scalable_aligned_free      0000000180013d30 f   frontend.obj
 0001:00012d50       scalable_allocation_mode   0000000180013d50 f   frontend.obj
 0001:00012dd0       scalable_allocation_command 0000000180013dd0 f   frontend.obj
 0001:00012e90       ?pool_create_v1@rml@@YA?AW4MemPoolError@1@_JPEBUMemPoolPolicy@1@PEAPEAVMemoryPool@1@@Z 0000000180013e90 f   frontend.obj
 0001:00012fe0       ?pool_destroy@rml@@YA_NPEAVMemoryPool@1@@Z 0000000180013fe0 f   frontend.obj
 0001:00013020       ?pool_malloc@rml@@YAPEAXPEAVMemoryPool@1@_K@Z 0000000180014020 f   frontend.obj
 0001:00013050       ?pool_realloc@rml@@YAPEAXPEAVMemoryPool@1@PEAX_K@Z 0000000180014050 f   frontend.obj
 0001:000130c0       ?pool_aligned_malloc@rml@@YAPEAXPEAVMemoryPool@1@_K1@Z 00000001800140c0 f   frontend.obj
 0001:00013110       ?pool_aligned_realloc@rml@@YAPEAXPEAVMemoryPool@1@PEAX_K2@Z 0000000180014110 f   frontend.obj
 0001:000131c0       ?pool_reset@rml@@YA_NPEAVMemoryPool@1@@Z 00000001800141c0 f   frontend.obj
 0001:000131f0       ?pool_free@rml@@YA_NPEAVMemoryPool@1@PEAX@Z 00000001800141f0 f   frontend.obj
 0001:00013220       ?pool_identify@rml@@YAPEAVMemoryPool@1@PEAX@Z 0000000180014220 f   frontend.obj
 0001:000132c0       ?pool_msize@rml@@YA_KPEAVMemoryPool@1@PEAX@Z 00000001800142c0 f   frontend.obj
 0001:00013330       __TBB_mallocProcessShutdownNotification 0000000180014330 f   frontend.obj
 0001:00013380       __TBB_mallocThreadShutdownNotification 0000000180014380 f   frontend.obj
 0001:000133b0       ?init@TLSKey@internal@rml@@QEAA_NXZ 00000001800143b0 f   frontend.obj
 0001:000133f0       ?destroy@TLSKey@internal@rml@@QEAA_NXZ 00000001800143f0 f   frontend.obj
 0001:00013480       ?createTLS@TLSKey@internal@rml@@QEAAPEAVTLSData@23@PEAVMemoryPool@23@PEAVBackend@23@@Z 0000000180014480 f   frontend.obj
 0001:00013580       ?registerThread@AllLocalCaches@internal@rml@@QEAAXPEAUTLSRemote@23@@Z 0000000180014580 f   frontend.obj
 0001:00013670       ?unregisterThread@AllLocalCaches@internal@rml@@QEAAXPEAUTLSRemote@23@@Z 0000000180014670 f   frontend.obj
 0001:00013780       ?cleanup@AllLocalCaches@internal@rml@@QEAA_N_N@Z 0000000180014780 f   frontend.obj
 0001:00013820       ?markUnused@AllLocalCaches@internal@rml@@QEAAXXZ 0000000180014820 f   frontend.obj
 0001:000138b0       ?get@OrphanedBlocks@internal@rml@@QEAAPEAVBlock@23@PEAVTLSData@23@I@Z 00000001800148b0 f   frontend.obj
 0001:00013950       ?put@OrphanedBlocks@internal@rml@@QEAAX_JPEAVBlock@23@@Z 0000000180014950 f   frontend.obj
 0001:000139e0       ?reset@OrphanedBlocks@internal@rml@@QEAAXXZ 00000001800149e0 f   frontend.obj
 0001:00013a40       ?cleanup@OrphanedBlocks@internal@rml@@QEAA_NPEAVBackend@23@@Z 0000000180014a40 f   frontend.obj
 0001:00013ba0       ?init@ExtMemoryPool@internal@rml@@QEAA_N_JP6APEAX0AEA_K@ZP6AH0PEAX_K@Z4_N6@Z 0000000180014ba0 f   frontend.obj
 0001:00013cb0       ?initTLS@ExtMemoryPool@internal@rml@@QEAA_NXZ 0000000180014cb0 f   frontend.obj
 0001:00013ce0       ?releaseAllLocalCaches@ExtMemoryPool@internal@rml@@QEAA_NXZ 0000000180014ce0 f   frontend.obj
 0001:00013d60       ?isMallocInitializedExt@internal@rml@@YA_NXZ 0000000180014d60 f   frontend.obj
 0001:00013e60       ?allocate@BootStrapBlocks@internal@rml@@QEAAPEAXPEAVMemoryPool@23@_K@Z 0000000180014e60 f   frontend.obj
 0001:00014010       ?free@BootStrapBlocks@internal@rml@@QEAAXPEAX@Z 0000000180015010 f   frontend.obj
 0001:00014090       ?reset@BootStrapBlocks@internal@rml@@QEAAXXZ 0000000180015090 f   frontend.obj
 0001:000140d0       ?initDefaultPool@MemoryPool@internal@rml@@SAXXZ 00000001800150d0 f   frontend.obj
 0001:000140f0       ?init@MemoryPool@internal@rml@@QEAA_N_JPEBUMemPoolPolicy@3@@Z 00000001800150f0 f   frontend.obj
 0001:00014220       ?reset@MemoryPool@internal@rml@@QEAA_NXZ 0000000180015220 f   frontend.obj
 0001:00014300       ?destroy@MemoryPool@internal@rml@@QEAA_NXZ 0000000180015300 f   frontend.obj
 0001:00014410       ?onThreadShutdown@MemoryPool@internal@rml@@QEAAXPEAVTLSData@23@@Z 0000000180015410 f   frontend.obj
 0001:00014460       ?getEmptyBlock@MemoryPool@internal@rml@@QEAAPEAVBlock@23@_K@Z 0000000180015460 f   frontend.obj
 0001:000147e0       ?returnEmptyBlock@MemoryPool@internal@rml@@QEAAXPEAVBlock@23@_N@Z 00000001800157e0 f   frontend.obj
 0001:00014880       ?getFromLLOCache@MemoryPool@internal@rml@@QEAAPEAXPEAVTLSData@23@_K1@Z 0000000180015880 f   frontend.obj
 0001:00014bf0       ?putToLLOCache@MemoryPool@internal@rml@@QEAAXPEAVTLSData@23@PEAX@Z 0000000180015bf0 f   frontend.obj
 0001:00014c90       ?adjustPositionInBin@Block@internal@rml@@QEAAXPEAVBin@23@@Z 0000000180015c90 f   frontend.obj
 0001:00014d00       ?freePublicObject@Block@internal@rml@@QEAAXPEAUFreeObject@23@@Z 0000000180015d00 f   frontend.obj
 0001:00014df0       ?reset@Block@internal@rml@@QEAAXXZ 0000000180015df0 f   frontend.obj
 0001:00014eb0       ?privatizePublicFreeList@Block@internal@rml@@QEAAX_N@Z 0000000180015eb0 f   frontend.obj
 0001:000150e0       ?restoreBumpPtr@Block@internal@rml@@QEAAXXZ 00000001800160e0 f   frontend.obj
 0001:00015190       ?privatizeOrphaned@Block@internal@rml@@QEAAXPEAVTLSData@23@I@Z 0000000180016190 f   frontend.obj
 0001:000152c0       ?readyToShare@Block@internal@rml@@QEAA_NXZ 00000001800162c0 f   frontend.obj
 0001:00015320       ?shareOrphaned@Block@internal@rml@@QEAAX_JI@Z 0000000180016320 f   frontend.obj
 0001:00015410       ?initEmptyBlock@Block@internal@rml@@QEAAXPEAVTLSData@23@_K@Z 0000000180016410 f   frontend.obj
 0001:000154d0       ?findObjectSize@Block@internal@rml@@QEBA_KPEAX@Z 00000001800164d0 f   frontend.obj
 0001:00015560       ?cleanBlockHeader@Block@internal@rml@@IEAAXXZ 0000000180016560 f   frontend.obj
 0001:00015600       ?getPrivatizedFreeListBlock@Bin@internal@rml@@QEAAPEAVBlock@23@XZ 0000000180016600 f   frontend.obj
 0001:000157d0       ?moveBlockToFront@Bin@internal@rml@@QEAAXPEAVBlock@23@@Z 00000001800167d0 f   frontend.obj
 0001:00015820       ?cleanPublicFreeLists@Bin@internal@rml@@QEAA_NXZ 0000000180016820 f   frontend.obj
 0001:00015950       ?processEmptyBlock@Bin@internal@rml@@QEAAXPEAVBlock@23@_N@Z 0000000180016950 f   frontend.obj
 0001:000159c0       ?addPublicFreeListBlock@Bin@internal@rml@@QEAAXPEAVBlock@23@@Z 00000001800169c0 f   frontend.obj
 0001:00015a20       ?outofTLSBin@Bin@internal@rml@@QEAAXPEAVBlock@23@@Z 0000000180016a20 f   frontend.obj
 0001:00015bf0       ?verifyTLSBin@Bin@internal@rml@@QEBAX_K@Z 0000000180016bf0 f   frontend.obj
 0001:00015c90       ?pushTLSBin@Bin@internal@rml@@QEAAXPEAVBlock@23@@Z 0000000180016c90 f   frontend.obj
 0001:00015e20       ?getBlock@FreeBlockPool@internal@rml@@QEAA?AVResOfGet@123@XZ 0000000180016e20 f   frontend.obj
 0001:00015ec0       ?returnBlock@FreeBlockPool@internal@rml@@QEAAXPEAVBlock@23@@Z 0000000180016ec0 f   frontend.obj
 0001:00016040       ?externalCleanup@FreeBlockPool@internal@rml@@QEAA_NXZ 0000000180017040 f   frontend.obj
 0001:000160e0       ?release@TLSData@internal@rml@@QEAAXXZ 00000001800170e0 f   frontend.obj
 0001:000162a0       ?cleanupBlockBins@TLSData@internal@rml@@QEAA_NXZ 00000001800172a0 f   frontend.obj
 0001:000167d0       ??$getSmallObjectIndex@$0A@@internal@rml@@YAII@Z 00000001800177d0 f   frontend.obj
 0001:00016c20       MallocInitializeITT        0000000180017c20 f   frontend.obj
 0001:00017750       ?pool_create@rml@@YAPEAVMemoryPool@1@_JPEBUMemPoolPolicy@1@@Z 0000000180018750 f   frontend.obj
 0001:000177b0       ?doThreadShutdownNotification@@YAXPEAVTLSData@internal@rml@@_N@Z 00000001800187b0 f   frontend.obj
 0001:000178b0       ??$isLargeObject@$00@internal@rml@@YA_NPEAX@Z 00000001800188b0 f i frontend.obj
 0001:00017990       ??$isLargeObject@$0A@@internal@rml@@YA_NPEAX@Z 0000000180018990 f i frontend.obj
 0001:00017a70       ??$is_aligned@$$CBX@internal@tbb@@YA_NPEBX_K@Z 0000000180018a70 f i frontend.obj
 0001:00017ab0       ??$is_aligned@UFreeObject@internal@rml@@@internal@tbb@@YA_NPEAUFreeObject@0rml@@_K@Z 0000000180018ab0 f i frontend.obj
 0001:00017af0       ??$is_aligned@VMemoryPool@internal@rml@@@internal@tbb@@YA_NPEAVMemoryPool@0rml@@_K@Z 0000000180018af0 f i frontend.obj
 0001:00017b30       ??$is_aligned@X@internal@tbb@@YA_NPEAX_K@Z 0000000180018b30 f i frontend.obj
 0001:00017b70       ??$is_power_of_two@_K@internal@tbb@@YA_N_K@Z 0000000180018b70 f i frontend.obj
 0001:00017bc0       ??$is_power_of_two_at_least@_K_K@internal@tbb@@YA_N_K0@Z 0000000180018bc0 f i frontend.obj
 0001:00017c40       ??$releaseAll@$00@AllLargeBlocksList@internal@rml@@QEAAXPEAVBackend@12@@Z 0000000180018c40 f i frontend.obj
 0001:00017ce0       ??$releaseAll@$0A@@AllLargeBlocksList@internal@rml@@QEAAXPEAVBackend@12@@Z 0000000180018ce0 f i frontend.obj
 0001:00017d80       ??$suppress_unused_warning@PEAVTLSData@internal@rml@@@internal@rml@@YAXAEBQEAVTLSData@01@@Z 0000000180018d80 f i frontend.obj
 0001:00017d90       ??0FreeBlockPool@internal@rml@@QEAA@PEAVBackend@12@@Z 0000000180018d90 f i frontend.obj
 0001:00017db0       ??0LifoList@internal@rml@@QEAA@XZ 0000000180018db0 f i frontend.obj
 0001:00017df0       ??0MemPoolPolicy@rml@@QEAA@P6APEAX_JAEA_K@ZP6AH0PEAX_K@Z4_N6@Z 0000000180018df0 f i frontend.obj
 0001:00017ea0       ??0RecursiveMallocCallProtector@internal@rml@@QEAA@XZ 0000000180018ea0 f i frontend.obj
 0001:00017eb0       ??0ResOfGet@FreeBlockPool@internal@rml@@QEAA@PEAVBlock@23@_N@Z 0000000180018eb0 f i frontend.obj
 0001:00017ee0       ??0TLSData@internal@rml@@QEAA@PEAVMemoryPool@12@PEAVBackend@12@@Z 0000000180018ee0 f i frontend.obj
 0001:00017f30       ??0ThreadId@internal@rml@@QEAA@XZ 0000000180018f30 f i frontend.obj
 0001:00017f50       ??1RecursiveMallocCallProtector@internal@rml@@QEAA@XZ 0000000180018f50 f i frontend.obj
 0001:00017f60       ??_H@YAXPEAX_K1P6APEAX0@Z@Z 0000000180018f60 f i frontend.obj
 0001:00017fc0       ?AtomicFetchStore@@YA_KPECX_K@Z 0000000180018fc0 f i frontend.obj
 0001:00017ff0       ?adjustFullness@Block@internal@rml@@QEAA_NXZ 0000000180018ff0 f i frontend.obj
 0001:00018070       ?allocate@Block@internal@rml@@QEAAPEAUFreeObject@23@XZ 0000000180019070 f i frontend.obj
 0001:00018150       ?allocateFromBumpPtr@Block@internal@rml@@AEAAPEAUFreeObject@23@XZ 0000000180019150 f i frontend.obj
 0001:00018220       ?allocateFromFreeList@Block@internal@rml@@QEAAPEAUFreeObject@23@XZ 0000000180019220 f i frontend.obj
 0001:000182f0       ?checkFreePrecond@Block@internal@rml@@QEBAXPEBX@Z 00000001800192f0 f i frontend.obj
 0001:00018500       ?clearTLS@MemoryPool@internal@rml@@QEAAXXZ 0000000180019500 f i frontend.obj
 0001:00018530       ?delayRegionsReleasing@ExtMemoryPool@internal@rml@@QEAAX_N@Z 0000000180019530 f i frontend.obj
 0001:00018550       ?destroy@ExtMemoryPool@internal@rml@@QEAA_NXZ 0000000180019550 f i frontend.obj
 0001:00018640       ?doPrintStatus@HugePagesStatus@internal@rml@@CAX_NPEBD@Z 0000000180019640 f i frontend.obj
 0001:000186d0       ?do_yield@@YAXXZ           00000001800196d0 f i frontend.obj
 0001:000186e0       ?empty@Block@internal@rml@@QEBA_NXZ 00000001800196e0 f i frontend.obj
 0001:00018740       ?externalCleanup@?$LocalLOCImpl@$07$0CA@@internal@rml@@QEAA_NPEAUExtMemoryPool@23@@Z 0000000180019740 f i frontend.obj
 0001:00018790       ?externalCleanup@TLSData@internal@rml@@QEAA_N_N0@Z 0000000180019790 f i frontend.obj
 0001:00018850       ?findAllocatedObject@Block@internal@rml@@AEBAPEAUFreeObject@23@PEBX@Z 0000000180019850 f i frontend.obj
 0001:00018900       ?findObjectToFree@Block@internal@rml@@QEBAPEAUFreeObject@23@PEBX@Z 0000000180019900 f i frontend.obj
 0001:000189d0       ?freeListNonNull@Block@internal@rml@@QEAA_NXZ 00000001800199d0 f i frontend.obj
 0001:00018a00       ?freeOwnObject@Block@internal@rml@@QEAAXPEAX@Z 0000000180019a00 f i frontend.obj
 0001:00018b30       ?get@?$LocalLOCImpl@$07$0CA@@internal@rml@@QEAAPEAULargeMemoryBlock@23@_K@Z 0000000180019b30 f i frontend.obj
 0001:00018c90       ?getActiveBlock@Bin@internal@rml@@QEBAPEAVBlock@23@XZ 0000000180019c90 f i frontend.obj
 0001:00018ca0       ?getAllocationBin@TLSData@internal@rml@@QEAAPEAVBin@23@_K@Z 0000000180019ca0 f i frontend.obj
 0001:00018cd0       ?getBackRefIdx@Block@internal@rml@@QEBAPEBVBackRefIdx@23@XZ 0000000180019cd0 f i frontend.obj
 0001:00018ce0       ?getMemPool@Block@internal@rml@@QEBAPEAVMemoryPool@23@XZ 0000000180019ce0 f i frontend.obj
 0001:00018cf0       ?getSize@Block@internal@rml@@QEBAIXZ 0000000180019cf0 f i frontend.obj
 0001:00018d70       ?getTLS@MemoryPool@internal@rml@@QEAAPEAVTLSData@23@_N@Z 0000000180019d70 f i frontend.obj
 0001:00018de0       ?getThreadMallocTLS@TLSKey@internal@rml@@QEBAPEAVTLSData@23@XZ 0000000180019de0 f i frontend.obj
 0001:00018e00       ?grab@LifoList@internal@rml@@QEAAPEAVBlock@23@XZ 0000000180019e00 f i frontend.obj
 0001:00018e60       ?inRange@UsedAddressRange@Backend@internal@rml@@QEBA_NPEAX@Z 0000000180019e60 f i frontend.obj
 0001:00018eb0       ?init@HugePagesStatus@internal@rml@@QEAAXXZ 0000000180019eb0 f i frontend.obj
 0001:00018f60       ?init@ShutdownSync@internal@rml@@QEAAXXZ 0000000180019f60 f i frontend.obj
 0001:00018f70       ?init@ThreadId@internal@rml@@SA_NXZ 0000000180019f70 f i frontend.obj
 0001:00018f80       ?initReadEnv@AllocControlledMode@internal@rml@@QEAAXPEBD_J@Z 0000000180019f80 f i frontend.obj
 0001:00019000       ?isCurrentThreadId@ThreadId@internal@rml@@QEBA_NXZ 000000018001a000 f i frontend.obj
 0001:00019040       ?isLargeObject@BackRefIdx@internal@rml@@QEBA_NXZ 000000018001a040 f i frontend.obj
 0001:00019060       ?isMallocInitialized@internal@rml@@YA_NXZ 000000018001a060 f i frontend.obj
 0001:000190a0       ?isNotForUse@internal@rml@@YA_NPEAX@Z 000000018001a0a0 f i frontend.obj
 0001:000190d0       ?isOwnedByCurrentThread@Block@internal@rml@@QEBA_NXZ 000000018001a0d0 f i frontend.obj
 0001:00019120       ?isPoolValid@ExtMemoryPool@internal@rml@@QEBA_NXZ 000000018001a120 f i frontend.obj
 0001:00019150       ?isProperlyPlaced@Block@internal@rml@@AEBA_NPEBX@Z 000000018001a150 f i frontend.obj
 0001:000191a0       ?isSolidPtr@internal@rml@@YA_NPEAX@Z 000000018001a1a0 f i frontend.obj
 0001:000191e0       ?isStartupAllocObject@Block@internal@rml@@QEBA_NXZ 000000018001a1e0 f i frontend.obj
 0001:00019220       ?markOrphaned@Block@internal@rml@@AEAAXXZ 000000018001a220 f i frontend.obj
 0001:00019270       ?markOwned@Block@internal@rml@@AEAAXPEAVTLSData@23@@Z 000000018001a270 f i frontend.obj
 0001:000192d0       ?markUnused@TLSData@internal@rml@@QEAAXXZ 000000018001a2d0 f i frontend.obj
 0001:000192f0       ?markUsed@TLSData@internal@rml@@QEAAXXZ 000000018001a2f0 f i frontend.obj
 0001:00019310       ?parseSystemMemInfo@HugePagesStatus@internal@rml@@AEAAXXZ 000000018001a310 f i frontend.obj
 0001:00019390       ?pop@LifoList@internal@rml@@QEAAPEAVBlock@23@XZ 000000018001a390 f i frontend.obj
 0001:00019400       ?printStatus@HugePagesStatus@internal@rml@@QEAAXXZ 000000018001a400 f i frontend.obj
 0001:00019490       ?processExit@ShutdownSync@internal@rml@@QEAAXXZ 000000018001a490 f i frontend.obj
 0001:000194a0       ?ptrCanBeValid@Backend@internal@rml@@QEBA_NPEAX@Z 000000018001a4a0 f i frontend.obj
 0001:000194d0       ?push@LifoList@internal@rml@@QEAAXPEAVBlock@23@@Z 000000018001a4d0 f i frontend.obj
 0001:00019530       ?put@?$LocalLOCImpl@$07$0CA@@internal@rml@@QEAA_NPEAULargeMemoryBlock@23@PEAUExtMemoryPool@23@@Z 000000018001a530 f i frontend.obj
 0001:000196e0       ?reset@AllLocalCaches@internal@rml@@QEAAXXZ 000000018001a6e0 f i frontend.obj
 0001:00019700       ?reset@ExtMemoryPool@internal@rml@@QEAA_NXZ 000000018001a700 f i frontend.obj
 0001:00019770       ?resetActiveBlock@Bin@internal@rml@@QEAAXXZ 000000018001a770 f i frontend.obj
 0001:00019790       ?setActiveBlock@Bin@internal@rml@@QEAAXPEAVBlock@23@@Z 000000018001a790 f i frontend.obj
 0001:000197e0       ?setPreviousBlockActive@Bin@internal@rml@@QEAAPEAVBlock@23@XZ 000000018001a7e0 f i frontend.obj
 0001:00019870       ?setRecommendedMaxSize@Backend@internal@rml@@QEAAX_K@Z 000000018001a870 f i frontend.obj
 0001:000198a0       ?setThreadMallocTLS@TLSKey@internal@rml@@QEAAXPEAVTLSData@23@@Z 000000018001a8a0 f i frontend.obj
 0001:000198e0       ?verifyInitState@Bin@internal@rml@@QEBAXXZ 000000018001a8e0 f i frontend.obj
 0001:0001993f       SwitchToThread             000000018001a93f f   kernel32:KERNEL32.dll
 0001:00019945       VirtualAlloc               000000018001a945 f   kernel32:KERNEL32.dll
 0001:0001994b       VirtualFree                000000018001a94b f   kernel32:KERNEL32.dll
 0001:00019951       SetErrorMode               000000018001a951 f   kernel32:KERNEL32.dll
 0001:00019957       GetModuleHandleExA         000000018001a957 f   kernel32:KERNEL32.dll
 0001:0001995d       GetEnvironmentVariableA    000000018001a95d f   kernel32:KERNEL32.dll
 0001:00019963       GetLastError               000000018001a963 f   kernel32:KERNEL32.dll
 0001:00019969       InitializeCriticalSection  000000018001a969 f   kernel32:KERNEL32.dll
 0001:0001996f       EnterCriticalSection       000000018001a96f f   kernel32:KERNEL32.dll
 0001:00019975       LeaveCriticalSection       000000018001a975 f   kernel32:KERNEL32.dll
 0001:0001997b       GetCurrentThreadId         000000018001a97b f   kernel32:KERNEL32.dll
 0001:00019981       GetProcAddress             000000018001a981 f   kernel32:KERNEL32.dll
 0001:00019987       LoadLibraryA               000000018001a987 f   kernel32:KERNEL32.dll
 0001:0001998d       lstrcmpA                   000000018001a98d f   kernel32:KERNEL32.dll
 0001:00019993       TlsAlloc                   000000018001a993 f   kernel32:KERNEL32.dll
 0001:00019999       TlsGetValue                000000018001a999 f   kernel32:KERNEL32.dll
 0001:0001999f       TlsSetValue                000000018001a99f f   kernel32:KERNEL32.dll
 0001:000199a5       TlsFree                    000000018001a9a5 f   kernel32:KERNEL32.dll
 0001:000199b0       __raise_securityfailure    000000018001a9b0 f   MSVCRTD:gs_report.obj
 0001:000199f0       __report_gsfailure         000000018001a9f0 f   MSVCRTD:gs_report.obj
 0001:00019ad0       __report_rangecheckfailure 000000018001aad0 f   MSVCRTD:gs_report.obj
 0001:00019af0       __report_securityfailure   000000018001aaf0 f   MSVCRTD:gs_report.obj
 0001:00019b90       __report_securityfailureEx 000000018001ab90 f   MSVCRTD:gs_report.obj
 0001:00019e00       __GSHandlerCheck           000000018001ae00 f   MSVCRTD:gshandler.obj
 0001:00019e40       __GSHandlerCheckCommon     000000018001ae40 f   MSVCRTD:gshandler.obj
 0001:00019f50       __security_check_cookie    000000018001af50 f   MSVCRTD:amdsecgs.obj
 0001:0001a370       _CRT_INIT                  000000018001b370 f   MSVCRTD:dll_dllmain.obj
 0001:0001a3a0       _DllMainCRTStartup         000000018001b3a0 f   MSVCRTD:dll_dllmain.obj
 0001:0001a4a0       __security_init_cookie     000000018001b4a0 f   MSVCRTD:gs_support.obj
 0001:0001a520       ?__scrt_initialize_type_info@@YAXXZ 000000018001b520 f   MSVCRTD:tncleanup.obj
 0001:0001a540       ?__scrt_uninitialize_type_info@@YAXXZ 000000018001b540 f   MSVCRTD:tncleanup.obj
 0001:0001a560       __local_stdio_scanf_options 000000018001b560 f i MSVCRTD:default_local_stdio_options.obj
 0001:0001a570       __scrt_initialize_default_local_stdio_options 000000018001b570 f   MSVCRTD:default_local_stdio_options.obj
 0001:0001a5c0       ??$__crt_fast_decode_pointer@PEAP6AXXZ@@YAPEAP6AXXZQEAP6AXXZ@Z 000000018001b5c0 f i MSVCRTD:utility.obj
 0001:0001a600       ??$__crt_fast_encode_pointer@PEAP6AXXZ@@YAPEAP6AXXZQEAP6AXXZ@Z 000000018001b600 f i MSVCRTD:utility.obj
 0001:0001a640       ?__crt_rotate_pointer_value@@YA_K_KH@Z 000000018001b640 f i MSVCRTD:utility.obj
 0001:0001a660       ?configure_argv@__scrt_narrow_argv_policy@@SAHXZ 000000018001b660 f i MSVCRTD:utility.obj
 0001:0001a750       ?initialize_environment@__scrt_narrow_environment_policy@@SAHXZ 000000018001b750 f i MSVCRTD:utility.obj
 0001:0001a7f0       NtCurrentTeb               000000018001b7f0 f i MSVCRTD:utility.obj
 0001:0001a800       __scrt_acquire_startup_lock 000000018001b800 f   MSVCRTD:utility.obj
 0001:0001a870       __scrt_dllmain_after_initialize_c 000000018001b870 f   MSVCRTD:utility.obj
 0001:0001a8a0       __scrt_dllmain_before_initialize_c 000000018001b8a0 f   MSVCRTD:utility.obj
 0001:0001a8c0       __scrt_dllmain_crt_thread_attach 000000018001b8c0 f   MSVCRTD:utility.obj
 0001:0001a8f0       __scrt_dllmain_crt_thread_detach 000000018001b8f0 f   MSVCRTD:utility.obj
 0001:0001a910       __scrt_dllmain_exception_filter 000000018001b910 f   MSVCRTD:utility.obj
 0001:0001a970       __scrt_dllmain_uninitialize_c 000000018001b970 f   MSVCRTD:utility.obj
 0001:0001a9a0       __scrt_dllmain_uninitialize_critical 000000018001b9a0 f   MSVCRTD:utility.obj
 0001:0001a9c0       __scrt_initialize_crt      000000018001b9c0 f   MSVCRTD:utility.obj
 0001:0001aa10       __scrt_initialize_onexit_tables 000000018001ba10 f   MSVCRTD:utility.obj
 0001:0001ab20       __scrt_is_nonwritable_in_current_image 000000018001bb20 f   MSVCRTD:utility.obj
 0001:0001abb0       __scrt_release_startup_lock 000000018001bbb0 f   MSVCRTD:utility.obj
 0001:0001abe0       __scrt_uninitialize_crt    000000018001bbe0 f   MSVCRTD:utility.obj
 0001:0001ac20       _onexit                    000000018001bc20 f   MSVCRTD:utility.obj
 0001:0001acb0       at_quick_exit              000000018001bcb0 f   MSVCRTD:utility.obj
 0001:0001ad00       atexit                     000000018001bd00 f   MSVCRTD:utility.obj
 0001:0001ad40       __scrt_get_dyn_tls_init_callback 000000018001bd40 f   MSVCRTD:dyn_tls_init.obj
 0001:0001ad50       __crt_debugger_hook        000000018001bd50 f   MSVCRTD:utility_desktop.obj
 0001:0001ad60       __scrt_fastfail            000000018001bd60 f   MSVCRTD:utility_desktop.obj
 0001:0001af00       __scrt_get_show_window_mode 000000018001bf00 f   MSVCRTD:utility_desktop.obj
 0001:0001af60       __scrt_initialize_mta      000000018001bf60 f   MSVCRTD:utility_desktop.obj
 0001:0001af70       __scrt_initialize_winrt    000000018001bf70 f   MSVCRTD:utility_desktop.obj
 0001:0001af80       __scrt_is_managed_app      000000018001bf80 f   MSVCRTD:utility_desktop.obj
 0001:0001b030       __scrt_set_unhandled_exception_filter 000000018001c030 f   MSVCRTD:utility_desktop.obj
 0001:0001b050       __scrt_exe_initialize_mta  000000018001c050 f   MSVCRTD:utility_desktop.obj
 0001:0001b050       __scrt_stub_for_initialize_mta 000000018001c050 f   MSVCRTD:utility_desktop.obj
 0001:0001b060       __scrt_unhandled_exception_filter 000000018001c060 f   MSVCRTD:utility_desktop.obj
 0001:0001b0e0       _RTC_Initialize            000000018001c0e0 f   MSVCRTD:initsect.obj
[...]
 0004:000018cc       $pdata$?readyToShare@Block@internal@rml@@QEAA_NXZ 000000018004a8cc     frontend.obj
 0004:000018d8       $pdata$?shareOrphaned@Block@internal@rml@@QEAAX_JI@Z 000000018004a8d8     frontend.obj
 0004:000018e4       $pdata$?initEmptyBlock@Block@internal@rml@@QEAAXPEAVTLSData@23@_K@Z 000000018004a8e4     frontend.obj
 0004:000018f0       $pdata$?findObjectSize@Block@internal@rml@@QEBA_KPEAX@Z 000000018004a8f0     frontend.obj
 0004:000018fc       $pdata$??$isAligned@$$CBX@@YA_NPEBX_K@Z 000000018004a8fc     frontend.obj
 0004:00001908       $pdata$?getPrivatizedFreeListBlock@Bin@internal@rml@@QEAAPEAVBlock@23@XZ 000000018004a908     frontend.obj
 0004:00001914       $pdata$?moveBlockToFront@Bin@internal@rml@@QEAAXPEAVBlock@23@@Z 000000018004a914     frontend.obj
 0004:00001920       $pdata$?cleanPublicFreeLists@Bin@internal@rml@@QEAA_NXZ 000000018004a920     frontend.obj
 0004:0000192c       $pdata$?processEmptyBlock@Bin@internal@rml@@QEAAXPEAVBlock@23@_N@Z 000000018004a92c     frontend.obj
 0004:00001938       $pdata$?addPublicFreeListBlock@Bin@internal@rml@@QEAAXPEAVBlock@23@@Z 000000018004a938     frontend.obj
 0004:00001944       $pdata$?outofTLSBin@Bin@internal@rml@@QEAAXPEAVBlock@23@@Z 000000018004a944     frontend.obj
 0004:00001950       $pdata$?verifyTLSBin@Bin@internal@rml@@QEBAX_K@Z 000000018004a950     frontend.obj
 0004:0000195c       $pdata$?pushTLSBin@Bin@internal@rml@@QEAAXPEAVBlock@23@@Z 000000018004a95c     frontend.obj
 0004:00001968       $pdata$?getBlock@FreeBlockPool@internal@rml@@QEAA?AVResOfGet@123@XZ 000000018004a968     frontend.obj
 0004:00001974       $pdata$?returnBlock@FreeBlockPool@internal@rml@@QEAAXPEAVBlock@23@@Z 000000018004a974     frontend.obj
 0004:00001980       $pdata$?externalCleanup@FreeBlockPool@internal@rml@@QEAA_NXZ 000000018004a980     frontend.obj
 0004:0000198c       $pdata$?release@TLSData@internal@rml@@QEAAXXZ 000000018004a98c     frontend.obj
 0004:00001998       $pdata$?cleanupBlockBins@TLSData@internal@rml@@QEAA_NXZ 000000018004a998     frontend.obj
 0004:000019a4       $pdata$?internalMalloc@internal@rml@@YAPEAX_K@Z 000000018004a9a4     frontend.obj
 0004:000019b0       $pdata$?internalFree@internal@rml@@YAXPEAX@Z 000000018004a9b0     frontend.obj
 0004:000019bc       $pdata$?internalPoolMalloc@internal@rml@@YAPEAXPEAVMemoryPool@12@_K@Z 000000018004a9bc     frontend.obj
 0004:000019c8       $pdata$?internalPoolFree@internal@rml@@YA_NPEAVMemoryPool@12@PEAX_K@Z 000000018004a9c8     frontend.obj
 0004:000019d4       $pdata$?highestBitPos@internal@rml@@YAII@Z 000000018004a9d4     frontend.obj
 0004:000019e0       $pdata$??$getSmallObjectIndex@$0A@@internal@rml@@YAII@Z 000000018004a9e0     frontend.obj
 0004:000019ec       $pdata$?getIndex@internal@rml@@YAII@Z 000000018004a9ec     frontend.obj
 0004:000019f8       $pdata$??$getIndexOrObjectSize@$00@internal@rml@@YAII@Z 000000018004a9f8     frontend.obj
 0004:00001a04       $pdata$?getObjectSize@internal@rml@@YAII@Z 000000018004aa04     frontend.obj
 0004:00001a10       $pdata$??$getIndexOrObjectSize@$0A@@internal@rml@@YAII@Z 000000018004aa10     frontend.obj
 0004:00001a1c       $pdata$??$isAligned@UFreeObject@internal@rml@@@@YA_NPEAUFreeObject@internal@rml@@_K@Z 000000018004aa1c     frontend.obj
 0004:00001a28       $pdata$MallocInitializeITT 000000018004aa28     frontend.obj
 0004:00001a34       $pdata$?initMemoryManager@internal@rml@@YA_NXZ 000000018004aa34     frontend.obj
 0004:00001a40       $pdata$??$isAligned@VMemoryPool@internal@rml@@@@YA_NPEAVMemoryPool@internal@rml@@_K@Z 000000018004aa40     frontend.obj
 0004:00001a4c       $pdata$?GetBoolEnvironmentVariable@internal@rml@@YA_NPEBD@Z 000000018004aa4c     frontend.obj
 0004:00001a58       $pdata$?doInitialization@internal@rml@@YA_NXZ 000000018004aa58     frontend.obj
 0004:00001a64       $pdata$??$isAligned@X@@YA_NPEAX_K@Z 000000018004aa64     frontend.obj
 0004:00001a70       $pdata$?allocateAligned@internal@rml@@YAPEAXPEAVMemoryPool@12@_K1@Z 000000018004aa70     frontend.obj
 0004:00001a7c       $pdata$?reallocAligned@internal@rml@@YAPEAXPEAVMemoryPool@12@PEAX_K2@Z 000000018004aa7c     frontend.obj
 0004:00001a88       $pdata$?safer_dereference@internal@rml@@YA?AVBackRefIdx@12@PEBV312@@Z 000000018004aa88     frontend.obj
 0004:00001a94       $pdata$?isSmallObject@internal@rml@@YA_NPEAX@Z 000000018004aa94     frontend.obj
 0004:00001aa0       $pdata$?isRecognized@internal@rml@@YA_NPEAX@Z 000000018004aaa0     frontend.obj
 0004:00001aac       $pdata$?freeSmallObject@internal@rml@@YAXPEAX@Z 000000018004aaac     frontend.obj
 0004:00001ab8       $pdata$?internalMsize@internal@rml@@YA_KPEAX@Z 000000018004aab8     frontend.obj
 0004:00001ac4       $pdata$?pool_create@rml@@YAPEAVMemoryPool@1@_JPEBUMemPoolPolicy@1@@Z 000000018004aac4     frontend.obj
 0004:00001ad0       $pdata$?doThreadShutdownNotification@@YAXPEAVTLSData@internal@rml@@_N@Z 000000018004aad0     frontend.obj
 0004:00001adc       $pdata$?AtomicFetchStore@@YA_KPECX_K@Z 000000018004aadc     frontend.obj
 0004:00001ae8       $pdata$??$is_power_of_two@_K@internal@tbb@@YA_N_K@Z 000000018004aae8     frontend.obj
 0004:00001af4       $pdata$??$is_power_of_two_at_least@_K_K@internal@tbb@@YA_N_K0@Z 000000018004aaf4     frontend.obj
 0004:00001b00       $pdata$?getThreadMallocTLS@TLSKey@internal@rml@@QEBAPEAVTLSData@23@XZ 000000018004ab00     frontend.obj
 0004:00001b0c       $pdata$?setThreadMallocTLS@TLSKey@internal@rml@@QEAAXPEAVTLSData@23@@Z 000000018004ab0c     frontend.obj
 0004:00001b18       $pdata$?dtor$0@?0??registerThread@AllLocalCaches@internal@rml@@QEAAXPEAUTLSRemote@23@@Z@4HA 000000018004ab18     frontend.obj
 0004:00001b24       $pdata$?dtor$0@?0??unregisterThread@AllLocalCaches@internal@rml@@QEAAXPEAUTLSRemote@23@@Z@4HA 000000018004ab24     frontend.obj
 0004:00001b30       $pdata$?dtor$0@?0??cleanup@AllLocalCaches@internal@rml@@QEAA_N_N@Z@4HA 000000018004ab30     frontend.obj
 0004:00001b3c       $pdata$?dtor$0@?0??markUnused@AllLocalCaches@internal@rml@@QEAAXXZ@4HA 000000018004ab3c     frontend.obj
 0004:00001b48       $pdata$?dtor$0@?0??allocate@BootStrapBlocks@internal@rml@@QEAAPEAXPEAVMemoryPool@23@_K@Z@4HA 000000018004ab48     frontend.obj
 0004:00001b54       $pdata$?dtor$0@?0??getPrivatizedFreeListBlock@Bin@internal@rml@@QEAAPEAVBlock@23@XZ@4HA 000000018004ab54     frontend.obj
 0004:00001b60       $pdata$?dtor$0@?0??doInitialization@internal@rml@@YA_NXZ@4HA 000000018004ab60     frontend.obj
 0004:00001b6c       $pdata$?dtor$1@?0??doInitialization@internal@rml@@YA_NXZ@4HA 000000018004ab6c     frontend.obj
 0004:00001b78       $pdata$?filt$0@?0??safer_dereference@internal@rml@@YA?AVBackRefIdx@12@PEBV312@@Z@4HA 000000018004ab78     frontend.obj
 0004:00001b84       $pdata$?dtor$0@?0??doThreadShutdownNotification@@YAXPEAVTLSData@internal@rml@@_N@Z@4HA 000000018004ab84     frontend.obj
 0004:00001b90       $pdata$??0LifoList@internal@rml@@QEAA@XZ 000000018004ab90     frontend.obj
 0004:00001b9c       $pdata$?push@LifoList@internal@rml@@QEAAXPEAVBlock@23@@Z 000000018004ab9c     frontend.obj
 0004:00001ba8       $pdata$?pop@LifoList@internal@rml@@QEAAPEAVBlock@23@XZ 000000018004aba8     frontend.obj
 0004:00001bb4       $pdata$?grab@LifoList@internal@rml@@QEAAPEAVBlock@23@XZ 000000018004abb4     frontend.obj
 0004:00001bc0       $pdata$?inRange@UsedAddressRange@Backend@internal@rml@@QEBA_NPEAX@Z 000000018004abc0     frontend.obj
 0004:00001bcc       $pdata$?ptrCanBeValid@Backend@internal@rml@@QEBA_NPEAX@Z 000000018004abcc     frontend.obj
 0004:00001bd8       $pdata$?setRecommendedMaxSize@Backend@internal@rml@@QEAAX_K@Z 000000018004abd8     frontend.obj
 0004:00001be4       $pdata$?initReadEnv@AllocControlledMode@internal@rml@@QEAAXPEBD_J@Z 000000018004abe4     frontend.obj
 0004:00001bf0       $pdata$?doPrintStatus@HugePagesStatus@internal@rml@@CAX_NPEBD@Z 000000018004abf0     frontend.obj
 0004:00001bfc       $pdata$?parseSystemMemInfo@HugePagesStatus@internal@rml@@AEAAXXZ 000000018004abfc     frontend.obj
 0004:00001c08       $pdata$?init@HugePagesStatus@internal@rml@@QEAAXXZ 000000018004ac08     frontend.obj
 0004:00001c14       $pdata$?dtor$0@?0??init@HugePagesStatus@internal@rml@@QEAAXXZ@4HA 000000018004ac14     frontend.obj
 0004:00001c20       $pdata$?printStatus@HugePagesStatus@internal@rml@@QEAAXXZ 000000018004ac20     frontend.obj
 0004:00001c2c       $pdata$?reset@ExtMemoryPool@internal@rml@@QEAA_NXZ 000000018004ac2c     frontend.obj
 0004:00001c38       $pdata$?destroy@ExtMemoryPool@internal@rml@@QEAA_NXZ 000000018004ac38     frontend.obj
 0004:00001c44       $pdata$?isPoolValid@ExtMemoryPool@internal@rml@@QEBA_NXZ 000000018004ac44     frontend.obj
 0004:00001c50       $pdata$?do_yield@@YAXXZ    000000018004ac50     frontend.obj
 0004:00001c5c       $pdata$?isSolidPtr@internal@rml@@YA_NPEAX@Z 000000018004ac5c     frontend.obj
 0004:00001c68       $pdata$?isNotForUse@internal@rml@@YA_NPEAX@Z 000000018004ac68     frontend.obj
 0004:00001c74       $pdata$??0ThreadId@internal@rml@@QEAA@XZ 000000018004ac74     frontend.obj
 0004:00001c80       $pdata$?isCurrentThreadId@ThreadId@internal@rml@@QEBA_NXZ 000000018004ac80     frontend.obj
 0004:00001c8c       $pdata$?getTLS@MemoryPool@internal@rml@@QEAAPEAVTLSData@23@_N@Z 000000018004ac8c     frontend.obj
 0004:00001c98       $pdata$?clearTLS@MemoryPool@internal@rml@@QEAAXXZ 000000018004ac98     frontend.obj
 0004:00001ca4       $pdata$?empty@Block@internal@rml@@QEBA_NXZ 000000018004aca4     frontend.obj
 0004:00001cb0       $pdata$?allocate@Block@internal@rml@@QEAAPEAUFreeObject@23@XZ 000000018004acb0     frontend.obj
 0004:00001cbc       $pdata$?allocateFromFreeList@Block@internal@rml@@QEAAPEAUFreeObject@23@XZ 000000018004acbc     frontend.obj
 0004:00001cc8       $pdata$?adjustFullness@Block@internal@rml@@QEAA_NXZ 000000018004acc8     frontend.obj
 0004:00001cd4       $pdata$?freeListNonNull@Block@internal@rml@@QEAA_NXZ 000000018004acd4     frontend.obj
 0004:00001ce0       $pdata$?freeOwnObject@Block@internal@rml@@QEAAXPEAX@Z 000000018004ace0     frontend.obj
 0004:00001cec       $pdata$?getSize@Block@internal@rml@@QEBAIXZ 000000018004acec     frontend.obj
 0004:00001cf8       $pdata$?isOwnedByCurrentThread@Block@internal@rml@@QEBA_NXZ 000000018004acf8     frontend.obj
 0004:00001d04       $pdata$?isStartupAllocObject@Block@internal@rml@@QEBA_NXZ 000000018004ad04     frontend.obj
 0004:00001d10       $pdata$?findObjectToFree@Block@internal@rml@@QEBAPEAUFreeObject@23@PEBX@Z 000000018004ad10     frontend.obj
 0004:00001d1c       $pdata$?checkFreePrecond@Block@internal@rml@@QEBAXPEBX@Z 000000018004ad1c     frontend.obj
 0004:00001d28       $pdata$?allocateFromBumpPtr@Block@internal@rml@@AEAAPEAUFreeObject@23@XZ 000000018004ad28     frontend.obj
 0004:00001d34       $pdata$?findAllocatedObject@Block@internal@rml@@AEBAPEAUFreeObject@23@PEBX@Z 000000018004ad34     frontend.obj
 0004:00001d40       $pdata$?isProperlyPlaced@Block@internal@rml@@AEBA_NPEBX@Z 000000018004ad40     frontend.obj
 0004:00001d4c       $pdata$?markOwned@Block@internal@rml@@AEAAXPEAVTLSData@23@@Z 000000018004ad4c     frontend.obj
 0004:00001d58       $pdata$?markOrphaned@Block@internal@rml@@AEAAXXZ 000000018004ad58     frontend.obj
 0004:00001d64       $pdata$?setActiveBlock@Bin@internal@rml@@QEAAXPEAVBlock@23@@Z 000000018004ad64     frontend.obj
 0004:00001d70       $pdata$?setPreviousBlockActive@Bin@internal@rml@@QEAAPEAVBlock@23@XZ 000000018004ad70     frontend.obj
 0004:00001d7c       $pdata$?verifyInitState@Bin@internal@rml@@QEBAXXZ 000000018004ad7c     frontend.obj
 0004:00001d88       $pdata$?put@?$LocalLOCImpl@$07$0CA@@internal@rml@@QEAA_NPEAULargeMemoryBlock@23@PEAUExtMemoryPool@23@@Z 000000018004ad88     frontend.obj
 0004:00001d94       $pdata$?get@?$LocalLOCImpl@$07$0CA@@internal@rml@@QEAAPEAULargeMemoryBlock@23@_K@Z 000000018004ad94     frontend.obj
 0004:00001da0       $pdata$?externalCleanup@?$LocalLOCImpl@$07$0CA@@internal@rml@@QEAA_NPEAUExtMemoryPool@23@@Z 000000018004ada0     frontend.obj
 0004:00001dac       $pdata$??0TLSData@internal@rml@@QEAA@PEAVMemoryPool@12@PEAVBackend@12@@Z 000000018004adac     frontend.obj
 0004:00001db8       $pdata$?getAllocationBin@TLSData@internal@rml@@QEAAPEAVBin@23@_K@Z 000000018004adb8     frontend.obj
 0004:00001dc4       $pdata$?externalCleanup@TLSData@internal@rml@@QEAA_N_N0@Z 000000018004adc4     frontend.obj
 0004:00001dd0       $pdata$??$releaseAll@$0A@@AllLargeBlocksList@internal@rml@@QEAAXPEAVBackend@12@@Z 000000018004add0     frontend.obj
 0004:00001ddc       $pdata$??$releaseAll@$00@AllLargeBlocksList@internal@rml@@QEAAXPEAVBackend@12@@Z 000000018004addc     frontend.obj
 0004:00001de8       $pdata$?isMallocInitialized@internal@rml@@YA_NXZ 000000018004ade8     frontend.obj
 0004:00001df4       $pdata$??$isLargeObject@$00@internal@rml@@YA_NPEAX@Z 000000018004adf4     frontend.obj
 0004:00001e00       $pdata$??$isLargeObject@$0A@@internal@rml@@YA_NPEAX@Z 000000018004ae00     frontend.obj
 0004:00001e0c       $pdata$??$is_aligned@$$CBX@internal@tbb@@YA_NPEBX_K@Z 000000018004ae0c     frontend.obj
 0004:00001e18       $pdata$??$is_aligned@UFreeObject@internal@rml@@@internal@tbb@@YA_NPEAUFreeObject@0rml@@_K@Z 000000018004ae18     frontend.obj
 0004:00001e24       $pdata$??$is_aligned@VMemoryPool@internal@rml@@@internal@tbb@@YA_NPEAVMemoryPool@0rml@@_K@Z 000000018004ae24     frontend.obj
 0004:00001e30       $pdata$??$is_aligned@X@internal@tbb@@YA_NPEAX_K@Z 000000018004ae30     frontend.obj
 0004:00001e3c       $pdata$__report_securityfailure 000000018004ae3c     MSVCRTD:gs_report.obj
 0004:00001e48       $pdata$__report_securityfailureEx 000000018004ae48     MSVCRTD:gs_report.obj
 0004:00001e54       $pdata$__report_rangecheckfailure 000000018004ae54     MSVCRTD:gs_report.obj
 0004:00001e60       $pdata$__report_gsfailure  000000018004ae60     MSVCRTD:gs_report.obj
 0004:00001e6c       $pdata$capture_current_context 000000018004ae6c     MSVCRTD:gs_report.obj
 0004:00001e78       $pdata$capture_previous_context 000000018004ae78     MSVCRTD:gs_report.obj
 0004:00001e84       $pdata$__raise_securityfailure 000000018004ae84     MSVCRTD:gs_report.obj
 0004:00001e90       $pdata$__GSHandlerCheckCommon 000000018004ae90     MSVCRTD:gshandler.obj
 0004:00001e9c       $pdata$__GSHandlerCheck    000000018004ae9c     MSVCRTD:gshandler.obj
 0004:00001eb4       $pdata$?dllmain_crt_process_attach@@YAHQEAUHINSTANCE__@@QEAX@Z 000000018004aeb4     MSVCRTD:dll_dllmain.obj
 0004:00001ec0       $pdata$?fin$0@?0??dllmain_crt_process_attach@@YAHQEAUHINSTANCE__@@QEAX@Z@4HA 000000018004aec0     MSVCRTD:dll_dllmain.obj
 0004:00001ecc       $pdata$?dllmain_crt_process_detach@@YAH_N@Z 000000018004aecc     MSVCRTD:dll_dllmain.obj
 0004:00001ed8       $pdata$?fin$0@?0??dllmain_crt_process_detach@@YAH_N@Z@4HA 000000018004aed8     MSVCRTD:dll_dllmain.obj
 0004:00001ee4       $pdata$?dllmain_crt_dispatch@@YAHQEAUHINSTANCE__@@KQEAX@Z 000000018004aee4     MSVCRTD:dll_dllmain.obj
 0004:00001ef0       $pdata$_CRT_INIT           000000018004aef0     MSVCRTD:dll_dllmain.obj
 0004:00001efc       $pdata$?dllmain_raw@@YAHQEAUHINSTANCE__@@KQEAX@Z 000000018004aefc     MSVCRTD:dll_dllmain.obj
 0004:00001f08       $pdata$?dllmain_dispatch@@YAHQEAUHINSTANCE__@@KQEAX@Z 000000018004af08     MSVCRTD:dll_dllmain.obj
 0004:00001f14       $pdata$?filt$0@?0??dllmain_dispatch@@YAHQEAUHINSTANCE__@@KQEAX@Z@4HA 000000018004af14     MSVCRTD:dll_dllmain.obj
 0004:00001f20       $pdata$_DllMainCRTStartup  000000018004af20     MSVCRTD:dll_dllmain.obj
 0004:00001f2c       $pdata$__security_init_cookie 000000018004af2c     MSVCRTD:gs_support.obj
 0004:00001f38       $pdata$__get_entropy       000000018004af38     MSVCRTD:gs_support.obj
 0004:00001f44       $pdata$?__scrt_initialize_type_info@@YAXXZ 000000018004af44     MSVCRTD:tncleanup.obj
 0004:00001f50       $pdata$?__scrt_uninitialize_type_info@@YAXXZ 000000018004af50     MSVCRTD:tncleanup.obj
 0004:00001f5c       $pdata$__scrt_initialize_default_local_stdio_options 000000018004af5c     MSVCRTD:default_local_stdio_options.obj
 0004:00001f68       $pdata$atexit              000000018004af68     MSVCRTD:utility.obj
 0004:00001f74       $pdata$_onexit             000000018004af74     MSVCRTD:utility.obj
 0004:00001f80       $pdata$at_quick_exit       000000018004af80     MSVCRTD:utility.obj
 0004:00001f8c       $pdata$__scrt_is_nonwritable_in_current_image 000000018004af8c     MSVCRTD:utility.obj
 0004:00001f98       $pdata$__scrt_is_nonwritable_in_current_image$filt$0 000000018004af98     MSVCRTD:utility.obj
 0004:00001fa4       $pdata$__scrt_acquire_startup_lock 000000018004afa4     MSVCRTD:utility.obj
 0004:00001fb0       $pdata$__scrt_release_startup_lock 000000018004afb0     MSVCRTD:utility.obj
 0004:00001fbc       $pdata$__scrt_initialize_crt 000000018004afbc     MSVCRTD:utility.obj
 0004:00001fc8       $pdata$__scrt_uninitialize_crt 000000018004afc8     MSVCRTD:utility.obj
 0004:00001fd4       $pdata$__scrt_initialize_onexit_tables 000000018004afd4     MSVCRTD:utility.obj
 0004:00001fe0       $pdata$__scrt_dllmain_exception_filter 000000018004afe0     MSVCRTD:utility.obj
 0004:00001fec       $pdata$__scrt_dllmain_before_initialize_c 000000018004afec     MSVCRTD:utility.obj
 0004:00001ff8       $pdata$__scrt_dllmain_after_initialize_c 000000018004aff8     MSVCRTD:utility.obj
 0004:00002004       $pdata$__scrt_dllmain_uninitialize_c 000000018004b004     MSVCRTD:utility.obj
 0004:00002010       $pdata$__scrt_dllmain_uninitialize_critical 000000018004b010     MSVCRTD:utility.obj
 0004:0000201c       $pdata$__scrt_dllmain_crt_thread_attach 000000018004b01c     MSVCRTD:utility.obj
 0004:00002028       $pdata$__scrt_dllmain_crt_thread_detach 000000018004b028     MSVCRTD:utility.obj
 0004:00002034       $pdata$?configure_argv@__scrt_narrow_argv_policy@@SAHXZ 000000018004b034     MSVCRTD:utility.obj
 0004:00002040       $pdata$?initialize_environment@__scrt_narrow_environment_policy@@SAHXZ 000000018004b040     MSVCRTD:utility.obj
 0004:0000204c       $pdata$?is_potentially_valid_image_base@@YA_NQEAX@Z 000000018004b04c     MSVCRTD:utility.obj
 0004:00002058       $pdata$?find_pe_section@@YAPEAU_IMAGE_SECTION_HEADER@@QEAE_K@Z 000000018004b058     MSVCRTD:utility.obj
 0004:00002064       $pdata$??$__crt_fast_decode_pointer@PEAP6AXXZ@@YAPEAP6AXXZQEAP6AXXZ@Z 000000018004b064     MSVCRTD:utility.obj
 0004:00002070       $pdata$??$__crt_fast_encode_pointer@PEAP6AXXZ@@YAPEAP6AXXZQEAP6AXXZ@Z 000000018004b070     MSVCRTD:utility.obj
 0004:0000207c       $pdata$__scrt_get_show_window_mode 000000018004b07c     MSVCRTD:utility_desktop.obj
 0004:00002088       $pdata$__scrt_is_managed_app 000000018004b088     MSVCRTD:utility_desktop.obj
 0004:00002094       $pdata$__scrt_initialize_mta 000000018004b094     MSVCRTD:utility_desktop.obj
 0004:000020a0       $pdata$__scrt_set_unhandled_exception_filter 000000018004b0a0     MSVCRTD:utility_desktop.obj
 0004:000020ac       $pdata$__scrt_fastfail     000000018004b0ac     MSVCRTD:utility_desktop.obj
 0004:000020b8       $pdata$__scrt_unhandled_exception_filter 000000018004b0b8     MSVCRTD:utility_desktop.obj
 0004:000020c4       $pdata$_RTC_Initialize     000000018004b0c4     MSVCRTD:initsect.obj
 0004:000020d0       $pdata$_RTC_Terminate      000000018004b0d0     MSVCRTD:initsect.obj
 0004:000020dc       $pdata$ReadNoFence64       000000018004b0dc     MSVCRTD:guard_support.obj
 0004:000020e8       $pdata$ReadPointerNoFence  000000018004b0e8     MSVCRTD:guard_support.obj
 0004:000020f4       $pdata$_guard_icall_checks_enforced 000000018004b0f4     MSVCRTD:guard_support.obj
 0004:00002100       $pdata$__isa_available_init 000000018004b100     MSVCRTD:cpu_disp.obj
 0004:0000210c       $pdata$__scrt_is_ucrt_dll_in_use 000000018004b10c     MSVCRTD:ucrt_detection.obj
 0005:000000a0       $R000000                   000000018004c0a0     tbbmalloc.res
 0005:00000468       $R0003C8                   000000018004c468     tbbmalloc.res
